Archive member included to satisfy reference by file (symbol)

/usr/local/Cellar/avr-gcc/4.9.3/lib/gcc/avr/4.9.3/../../../../avr/lib/avr5/libm.a(fixsfsi.o)
                              ../../.build/obj_preonic_default/common/mousekey.o (__fixsfsi)
/usr/local/Cellar/avr-gcc/4.9.3/lib/gcc/avr/4.9.3/../../../../avr/lib/avr5/libm.a(fixunssfsi.o)
                              /usr/local/Cellar/avr-gcc/4.9.3/lib/gcc/avr/4.9.3/../../../../avr/lib/avr5/libm.a(fixsfsi.o) (__fixunssfsi)
/usr/local/Cellar/avr-gcc/4.9.3/lib/gcc/avr/4.9.3/../../../../avr/lib/avr5/libm.a(floatsisf.o)
                              ../../.build/obj_preonic_default/common/mousekey.o (__floatsisf)
/usr/local/Cellar/avr-gcc/4.9.3/lib/gcc/avr/4.9.3/../../../../avr/lib/avr5/libm.a(fp_split3.o)
                              /usr/local/Cellar/avr-gcc/4.9.3/lib/gcc/avr/4.9.3/../../../../avr/lib/avr5/libm.a(fixunssfsi.o) (__fp_splitA)
/usr/local/Cellar/avr-gcc/4.9.3/lib/gcc/avr/4.9.3/../../../../avr/lib/avr5/libm.a(fp_zero.o)
                              /usr/local/Cellar/avr-gcc/4.9.3/lib/gcc/avr/4.9.3/../../../../avr/lib/avr5/libm.a(fixunssfsi.o) (__fp_zero)
/usr/local/Cellar/avr-gcc/4.9.3/lib/gcc/avr/4.9.3/../../../../avr/lib/avr5/libm.a(mulsf3.o)
                              ../../.build/obj_preonic_default/common/mousekey.o (__mulsf3)
/usr/local/Cellar/avr-gcc/4.9.3/lib/gcc/avr/4.9.3/../../../../avr/lib/avr5/libm.a(mulsf3x.o)
                              /usr/local/Cellar/avr-gcc/4.9.3/lib/gcc/avr/4.9.3/../../../../avr/lib/avr5/libm.a(mulsf3.o) (__mulsf3x)
/usr/local/Cellar/avr-gcc/4.9.3/lib/gcc/avr/4.9.3/../../../../avr/lib/avr5/libm.a(fp_inf.o)
                              /usr/local/Cellar/avr-gcc/4.9.3/lib/gcc/avr/4.9.3/../../../../avr/lib/avr5/libm.a(mulsf3x.o) (__fp_inf)
/usr/local/Cellar/avr-gcc/4.9.3/lib/gcc/avr/4.9.3/../../../../avr/lib/avr5/libm.a(fp_nan.o)
                              /usr/local/Cellar/avr-gcc/4.9.3/lib/gcc/avr/4.9.3/../../../../avr/lib/avr5/libm.a(mulsf3x.o) (__fp_nan)
/usr/local/Cellar/avr-gcc/4.9.3/lib/gcc/avr/4.9.3/../../../../avr/lib/avr5/libm.a(fp_pscA.o)
                              /usr/local/Cellar/avr-gcc/4.9.3/lib/gcc/avr/4.9.3/../../../../avr/lib/avr5/libm.a(mulsf3x.o) (__fp_pscA)
/usr/local/Cellar/avr-gcc/4.9.3/lib/gcc/avr/4.9.3/../../../../avr/lib/avr5/libm.a(fp_pscB.o)
                              /usr/local/Cellar/avr-gcc/4.9.3/lib/gcc/avr/4.9.3/../../../../avr/lib/avr5/libm.a(mulsf3x.o) (__fp_pscB)
/usr/local/Cellar/avr-gcc/4.9.3/lib/gcc/avr/4.9.3/../../../../avr/lib/avr5/libm.a(fp_round.o)
                              /usr/local/Cellar/avr-gcc/4.9.3/lib/gcc/avr/4.9.3/../../../../avr/lib/avr5/libm.a(mulsf3.o) (__fp_round)
/usr/local/Cellar/avr-gcc/4.9.3/lib/gcc/avr/4.9.3/avr5/libgcc.a(_divmodhi4.o)
                              ../../.build/obj_preonic_default/common/mousekey.o (__divmodhi4)
/usr/local/Cellar/avr-gcc/4.9.3/lib/gcc/avr/4.9.3/avr5/libgcc.a(_exit.o)
                              /usr/local/Cellar/avr-gcc/4.9.3/lib/gcc/avr/4.9.3/../../../../avr/lib/avr5/crtm32u4.o (exit)
/usr/local/Cellar/avr-gcc/4.9.3/lib/gcc/avr/4.9.3/avr5/libgcc.a(_tablejump2.o)
                              ../../.build/obj_preonic_default/common/action.o (__tablejump2__)
/usr/local/Cellar/avr-gcc/4.9.3/lib/gcc/avr/4.9.3/avr5/libgcc.a(_copy_data.o)
                              ../../.build/obj_preonic_default/quantum/matrix.o (__do_copy_data)
/usr/local/Cellar/avr-gcc/4.9.3/lib/gcc/avr/4.9.3/avr5/libgcc.a(_clear_bss.o)
                              ../../.build/obj_preonic_default/quantum/quantum.o (__do_clear_bss)
/usr/local/Cellar/avr-gcc/4.9.3/lib/gcc/avr/4.9.3/avr5/libgcc.a(_udivmodhi4.o)
                              /usr/local/Cellar/avr-gcc/4.9.3/lib/gcc/avr/4.9.3/avr5/libgcc.a(_divmodhi4.o) (__udivmodhi4)
/usr/local/Cellar/avr-gcc/4.9.3/lib/gcc/avr/4.9.3/../../../../avr/lib/avr5/libc.a(eerd_byte_at90can32.o)
                              ../../.build/obj_preonic_default/common/eeconfig.o (eeprom_read_byte)
/usr/local/Cellar/avr-gcc/4.9.3/lib/gcc/avr/4.9.3/../../../../avr/lib/avr5/libc.a(eerd_word_at90can32.o)
                              ../../.build/obj_preonic_default/common/eeconfig.o (eeprom_read_word)
/usr/local/Cellar/avr-gcc/4.9.3/lib/gcc/avr/4.9.3/../../../../avr/lib/avr5/libc.a(eeupd_byte_at90can32.o)
                              ../../.build/obj_preonic_default/common/eeconfig.o (eeprom_update_byte)
/usr/local/Cellar/avr-gcc/4.9.3/lib/gcc/avr/4.9.3/../../../../avr/lib/avr5/libc.a(eeupd_word_at90can32.o)
                              ../../.build/obj_preonic_default/common/eeconfig.o (eeprom_update_word)
/usr/local/Cellar/avr-gcc/4.9.3/lib/gcc/avr/4.9.3/../../../../avr/lib/avr5/libc.a(eerd_block_at90can64.o)
                              /usr/local/Cellar/avr-gcc/4.9.3/lib/gcc/avr/4.9.3/../../../../avr/lib/avr5/libc.a(eerd_word_at90can32.o) (eeprom_read_blraw)

Allocating common symbols
Common symbol       size              file

[...]
Memory Configuration

Name             Origin             Length             Attributes
text             0x0000000000000000 0x0000000000020000 xr
data             0x0000000000800060 0x000000000000ffa0 rw !x
eeprom           0x0000000000810000 0x0000000000010000 rw !x
fuse             0x0000000000820000 0x0000000000000400 rw !x
lock             0x0000000000830000 0x0000000000000400 rw !x
signature        0x0000000000840000 0x0000000000000400 rw !x
*default*        0x0000000000000000 0xffffffffffffffff

Linker script and memory map

Address of section .data set to 0x800100
LOAD /usr/local/Cellar/avr-gcc/4.9.3/lib/gcc/avr/4.9.3/../../../../avr/lib/avr5/crtm32u4.o
LOAD ../../.build/obj_preonic_default/keyboards/preonic/preonic.o
LOAD ../../.build/obj_preonic_default/keyboards/preonic/keymaps/default/keymap.o
LOAD ../../.build/obj_preonic_default/quantum/quantum.o
LOAD ../../.build/obj_preonic_default/quantum/keymap_common.o
LOAD ../../.build/obj_preonic_default/quantum/keycode_config.o
LOAD ../../.build/obj_preonic_default/quantum/process_keycode/process_leader.o
LOAD ../../.build/obj_preonic_default/quantum/matrix.o
LOAD ../../.build/obj_preonic_default/common/host.o
LOAD ../../.build/obj_preonic_default/common/keyboard.o
LOAD ../../.build/obj_preonic_default/common/action.o
LOAD ../../.build/obj_preonic_default/common/action_tapping.o
LOAD ../../.build/obj_preonic_default/common/action_macro.o
LOAD ../../.build/obj_preonic_default/common/action_layer.o
LOAD ../../.build/obj_preonic_default/common/action_util.o
LOAD ../../.build/obj_preonic_default/common/print.o
LOAD ../../.build/obj_preonic_default/common/debug.o
LOAD ../../.build/obj_preonic_default/common/util.o
LOAD ../../.build/obj_preonic_default/common/eeconfig.o
LOAD ../../.build/obj_preonic_default/common/avr/suspend.o
LOAD ../../.build/obj_preonic_default/common/avr/timer.o
LOAD ../../.build/obj_preonic_default/common/avr/bootloader.o
LOAD ../../.build/obj_preonic_default/common/avr/xprintf.o
LOAD ../../.build/obj_preonic_default/common/magic.o
LOAD ../../.build/obj_preonic_default/common/mousekey.o
LOAD ../../.build/obj_preonic_default/common/command.o
LOAD ../../.build/obj_preonic_default/common/backlight.o
LOAD ../../.build/obj_preonic_default/lufa.o
LOAD ../../.build/obj_preonic_default/descriptor.o
LOAD ../../.build/obj_preonic_default/protocol/lufa/LUFA-git/LUFA/Drivers/USB/Class/Common/HIDParser.o
LOAD ../../.build/obj_preonic_default/protocol/lufa/LUFA-git/LUFA/Drivers/USB/Core/AVR8/Device_AVR8.o
LOAD ../../.build/obj_preonic_default/protocol/lufa/LUFA-git/LUFA/Drivers/USB/Core/AVR8/EndpointStream_AVR8.o
LOAD ../../.build/obj_preonic_default/protocol/lufa/LUFA-git/LUFA/Drivers/USB/Core/AVR8/Endpoint_AVR8.o
LOAD ../../.build/obj_preonic_default/protocol/lufa/LUFA-git/LUFA/Drivers/USB/Core/AVR8/Host_AVR8.o
LOAD ../../.build/obj_preonic_default/protocol/lufa/LUFA-git/LUFA/Drivers/USB/Core/AVR8/PipeStream_AVR8.o
LOAD ../../.build/obj_preonic_default/protocol/lufa/LUFA-git/LUFA/Drivers/USB/Core/AVR8/Pipe_AVR8.o
LOAD ../../.build/obj_preonic_default/protocol/lufa/LUFA-git/LUFA/Drivers/USB/Core/AVR8/USBController_AVR8.o
LOAD ../../.build/obj_preonic_default/protocol/lufa/LUFA-git/LUFA/Drivers/USB/Core/AVR8/USBInterrupt_AVR8.o
LOAD ../../.build/obj_preonic_default/protocol/lufa/LUFA-git/LUFA/Drivers/USB/Core/ConfigDescriptors.o
LOAD ../../.build/obj_preonic_default/protocol/lufa/LUFA-git/LUFA/Drivers/USB/Core/DeviceStandardReq.o
LOAD ../../.build/obj_preonic_default/protocol/lufa/LUFA-git/LUFA/Drivers/USB/Core/Events.o
LOAD ../../.build/obj_preonic_default/protocol/lufa/LUFA-git/LUFA/Drivers/USB/Core/HostStandardReq.o
LOAD ../../.build/obj_preonic_default/protocol/lufa/LUFA-git/LUFA/Drivers/USB/Core/USBTask.o
LOAD /usr/local/Cellar/avr-gcc/4.9.3/lib/gcc/avr/4.9.3/../../../../avr/lib/avr5/libm.a
START GROUP
LOAD /usr/local/Cellar/avr-gcc/4.9.3/lib/gcc/avr/4.9.3/avr5/libgcc.a
LOAD /usr/local/Cellar/avr-gcc/4.9.3/lib/gcc/avr/4.9.3/../../../../avr/lib/avr5/libm.a
LOAD /usr/local/Cellar/avr-gcc/4.9.3/lib/gcc/avr/4.9.3/../../../../avr/lib/avr5/libc.a
END GROUP

.hash
 *(.hash)

.dynsym
 *(.dynsym)

.dynstr
 *(.dynstr)

.gnu.version
 *(.gnu.version)

.gnu.version_d
 *(.gnu.version_d)

.gnu.version_r
 *(.gnu.version_r)

.rel.init
 *(.rel.init)

.rela.init
 *(.rela.init)

.rel.text
 *(.rel.text)
 *(.rel.text.*)
 *(.rel.gnu.linkonce.t*)

.rela.text
 *(.rela.text)
 *(.rela.text.*)
 *(.rela.gnu.linkonce.t*)

.rel.fini
 *(.rel.fini)

.rela.fini
 *(.rela.fini)

.rel.rodata
 *(.rel.rodata)
 *(.rel.rodata.*)
 *(.rel.gnu.linkonce.r*)

.rela.rodata
 *(.rela.rodata)
 *(.rela.rodata.*)
 *(.rela.gnu.linkonce.r*)

.rel.data
 *(.rel.data)
 *(.rel.data.*)
 *(.rel.gnu.linkonce.d*)

.rela.data
 *(.rela.data)
 *(.rela.data.*)
 *(.rela.gnu.linkonce.d*)

.rel.ctors
 *(.rel.ctors)

.rela.ctors
 *(.rela.ctors)

.rel.dtors
 *(.rel.dtors)

.rela.dtors
 *(.rela.dtors)

.rel.got
 *(.rel.got)

.rela.got
 *(.rela.got)

.rel.bss
 *(.rel.bss)

.rela.bss
 *(.rela.bss)

.rel.plt
 *(.rel.plt)

.rela.plt
 *(.rela.plt)

.text           0x0000000000000000     0x4b6a
 *(.vectors)
 .vectors       0x0000000000000000       0xac /usr/local/Cellar/avr-gcc/4.9.3/lib/gcc/avr/4.9.3/../../../../avr/lib/avr5/crtm32u4.o
                0x0000000000000000                __vectors
                0x0000000000000000                __vector_default
 *(.vectors)
 *(.progmem.gcc*)
 .progmem.gcc_sw_table.process_action
                0x00000000000000ac       0x4a ../../.build/obj_preonic_default/common/action.o
 .progmem.gcc_sw_table.USB_Device_ProcessControlRequest
                0x00000000000000f6       0x14 ../../.build/obj_preonic_default/protocol/lufa/LUFA-git/LUFA/Drivers/USB/Core/DeviceStandardReq.o
                0x000000000000010a                . = ALIGN (0x2)
                0x000000000000010a                __trampolines_start = .
 *(.trampolines)
 .trampolines   0x000000000000010a        0x0 linker stubs
 *(.trampolines*)
                0x000000000000010a                __trampolines_end = .
 *(.progmem*)
 .progmem.data.keymaps
                0x000000000000010a      0x7f8 ../../.build/obj_preonic_default/keyboards/preonic/keymaps/default/keymap.o
                0x000000000000010a                keymaps
 .progmem.data.fn_actions
                0x0000000000000902        0x0 ../../.build/obj_preonic_default/quantum/keymap_common.o
                0x0000000000000902                fn_actions
 .progmem.data.ProductString
                0x0000000000000902       0x2c ../../.build/obj_preonic_default/descriptor.o
                0x0000000000000902                ProductString
 .progmem.data.ManufacturerString
                0x000000000000092e       0x2e ../../.build/obj_preonic_default/descriptor.o
                0x000000000000092e                ManufacturerString
 .progmem.data.LanguageString
                0x000000000000095c        0x4 ../../.build/obj_preonic_default/descriptor.o
                0x000000000000095c                LanguageString
 .progmem.data.ConfigurationDescriptor
                0x0000000000000960       0x6d ../../.build/obj_preonic_default/descriptor.o
                0x0000000000000960                ConfigurationDescriptor
 .progmem.data.DeviceDescriptor
                0x00000000000009cd       0x12 ../../.build/obj_preonic_default/descriptor.o
                0x00000000000009cd                DeviceDescriptor
 .progmem.data.NKROReport
                0x00000000000009df       0x39 ../../.build/obj_preonic_default/descriptor.o
                0x00000000000009df                NKROReport
 .progmem.data.ExtrakeyReport
                0x0000000000000a18       0x36 ../../.build/obj_preonic_default/descriptor.o
                0x0000000000000a18                ExtrakeyReport
 .progmem.data.MouseReport
                0x0000000000000a4e       0x4d ../../.build/obj_preonic_default/descriptor.o
                0x0000000000000a4e                MouseReport
 .progmem.data.KeyboardReport
                0x0000000000000a9b       0x40 ../../.build/obj_preonic_default/descriptor.o
                0x0000000000000a9b                KeyboardReport
                0x0000000000000adc                . = ALIGN (0x2)
 *fill*         0x0000000000000adb        0x1 
 *(.jumptables)
 *(.jumptables*)
 *(.lowtext)
 *(.lowtext*)
                0x0000000000000adc                __ctors_start = .
 *(.ctors)
                0x0000000000000adc                __ctors_end = .
                0x0000000000000adc                __dtors_start = .
 *(.dtors)
                0x0000000000000adc                __dtors_end = .
 SORT(*)(.ctors)
 SORT(*)(.dtors)
 *(.init0)
 .init0         0x0000000000000adc        0x0 /usr/local/Cellar/avr-gcc/4.9.3/lib/gcc/avr/4.9.3/../../../../avr/lib/avr5/crtm32u4.o
                0x0000000000000adc                __init
 *(.init0)
 *(.init1)
 *(.init1)
 *(.init2)
 .init2         0x0000000000000adc        0xc /usr/local/Cellar/avr-gcc/4.9.3/lib/gcc/avr/4.9.3/../../../../avr/lib/avr5/crtm32u4.o
 *(.init2)
 *(.init3)
 .init3         0x0000000000000ae8       0x54 ../../.build/obj_preonic_default/common/avr/bootloader.o
                0x0000000000000ae8                bootloader_jump_after_watchdog_reset
 *(.init3)
 *(.init4)
 .init4         0x0000000000000b3c       0x16 /usr/local/Cellar/avr-gcc/4.9.3/lib/gcc/avr/4.9.3/avr5/libgcc.a(_copy_data.o)
                0x0000000000000b3c                __do_copy_data
 .init4         0x0000000000000b52       0x10 /usr/local/Cellar/avr-gcc/4.9.3/lib/gcc/avr/4.9.3/avr5/libgcc.a(_clear_bss.o)
                0x0000000000000b52                __do_clear_bss
 *(.init4)
 *(.init5)
 *(.init5)
 *(.init6)
 *(.init6)
 *(.init7)
 *(.init7)
 *(.init8)
 *(.init8)
 *(.init9)
 .init9         0x0000000000000b62        0x8 /usr/local/Cellar/avr-gcc/4.9.3/lib/gcc/avr/4.9.3/../../../../avr/lib/avr5/crtm32u4.o
 *(.init9)
 *(.text)
 .text          0x0000000000000b6a        0x4 /usr/local/Cellar/avr-gcc/4.9.3/lib/gcc/avr/4.9.3/../../../../avr/lib/avr5/crtm32u4.o
                0x0000000000000b6a                __vector_42
                0x0000000000000b6a                __vector_22
                0x0000000000000b6a                __vector_28
                0x0000000000000b6a                __vector_1
                0x0000000000000b6a                __vector_32
                0x0000000000000b6a                __vector_34
                0x0000000000000b6a                __vector_24
                0x0000000000000b6a                __bad_interrupt
                0x0000000000000b6a                __vector_6
                0x0000000000000b6a                __vector_31
                0x0000000000000b6a                __vector_35
                0x0000000000000b6a                __vector_39
                0x0000000000000b6a                __vector_3
                0x0000000000000b6a                __vector_23
                0x0000000000000b6a                __vector_30
                0x0000000000000b6a                __vector_25
                0x0000000000000b6a                __vector_13
                0x0000000000000b6a                __vector_17
                0x0000000000000b6a                __vector_19
                0x0000000000000b6a                __vector_7
                0x0000000000000b6a                __vector_41
                0x0000000000000b6a                __vector_27
                0x0000000000000b6a                __vector_5
                0x0000000000000b6a                __vector_33
                0x0000000000000b6a                __vector_37
                0x0000000000000b6a                __vector_4
                0x0000000000000b6a                __vector_9
                0x0000000000000b6a                __vector_2
                0x0000000000000b6a                __vector_15
                0x0000000000000b6a                __vector_36
                0x0000000000000b6a                __vector_29
                0x0000000000000b6a                __vector_40
                0x0000000000000b6a                __vector_8
                0x0000000000000b6a                __vector_26
                0x0000000000000b6a                __vector_14
                0x0000000000000b6a                __vector_16
                0x0000000000000b6a                __vector_18
                0x0000000000000b6a                __vector_20
                0x0000000000000b6a                __vector_38
                0x0000000000000b6e                . = ALIGN (0x2)
 *(.text.*)
 .text.matrix_init_kb
                0x0000000000000b6e        0x8 ../../.build/obj_preonic_default/keyboards/preonic/preonic.o
                0x0000000000000b6e                matrix_init_kb
 .text.persistant_default_layer_set
                0x0000000000000b76       0x18 ../../.build/obj_preonic_default/keyboards/preonic/keymaps/default/keymap.o
                0x0000000000000b76                persistant_default_layer_set
 .text.process_record_user
                0x0000000000000b8e       0xa8 ../../.build/obj_preonic_default/keyboards/preonic/keymaps/default/keymap.o
                0x0000000000000b8e                process_record_user
 .text.matrix_init_user
                0x0000000000000c36        0x2 ../../.build/obj_preonic_default/keyboards/preonic/keymaps/default/keymap.o
                0x0000000000000c36                matrix_init_user
 .text.process_action_kb
                0x0000000000000c38        0x4 ../../.build/obj_preonic_default/quantum/quantum.o
                0x0000000000000c38                process_action_kb
 .text.process_record_kb
                0x0000000000000c3c        0x4 ../../.build/obj_preonic_default/quantum/quantum.o
                0x0000000000000c3c                process_record_kb
 .text.reset_keyboard
                0x0000000000000c40       0x1a ../../.build/obj_preonic_default/quantum/quantum.o
                0x0000000000000c40                reset_keyboard
 .text.process_record_quantum
                0x0000000000000c5a      0x24c ../../.build/obj_preonic_default/quantum/quantum.o
                0x0000000000000c5a                process_record_quantum
 .text.update_tri_layer
                0x0000000000000ea6       0x80 ../../.build/obj_preonic_default/quantum/quantum.o
                0x0000000000000ea6                update_tri_layer
 .text.matrix_scan_quantum
                0x0000000000000f26        0x4 ../../.build/obj_preonic_default/quantum/quantum.o
                0x0000000000000f26                matrix_scan_quantum
 .text.backlight_init_ports
                0x0000000000000f2a       0x20 ../../.build/obj_preonic_default/quantum/quantum.o
                0x0000000000000f2a                backlight_init_ports
 .text.matrix_init_quantum
                0x0000000000000f4a        0x8 ../../.build/obj_preonic_default/quantum/quantum.o
                0x0000000000000f4a                matrix_init_quantum
 .text.backlight_set
                0x0000000000000f52       0x54 ../../.build/obj_preonic_default/quantum/quantum.o
                0x0000000000000f52                backlight_set
 .text.led_set_user
                0x0000000000000fa6        0x2 ../../.build/obj_preonic_default/quantum/quantum.o
                0x0000000000000fa6                led_set_user
 .text.led_set_kb
                0x0000000000000fa8        0x4 ../../.build/obj_preonic_default/quantum/quantum.o
                0x0000000000000fa8                led_set_kb
 .text.led_set  0x0000000000000fac        0x4 ../../.build/obj_preonic_default/quantum/quantum.o
                0x0000000000000fac                led_set
 .text.action_for_key
                0x0000000000000fb0      0x35e ../../.build/obj_preonic_default/quantum/keymap_common.o
                0x0000000000000fb0                action_for_key
 .text.action_get_macro
                0x000000000000130e        0x6 ../../.build/obj_preonic_default/quantum/keymap_common.o
                0x000000000000130e                action_get_macro
 .text.action_function
                0x0000000000001314        0x2 ../../.build/obj_preonic_default/quantum/keymap_common.o
                0x0000000000001314                action_function
 .text.keymap_key_to_keycode
                0x0000000000001316       0x24 ../../.build/obj_preonic_default/quantum/keymap_common.o
                0x0000000000001316                keymap_key_to_keycode
 .text.keycode_config
                0x000000000000133a       0xfa ../../.build/obj_preonic_default/quantum/keycode_config.o
                0x000000000000133a                keycode_config
 .text.leader_start
                0x0000000000001434        0x2 ../../.build/obj_preonic_default/quantum/process_keycode/process_leader.o
                0x0000000000001434                leader_start
 .text.process_leader
                0x0000000000001436       0x9e ../../.build/obj_preonic_default/quantum/process_keycode/process_leader.o
                0x0000000000001436                process_leader
 .text.unselect_rows
                0x00000000000014d4       0x42 ../../.build/obj_preonic_default/quantum/matrix.o
 .text.matrix_scan_user
                0x0000000000001516        0x2 ../../.build/obj_preonic_default/quantum/matrix.o
                0x0000000000001516                matrix_scan_user
 .text.matrix_scan_kb
                0x0000000000001518        0x4 ../../.build/obj_preonic_default/quantum/matrix.o
                0x0000000000001518                matrix_scan_kb
 .text.matrix_init
                0x000000000000151c       0x6c ../../.build/obj_preonic_default/quantum/matrix.o
                0x000000000000151c                matrix_init
 .text.matrix_scan
                0x0000000000001588      0x12c ../../.build/obj_preonic_default/quantum/matrix.o
                0x0000000000001588                matrix_scan
 .text.matrix_get_row
                0x00000000000016b4       0x12 ../../.build/obj_preonic_default/quantum/matrix.o
                0x00000000000016b4                matrix_get_row
 .text.matrix_print
                0x00000000000016c6        0x2 ../../.build/obj_preonic_default/quantum/matrix.o
                0x00000000000016c6                matrix_print
 .text.host_set_driver
                0x00000000000016c8        0xa ../../.build/obj_preonic_default/common/host.o
                0x00000000000016c8                host_set_driver
 .text.host_keyboard_leds
                0x00000000000016d2       0x18 ../../.build/obj_preonic_default/common/host.o
                0x00000000000016d2                host_keyboard_leds
 .text.host_keyboard_send
                0x00000000000016ea       0x16 ../../.build/obj_preonic_default/common/host.o
                0x00000000000016ea                host_keyboard_send
 .text.host_mouse_send
                0x0000000000001700       0x16 ../../.build/obj_preonic_default/common/host.o
                0x0000000000001700                host_mouse_send
 .text.host_system_send
                0x0000000000001716       0x2c ../../.build/obj_preonic_default/common/host.o
                0x0000000000001716                host_system_send
 .text.host_consumer_send
                0x0000000000001742       0x2c ../../.build/obj_preonic_default/common/host.o
                0x0000000000001742                host_consumer_send
 .text.matrix_setup
                0x000000000000176e        0x2 ../../.build/obj_preonic_default/common/keyboard.o
                0x000000000000176e                matrix_setup
 .text.keyboard_setup
                0x0000000000001770        0x4 ../../.build/obj_preonic_default/common/keyboard.o
                0x0000000000001770                keyboard_setup
 .text.keyboard_init
                0x0000000000001774       0x18 ../../.build/obj_preonic_default/common/keyboard.o
                0x0000000000001774                keyboard_init
 .text.keyboard_task
                0x000000000000178c      0x172 ../../.build/obj_preonic_default/common/keyboard.o
                0x000000000000178c                keyboard_task
 .text.action_exec
                0x00000000000018fe       0x5c ../../.build/obj_preonic_default/common/action.o
                0x00000000000018fe                action_exec
 .text.register_code
                0x000000000000195a      0x1a6 ../../.build/obj_preonic_default/common/action.o
                0x000000000000195a                register_code
 .text.unregister_code
                0x0000000000001b00       0x9e ../../.build/obj_preonic_default/common/action.o
                0x0000000000001b00                unregister_code
 .text.register_mods
                0x0000000000001b9e        0xe ../../.build/obj_preonic_default/common/action.o
                0x0000000000001b9e                register_mods
 .text.unregister_mods
                0x0000000000001bac        0xe ../../.build/obj_preonic_default/common/action.o
                0x0000000000001bac                unregister_mods
 .text.process_action
                0x0000000000001bba      0x496 ../../.build/obj_preonic_default/common/action.o
                0x0000000000001bba                process_action
 .text.process_record
                0x0000000000002050       0x4e ../../.build/obj_preonic_default/common/action.o
                0x0000000000002050                process_record
 .text.clear_keyboard_but_mods
                0x000000000000209e       0x28 ../../.build/obj_preonic_default/common/action.o
                0x000000000000209e                clear_keyboard_but_mods
 .text.clear_keyboard
                0x00000000000020c6        0x8 ../../.build/obj_preonic_default/common/action.o
                0x00000000000020c6                clear_keyboard
 .text.is_tap_key
                0x00000000000020ce       0x54 ../../.build/obj_preonic_default/common/action.o
                0x00000000000020ce                is_tap_key
 .text.debug_event
                0x0000000000002122       0x1e ../../.build/obj_preonic_default/common/action.o
                0x0000000000002122                debug_event
 .text.debug_record
                0x0000000000002140       0x20 ../../.build/obj_preonic_default/common/action.o
                0x0000000000002140                debug_record
 .text.debug_waiting_buffer
                0x0000000000002160       0x42 ../../.build/obj_preonic_default/common/action_tapping.o
 .text.debug_tapping_key
                0x00000000000021a2       0x1c ../../.build/obj_preonic_default/common/action_tapping.o
 .text.waiting_buffer_scan_tap
                0x00000000000021be       0xb6 ../../.build/obj_preonic_default/common/action_tapping.o
 .text.process_tapping
                0x0000000000002274      0x38e ../../.build/obj_preonic_default/common/action_tapping.o
 .text.action_tapping_process
                0x0000000000002602      0x148 ../../.build/obj_preonic_default/common/action_tapping.o
                0x0000000000002602                action_tapping_process
 .text.action_macro_play
                0x000000000000274a       0xfa ../../.build/obj_preonic_default/common/action_macro.o
                0x000000000000274a                action_macro_play
 .text.default_layer_debug
                0x0000000000002844        0x2 ../../.build/obj_preonic_default/common/action_layer.o
                0x0000000000002844                default_layer_debug
 .text.default_layer_set
                0x0000000000002846       0x14 ../../.build/obj_preonic_default/common/action_layer.o
                0x0000000000002846                default_layer_set
 .text.default_layer_or
                0x000000000000285a       0x38 ../../.build/obj_preonic_default/common/action_layer.o
                0x000000000000285a                default_layer_or
 .text.default_layer_and
                0x0000000000002892       0x38 ../../.build/obj_preonic_default/common/action_layer.o
                0x0000000000002892                default_layer_and
 .text.default_layer_xor
                0x00000000000028ca       0x38 ../../.build/obj_preonic_default/common/action_layer.o
                0x00000000000028ca                default_layer_xor
 .text.layer_clear
                0x0000000000002902       0x14 ../../.build/obj_preonic_default/common/action_layer.o
                0x0000000000002902                layer_clear
 .text.layer_move
                0x0000000000002916       0x2a ../../.build/obj_preonic_default/common/action_layer.o
                0x0000000000002916                layer_move
 .text.layer_on
                0x0000000000002940       0x42 ../../.build/obj_preonic_default/common/action_layer.o
                0x0000000000002940                layer_on
 .text.layer_off
                0x0000000000002982       0x4a ../../.build/obj_preonic_default/common/action_layer.o
                0x0000000000002982                layer_off
 .text.layer_invert
                0x00000000000029cc       0x42 ../../.build/obj_preonic_default/common/action_layer.o
                0x00000000000029cc                layer_invert
 .text.layer_or
                0x0000000000002a0e       0x38 ../../.build/obj_preonic_default/common/action_layer.o
                0x0000000000002a0e                layer_or
 .text.layer_and
                0x0000000000002a46       0x38 ../../.build/obj_preonic_default/common/action_layer.o
                0x0000000000002a46                layer_and
 .text.layer_xor
                0x0000000000002a7e       0x38 ../../.build/obj_preonic_default/common/action_layer.o
                0x0000000000002a7e                layer_xor
 .text.layer_debug
                0x0000000000002ab6        0x2 ../../.build/obj_preonic_default/common/action_layer.o
                0x0000000000002ab6                layer_debug
 .text.layer_switch_get_layer
                0x0000000000002ab8       0x7e ../../.build/obj_preonic_default/common/action_layer.o
                0x0000000000002ab8                layer_switch_get_layer
 .text.layer_switch_get_action
                0x0000000000002b36       0x16 ../../.build/obj_preonic_default/common/action_layer.o
                0x0000000000002b36                layer_switch_get_action
 .text.store_or_get_action
                0x0000000000002b4c        0x8 ../../.build/obj_preonic_default/common/action_layer.o
                0x0000000000002b4c                store_or_get_action
 .text.get_oneshot_layer
                0x0000000000002b54        0xc ../../.build/obj_preonic_default/common/action_util.o
                0x0000000000002b54                get_oneshot_layer
 .text.get_oneshot_layer_state
                0x0000000000002b60        0x8 ../../.build/obj_preonic_default/common/action_util.o
                0x0000000000002b60                get_oneshot_layer_state
 .text.set_oneshot_layer
                0x0000000000002b68       0x12 ../../.build/obj_preonic_default/common/action_util.o
                0x0000000000002b68                set_oneshot_layer
 .text.clear_oneshot_layer_state
                0x0000000000002b7a       0x2e ../../.build/obj_preonic_default/common/action_util.o
                0x0000000000002b7a                clear_oneshot_layer_state
 .text.is_oneshot_layer_active
                0x0000000000002ba8        0xe ../../.build/obj_preonic_default/common/action_util.o
                0x0000000000002ba8                is_oneshot_layer_active
 .text.add_key  0x0000000000002bb6       0x84 ../../.build/obj_preonic_default/common/action_util.o
                0x0000000000002bb6                add_key
 .text.del_key  0x0000000000002c3a       0x6c ../../.build/obj_preonic_default/common/action_util.o
                0x0000000000002c3a                del_key
 .text.clear_keys
                0x0000000000002ca6       0x1c ../../.build/obj_preonic_default/common/action_util.o
                0x0000000000002ca6                clear_keys
 .text.add_mods
                0x0000000000002cc2        0xc ../../.build/obj_preonic_default/common/action_util.o
                0x0000000000002cc2                add_mods
 .text.del_mods
                0x0000000000002cce        0xe ../../.build/obj_preonic_default/common/action_util.o
                0x0000000000002cce                del_mods
 .text.clear_mods
                0x0000000000002cdc        0x6 ../../.build/obj_preonic_default/common/action_util.o
                0x0000000000002cdc                clear_mods
 .text.add_weak_mods
                0x0000000000002ce2        0xc ../../.build/obj_preonic_default/common/action_util.o
                0x0000000000002ce2                add_weak_mods
 .text.del_weak_mods
                0x0000000000002cee        0xe ../../.build/obj_preonic_default/common/action_util.o
                0x0000000000002cee                del_weak_mods
 .text.clear_weak_mods
                0x0000000000002cfc        0x6 ../../.build/obj_preonic_default/common/action_util.o
                0x0000000000002cfc                clear_weak_mods
 .text.add_macro_mods
                0x0000000000002d02        0xc ../../.build/obj_preonic_default/common/action_util.o
                0x0000000000002d02                add_macro_mods
 .text.del_macro_mods
                0x0000000000002d0e        0xe ../../.build/obj_preonic_default/common/action_util.o
                0x0000000000002d0e                del_macro_mods
 .text.clear_macro_mods
                0x0000000000002d1c        0x6 ../../.build/obj_preonic_default/common/action_util.o
                0x0000000000002d1c                clear_macro_mods
 .text.set_oneshot_mods
                0x0000000000002d22        0x6 ../../.build/obj_preonic_default/common/action_util.o
                0x0000000000002d22                set_oneshot_mods
 .text.clear_oneshot_mods
                0x0000000000002d28        0x6 ../../.build/obj_preonic_default/common/action_util.o
                0x0000000000002d28                clear_oneshot_mods
 .text.has_anykey
                0x0000000000002d2e       0x22 ../../.build/obj_preonic_default/common/action_util.o
                0x0000000000002d2e                has_anykey
 .text.send_keyboard_report
                0x0000000000002d50       0x5e ../../.build/obj_preonic_default/common/action_util.o
                0x0000000000002d50                send_keyboard_report
 .text.eeconfig_init
                0x0000000000002dae       0x3e ../../.build/obj_preonic_default/common/eeconfig.o
                0x0000000000002dae                eeconfig_init
 .text.eeconfig_is_enabled
                0x0000000000002dec       0x16 ../../.build/obj_preonic_default/common/eeconfig.o
                0x0000000000002dec                eeconfig_is_enabled
 .text.eeconfig_read_debug
                0x0000000000002e02        0x8 ../../.build/obj_preonic_default/common/eeconfig.o
                0x0000000000002e02                eeconfig_read_debug
 .text.eeconfig_read_default_layer
                0x0000000000002e0a        0x8 ../../.build/obj_preonic_default/common/eeconfig.o
                0x0000000000002e0a                eeconfig_read_default_layer
 .text.eeconfig_update_default_layer
                0x0000000000002e12        0xa ../../.build/obj_preonic_default/common/eeconfig.o
                0x0000000000002e12                eeconfig_update_default_layer
 .text.eeconfig_read_keymap
                0x0000000000002e1c        0x8 ../../.build/obj_preonic_default/common/eeconfig.o
                0x0000000000002e1c                eeconfig_read_keymap
 .text.eeconfig_update_keymap
                0x0000000000002e24        0xa ../../.build/obj_preonic_default/common/eeconfig.o
                0x0000000000002e24                eeconfig_update_keymap
 .text.eeconfig_read_backlight
                0x0000000000002e2e        0x8 ../../.build/obj_preonic_default/common/eeconfig.o
                0x0000000000002e2e                eeconfig_read_backlight
 .text.eeconfig_update_backlight
                0x0000000000002e36        0xa ../../.build/obj_preonic_default/common/eeconfig.o
                0x0000000000002e36                eeconfig_update_backlight
 .text.suspend_power_down
                0x0000000000002e40       0x5e ../../.build/obj_preonic_default/common/avr/suspend.o
                0x0000000000002e40                suspend_power_down
 .text.matrix_power_up
                0x0000000000002e9e        0x2 ../../.build/obj_preonic_default/common/avr/suspend.o
                0x0000000000002e9e                matrix_power_up
 .text.matrix_power_down
                0x0000000000002ea0        0x2 ../../.build/obj_preonic_default/common/avr/suspend.o
                0x0000000000002ea0                matrix_power_down
 .text.suspend_wakeup_condition
                0x0000000000002ea2       0x30 ../../.build/obj_preonic_default/common/avr/suspend.o
                0x0000000000002ea2                suspend_wakeup_condition
 .text.suspend_wakeup_init
                0x0000000000002ed2       0x16 ../../.build/obj_preonic_default/common/avr/suspend.o
                0x0000000000002ed2                suspend_wakeup_init
 .text.__vector_12
                0x0000000000002ee8       0x52 ../../.build/obj_preonic_default/common/avr/suspend.o
                0x0000000000002ee8                __vector_12
 .text.timer_init
                0x0000000000002f3a       0x12 ../../.build/obj_preonic_default/common/avr/timer.o
                0x0000000000002f3a                timer_init
 .text.timer_read
                0x0000000000002f4c       0x18 ../../.build/obj_preonic_default/common/avr/timer.o
                0x0000000000002f4c                timer_read
 .text.timer_elapsed
                0x0000000000002f64       0x54 ../../.build/obj_preonic_default/common/avr/timer.o
                0x0000000000002f64                timer_elapsed
 .text.__vector_21
                0x0000000000002fb8       0x4a ../../.build/obj_preonic_default/common/avr/timer.o
                0x0000000000002fb8                __vector_21
 .text.bootloader_jump
                0x0000000000003002       0x44 ../../.build/obj_preonic_default/common/avr/bootloader.o
                0x0000000000003002                bootloader_jump
 .text.magic    0x0000000000003046       0x3c ../../.build/obj_preonic_default/common/magic.o
                0x0000000000003046                magic
 .text.move_unit
                0x0000000000003082       0x92 ../../.build/obj_preonic_default/common/mousekey.o
 .text.wheel_unit
                0x0000000000003114       0x72 ../../.build/obj_preonic_default/common/mousekey.o
 .text.mousekey_on
                0x0000000000003186       0xd0 ../../.build/obj_preonic_default/common/mousekey.o
                0x0000000000003186                mousekey_on
 .text.mousekey_off
                0x0000000000003256      0x10a ../../.build/obj_preonic_default/common/mousekey.o
                0x0000000000003256                mousekey_off
 .text.mousekey_send
                0x0000000000003360       0x16 ../../.build/obj_preonic_default/common/mousekey.o
                0x0000000000003360                mousekey_send
 .text.mousekey_task
                0x0000000000003376      0x14c ../../.build/obj_preonic_default/common/mousekey.o
                0x0000000000003376                mousekey_task
 .text.mousekey_clear
                0x00000000000034c2       0x18 ../../.build/obj_preonic_default/common/mousekey.o
                0x00000000000034c2                mousekey_clear
 .text.mousekey_param_inc
                0x00000000000034da       0xec ../../.build/obj_preonic_default/common/command.o
 .text.mousekey_param_dec
                0x00000000000035c6       0xa0 ../../.build/obj_preonic_default/common/command.o
 .text.command_common
                0x0000000000003666      0x172 ../../.build/obj_preonic_default/common/command.o
 .text.command_extra
                0x00000000000037d8        0x4 ../../.build/obj_preonic_default/common/command.o
                0x00000000000037d8                command_extra
 .text.command_console_extra
                0x00000000000037dc        0x4 ../../.build/obj_preonic_default/common/command.o
                0x00000000000037dc                command_console_extra
 .text.numkey2num
                0x00000000000037e0       0x16 ../../.build/obj_preonic_default/common/command.o
                0x00000000000037e0                numkey2num
 .text.command_proc
                0x00000000000037f6      0x12e ../../.build/obj_preonic_default/common/command.o
                0x00000000000037f6                command_proc
 .text.backlight_init
                0x0000000000003924       0x22 ../../.build/obj_preonic_default/common/backlight.o
                0x0000000000003924                backlight_init
 .text.backlight_increase
                0x0000000000003946       0x2e ../../.build/obj_preonic_default/common/backlight.o
                0x0000000000003946                backlight_increase
 .text.backlight_decrease
                0x0000000000003974       0x38 ../../.build/obj_preonic_default/common/backlight.o
                0x0000000000003974                backlight_decrease
 .text.backlight_toggle
                0x00000000000039ac       0x26 ../../.build/obj_preonic_default/common/backlight.o
                0x00000000000039ac                backlight_toggle
 .text.backlight_step
                0x00000000000039d2       0x46 ../../.build/obj_preonic_default/common/backlight.o
                0x00000000000039d2                backlight_step
 .text.backlight_level
                0x0000000000003a18       0x3a ../../.build/obj_preonic_default/common/backlight.o
                0x0000000000003a18                backlight_level
 .text.keyboard_leds
                0x0000000000003a52        0x6 ../../.build/obj_preonic_default/lufa.o
 .text.send_consumer
                0x0000000000003a58       0x68 ../../.build/obj_preonic_default/lufa.o
 .text.send_system
                0x0000000000003ac0       0x68 ../../.build/obj_preonic_default/lufa.o
 .text.send_mouse
                0x0000000000003b28       0x46 ../../.build/obj_preonic_default/lufa.o
 .text.send_keyboard
                0x0000000000003b6e       0xa2 ../../.build/obj_preonic_default/lufa.o
 .text.EVENT_USB_Device_Connect
                0x0000000000003c10       0x1c ../../.build/obj_preonic_default/lufa.o
                0x0000000000003c10                EVENT_USB_Device_Connect
 .text.EVENT_USB_Device_Disconnect
                0x0000000000003c2c        0x6 ../../.build/obj_preonic_default/lufa.o
                0x0000000000003c2c                EVENT_USB_Device_Disconnect
 .text.EVENT_USB_Device_Reset
                0x0000000000003c32        0x2 ../../.build/obj_preonic_default/lufa.o
                0x0000000000003c32                EVENT_USB_Device_Reset
 .text.EVENT_USB_Device_Suspend
                0x0000000000003c34        0x2 ../../.build/obj_preonic_default/lufa.o
                0x0000000000003c34                EVENT_USB_Device_Suspend
 .text.EVENT_USB_Device_WakeUp
                0x0000000000003c36        0x4 ../../.build/obj_preonic_default/lufa.o
                0x0000000000003c36                EVENT_USB_Device_WakeUp
 .text.EVENT_USB_Device_ConfigurationChanged
                0x0000000000003c3a       0x28 ../../.build/obj_preonic_default/lufa.o
                0x0000000000003c3a                EVENT_USB_Device_ConfigurationChanged
 .text.EVENT_USB_Device_ControlRequest
                0x0000000000003c62      0x164 ../../.build/obj_preonic_default/lufa.o
                0x0000000000003c62                EVENT_USB_Device_ControlRequest
 .text.startup.main
                0x0000000000003dc6       0x76 ../../.build/obj_preonic_default/lufa.o
                0x0000000000003dc6                main
 .text.CALLBACK_USB_GetDescriptor
                0x0000000000003e3c       0xb0 ../../.build/obj_preonic_default/descriptor.o
                0x0000000000003e3c                CALLBACK_USB_GetDescriptor
 .text.USB_Device_SendRemoteWakeup
                0x0000000000003eec       0x2c ../../.build/obj_preonic_default/protocol/lufa/LUFA-git/LUFA/Drivers/USB/Core/AVR8/Device_AVR8.o
                0x0000000000003eec                USB_Device_SendRemoteWakeup
 .text.Endpoint_Write_Stream_LE
                0x0000000000003f18       0x96 ../../.build/obj_preonic_default/protocol/lufa/LUFA-git/LUFA/Drivers/USB/Core/AVR8/EndpointStream_AVR8.o
                0x0000000000003f18                Endpoint_Write_Stream_LE
 .text.Endpoint_Write_Control_Stream_LE
                0x0000000000003fae       0xc6 ../../.build/obj_preonic_default/protocol/lufa/LUFA-git/LUFA/Drivers/USB/Core/AVR8/EndpointStream_AVR8.o
                0x0000000000003fae                Endpoint_Write_Control_Stream_LE
 .text.Endpoint_Write_Control_PStream_LE
                0x0000000000004074       0xc2 ../../.build/obj_preonic_default/protocol/lufa/LUFA-git/LUFA/Drivers/USB/Core/AVR8/EndpointStream_AVR8.o
                0x0000000000004074                Endpoint_Write_Control_PStream_LE
 .text.Endpoint_ConfigureEndpoint_Prv
                0x0000000000004136       0x6a ../../.build/obj_preonic_default/protocol/lufa/LUFA-git/LUFA/Drivers/USB/Core/AVR8/Endpoint_AVR8.o
                0x0000000000004136                Endpoint_ConfigureEndpoint_Prv
 .text.Endpoint_ClearStatusStage
                0x00000000000041a0       0x3e ../../.build/obj_preonic_default/protocol/lufa/LUFA-git/LUFA/Drivers/USB/Core/AVR8/Endpoint_AVR8.o
                0x00000000000041a0                Endpoint_ClearStatusStage
 .text.Endpoint_WaitUntilReady
                0x00000000000041de       0x64 ../../.build/obj_preonic_default/protocol/lufa/LUFA-git/LUFA/Drivers/USB/Core/AVR8/Endpoint_AVR8.o
                0x00000000000041de                Endpoint_WaitUntilReady
 .text.USB_Disable
                0x0000000000004242       0x34 ../../.build/obj_preonic_default/protocol/lufa/LUFA-git/LUFA/Drivers/USB/Core/AVR8/USBController_AVR8.o
                0x0000000000004242                USB_Disable
 .text.USB_ResetInterface
                0x0000000000004276       0x86 ../../.build/obj_preonic_default/protocol/lufa/LUFA-git/LUFA/Drivers/USB/Core/AVR8/USBController_AVR8.o
                0x0000000000004276                USB_ResetInterface
 .text.USB_Init
                0x00000000000042fc       0x22 ../../.build/obj_preonic_default/protocol/lufa/LUFA-git/LUFA/Drivers/USB/Core/AVR8/USBController_AVR8.o
                0x00000000000042fc                USB_Init
 .text.USB_INT_DisableAllInterrupts
                0x000000000000431e       0x10 ../../.build/obj_preonic_default/protocol/lufa/LUFA-git/LUFA/Drivers/USB/Core/AVR8/USBInterrupt_AVR8.o
                0x000000000000431e                USB_INT_DisableAllInterrupts
 .text.USB_INT_ClearAllInterrupts
                0x000000000000432e        0xa ../../.build/obj_preonic_default/protocol/lufa/LUFA-git/LUFA/Drivers/USB/Core/AVR8/USBInterrupt_AVR8.o
                0x000000000000432e                USB_INT_ClearAllInterrupts
 .text.__vector_10
                0x0000000000004338      0x1a4 ../../.build/obj_preonic_default/protocol/lufa/LUFA-git/LUFA/Drivers/USB/Core/AVR8/USBInterrupt_AVR8.o
                0x0000000000004338                __vector_10
 .text.__vector_11
                0x00000000000044dc       0x88 ../../.build/obj_preonic_default/protocol/lufa/LUFA-git/LUFA/Drivers/USB/Core/AVR8/USBInterrupt_AVR8.o
                0x00000000000044dc                __vector_11
 .text.USB_Device_ProcessControlRequest
                0x0000000000004564      0x2a2 ../../.build/obj_preonic_default/protocol/lufa/LUFA-git/LUFA/Drivers/USB/Core/DeviceStandardReq.o
                0x0000000000004564                USB_Device_ProcessControlRequest
 .text.USB_Event_Stub
                0x0000000000004806        0x2 ../../.build/obj_preonic_default/protocol/lufa/LUFA-git/LUFA/Drivers/USB/Core/Events.o
                0x0000000000004806                USB_Event_Stub
                0x0000000000004806                EVENT_USB_Device_StartOfFrame
 .text.USB_USBTask
                0x0000000000004808       0x36 ../../.build/obj_preonic_default/protocol/lufa/LUFA-git/LUFA/Drivers/USB/Core/USBTask.o
                0x0000000000004808                USB_USBTask
 .text.avr-libc.fplib
                0x000000000000483e        0xe /usr/local/Cellar/avr-gcc/4.9.3/lib/gcc/avr/4.9.3/../../../../avr/lib/avr5/libm.a(fixsfsi.o)
                0x000000000000483e                __fixsfsi
 .text.avr-libc.fplib
                0x000000000000484c       0x5e /usr/local/Cellar/avr-gcc/4.9.3/lib/gcc/avr/4.9.3/../../../../avr/lib/avr5/libm.a(fixunssfsi.o)
                0x000000000000484c                __fixunssfsi
 .text.avr-libc.fplib
                0x00000000000048aa       0x7a /usr/local/Cellar/avr-gcc/4.9.3/lib/gcc/avr/4.9.3/../../../../avr/lib/avr5/libm.a(floatsisf.o)
                0x00000000000048aa                __floatunsisf
                0x00000000000048ae                __floatsisf
 .text.avr-libc.fplib
                0x0000000000004924       0x44 /usr/local/Cellar/avr-gcc/4.9.3/lib/gcc/avr/4.9.3/../../../../avr/lib/avr5/libm.a(fp_split3.o)
                0x0000000000004924                __fp_split3
                0x0000000000004934                __fp_splitA
 .text.avr-libc.fplib
                0x0000000000004968        0xe /usr/local/Cellar/avr-gcc/4.9.3/lib/gcc/avr/4.9.3/../../../../avr/lib/avr5/libm.a(fp_zero.o)
                0x0000000000004968                __fp_zero
                0x000000000000496a                __fp_szero
 .text.avr-libc.fplib
                0x0000000000004976        0x8 /usr/local/Cellar/avr-gcc/4.9.3/lib/gcc/avr/4.9.3/../../../../avr/lib/avr5/libm.a(mulsf3.o)
                0x0000000000004976                __mulsf3
 .text.avr-libc.fplib
                0x000000000000497e       0xd2 /usr/local/Cellar/avr-gcc/4.9.3/lib/gcc/avr/4.9.3/../../../../avr/lib/avr5/libm.a(mulsf3x.o)
                0x000000000000499c                __mulsf3x
                0x00000000000049a2                __mulsf3_pse
 .text.avr-libc.fplib
                0x0000000000004a50        0xc /usr/local/Cellar/avr-gcc/4.9.3/lib/gcc/avr/4.9.3/../../../../avr/lib/avr5/libm.a(fp_inf.o)
                0x0000000000004a50                __fp_inf
 .text.avr-libc.fplib
                0x0000000000004a5c        0x6 /usr/local/Cellar/avr-gcc/4.9.3/lib/gcc/avr/4.9.3/../../../../avr/lib/avr5/libm.a(fp_nan.o)
                0x0000000000004a5c                __fp_nan
 .text.avr-libc.fplib
                0x0000000000004a62        0xe /usr/local/Cellar/avr-gcc/4.9.3/lib/gcc/avr/4.9.3/../../../../avr/lib/avr5/libm.a(fp_pscA.o)
                0x0000000000004a62                __fp_pscA
 .text.avr-libc.fplib
                0x0000000000004a70        0xe /usr/local/Cellar/avr-gcc/4.9.3/lib/gcc/avr/4.9.3/../../../../avr/lib/avr5/libm.a(fp_pscB.o)
                0x0000000000004a70                __fp_pscB
 .text.avr-libc.fplib
                0x0000000000004a7e       0x22 /usr/local/Cellar/avr-gcc/4.9.3/lib/gcc/avr/4.9.3/../../../../avr/lib/avr5/libm.a(fp_round.o)
                0x0000000000004a7e                __fp_round
 .text.libgcc.div
                0x0000000000004aa0       0x28 /usr/local/Cellar/avr-gcc/4.9.3/lib/gcc/avr/4.9.3/avr5/libgcc.a(_divmodhi4.o)
                0x0000000000004aa0                __divmodhi4
                0x0000000000004aa0                _div
 .text.libgcc   0x0000000000004ac8        0xc /usr/local/Cellar/avr-gcc/4.9.3/lib/gcc/avr/4.9.3/avr5/libgcc.a(_tablejump2.o)
                0x0000000000004ac8                __tablejump2__
 .text.libgcc.div
                0x0000000000004ad4       0x28 /usr/local/Cellar/avr-gcc/4.9.3/lib/gcc/avr/4.9.3/avr5/libgcc.a(_udivmodhi4.o)
                0x0000000000004ad4                __udivmodhi4
 .text.avr-libc
                0x0000000000004afc       0x10 /usr/local/Cellar/avr-gcc/4.9.3/lib/gcc/avr/4.9.3/../../../../avr/lib/avr5/libc.a(eerd_byte_at90can32.o)
                0x0000000000004afc                eeprom_read_byte
 .text.avr-libc
                0x0000000000004b0c        0xc /usr/local/Cellar/avr-gcc/4.9.3/lib/gcc/avr/4.9.3/../../../../avr/lib/avr5/libc.a(eerd_word_at90can32.o)
                0x0000000000004b0c                eeprom_read_word
 .text.avr-libc
                0x0000000000004b18       0x22 /usr/local/Cellar/avr-gcc/4.9.3/lib/gcc/avr/4.9.3/../../../../avr/lib/avr5/libc.a(eeupd_byte_at90can32.o)
                0x0000000000004b18                eeprom_update_byte
                0x0000000000004b1a                eeprom_update_r18
 .text.avr-libc
                0x0000000000004b3a        0xc /usr/local/Cellar/avr-gcc/4.9.3/lib/gcc/avr/4.9.3/../../../../avr/lib/avr5/libc.a(eeupd_word_at90can32.o)
                0x0000000000004b3a                eeprom_update_word
 .text.avr-libc
                0x0000000000004b46       0x20 /usr/local/Cellar/avr-gcc/4.9.3/lib/gcc/avr/4.9.3/../../../../avr/lib/avr5/libc.a(eerd_block_at90can64.o)
                0x0000000000004b46                eeprom_read_block
                0x0000000000004b4a                eeprom_read_blraw
                0x0000000000004b66                . = ALIGN (0x2)
 *(.fini9)
 .fini9         0x0000000000004b66        0x0 /usr/local/Cellar/avr-gcc/4.9.3/lib/gcc/avr/4.9.3/avr5/libgcc.a(_exit.o)
                0x0000000000004b66                exit
                0x0000000000004b66                _exit
 *(.fini9)
 *(.fini8)
 *(.fini8)
 *(.fini7)
 *(.fini7)
 *(.fini6)
 *(.fini6)
 *(.fini5)
 *(.fini5)
 *(.fini4)
 *(.fini4)
 *(.fini3)
 *(.fini3)
 *(.fini2)
 *(.fini2)
 *(.fini1)
 *(.fini1)
 *(.fini0)
 .fini0         0x0000000000004b66        0x4 /usr/local/Cellar/avr-gcc/4.9.3/lib/gcc/avr/4.9.3/avr5/libgcc.a(_exit.o)
 *(.fini0)
                0x0000000000004b6a                _etext = .

.data           0x0000000000800100       0x44 load address 0x0000000000004b6a
                0x0000000000800100                PROVIDE (__data_start, .)
 *(.data)
 *(.data*)
 .data.debouncing
                0x0000000000800100        0x1 ../../.build/obj_preonic_default/quantum/matrix.o
 .data.keyboard_nkro
                0x0000000000800101        0x1 ../../.build/obj_preonic_default/common/host.o
                0x0000000000800101                keyboard_nkro
 .data.keyboard_report
                0x0000000000800102        0x2 ../../.build/obj_preonic_default/common/action_util.o
                0x0000000000800102                keyboard_report
 .data.mk_wheel_time_to_max
                0x0000000000800104        0x1 ../../.build/obj_preonic_default/common/mousekey.o
                0x0000000000800104                mk_wheel_time_to_max
 .data.mk_wheel_max_speed
                0x0000000000800105        0x1 ../../.build/obj_preonic_default/common/mousekey.o
                0x0000000000800105                mk_wheel_max_speed
 .data.mk_time_to_max
                0x0000000000800106        0x1 ../../.build/obj_preonic_default/common/mousekey.o
                0x0000000000800106                mk_time_to_max
 .data.mk_max_speed
                0x0000000000800107        0x1 ../../.build/obj_preonic_default/common/mousekey.o
                0x0000000000800107                mk_max_speed
 .data.mk_interval
                0x0000000000800108        0x1 ../../.build/obj_preonic_default/common/mousekey.o
                0x0000000000800108                mk_interval
 .data.mk_delay
                0x0000000000800109        0x1 ../../.build/obj_preonic_default/common/mousekey.o
                0x0000000000800109                mk_delay
 .data.lufa_driver
                0x000000000080010a        0xa ../../.build/obj_preonic_default/lufa.o
                0x000000000080010a                lufa_driver
 .data.keyboard_protocol
                0x0000000000800114        0x1 ../../.build/obj_preonic_default/lufa.o
                0x0000000000800114                keyboard_protocol
 *(.rodata)
 *(.rodata*)
 .rodata.col_pins
                0x0000000000800115        0xc ../../.build/obj_preonic_default/quantum/matrix.o
 .rodata.row_pins
                0x0000000000800121        0x5 ../../.build/obj_preonic_default/quantum/matrix.o
 .rodata.CSWTCH.48
                0x0000000000800126        0xa ../../.build/obj_preonic_default/common/command.o
 .rodata.CSWTCH.3
                0x0000000000800130        0x4 ../../.build/obj_preonic_default/descriptor.o
 .rodata.CSWTCH.2
                0x0000000000800134        0x8 ../../.build/obj_preonic_default/descriptor.o
 .rodata.CSWTCH.1
                0x000000000080013c        0x8 ../../.build/obj_preonic_default/descriptor.o
 *(.gnu.linkonce.d*)
                0x0000000000800144                . = ALIGN (0x2)
                0x0000000000800144                _edata = .
                0x0000000000800144                PROVIDE (__data_end, .)

.bss            0x0000000000800144       0xbd
                0x0000000000800144                PROVIDE (__bss_start, .)
 *(.bss)
 *(.bss*)
 .bss.shift_interrupted
                0x0000000000800144        0x2 ../../.build/obj_preonic_default/quantum/quantum.o
 .bss.leader_sequence_size
                0x0000000000800146        0x1 ../../.build/obj_preonic_default/quantum/process_keycode/process_leader.o
                0x0000000000800146                leader_sequence_size
 .bss.leader_sequence
                0x0000000000800147        0xa ../../.build/obj_preonic_default/quantum/process_keycode/process_leader.o
                0x0000000000800147                leader_sequence
 .bss.leader_time
                0x0000000000800151        0x2 ../../.build/obj_preonic_default/quantum/process_keycode/process_leader.o
                0x0000000000800151                leader_time
 .bss.leading   0x0000000000800153        0x1 ../../.build/obj_preonic_default/quantum/process_keycode/process_leader.o
                0x0000000000800153                leading
 .bss.matrix_debouncing
                0x0000000000800154        0xa ../../.build/obj_preonic_default/quantum/matrix.o
 .bss.matrix    0x000000000080015e        0xa ../../.build/obj_preonic_default/quantum/matrix.o
 .bss.last_consumer_report
                0x0000000000800168        0x2 ../../.build/obj_preonic_default/common/host.o
 .bss.last_system_report
                0x000000000080016a        0x2 ../../.build/obj_preonic_default/common/host.o
 .bss.driver    0x000000000080016c        0x2 ../../.build/obj_preonic_default/common/host.o
 .bss.led_status.4953
                0x000000000080016e        0x1 ../../.build/obj_preonic_default/common/keyboard.o
 .bss.matrix_prev.4952
                0x000000000080016f        0xa ../../.build/obj_preonic_default/common/keyboard.o
 .bss.waiting_buffer_tail
                0x0000000000800179        0x1 ../../.build/obj_preonic_default/common/action_tapping.o
 .bss.waiting_buffer_head
                0x000000000080017a        0x1 ../../.build/obj_preonic_default/common/action_tapping.o
 .bss.waiting_buffer
                0x000000000080017b       0x30 ../../.build/obj_preonic_default/common/action_tapping.o
 .bss.tapping_key
                0x00000000008001ab        0x6 ../../.build/obj_preonic_default/common/action_tapping.o
 .bss.layer_state
                0x00000000008001b1        0x4 ../../.build/obj_preonic_default/common/action_layer.o
                0x00000000008001b1                layer_state
 .bss.default_layer_state
                0x00000000008001b5        0x4 ../../.build/obj_preonic_default/common/action_layer.o
                0x00000000008001b5                default_layer_state
 .bss.oneshot_layer_data
                0x00000000008001b9        0x1 ../../.build/obj_preonic_default/common/action_util.o
 .bss.oneshot_mods
                0x00000000008001ba        0x1 ../../.build/obj_preonic_default/common/action_util.o
 .bss.__compound_literal.0
                0x00000000008001bb       0x10 ../../.build/obj_preonic_default/common/action_util.o
 .bss.macro_mods
                0x00000000008001cb        0x1 ../../.build/obj_preonic_default/common/action_util.o
 .bss.weak_mods
                0x00000000008001cc        0x1 ../../.build/obj_preonic_default/common/action_util.o
 .bss.real_mods
                0x00000000008001cd        0x1 ../../.build/obj_preonic_default/common/action_util.o
 .bss.debug_config
                0x00000000008001ce        0x1 ../../.build/obj_preonic_default/common/debug.o
                0x00000000008001ce                debug_config
 .bss.wdt_timeout
                0x00000000008001cf        0x1 ../../.build/obj_preonic_default/common/avr/suspend.o
 .bss.timer_count
                0x00000000008001d0        0x4 ../../.build/obj_preonic_default/common/avr/timer.o
                0x00000000008001d0                timer_count
 .bss.last_timer
                0x00000000008001d4        0x2 ../../.build/obj_preonic_default/common/mousekey.o
 .bss.mousekey_accel
                0x00000000008001d6        0x1 ../../.build/obj_preonic_default/common/mousekey.o
 .bss.mousekey_repeat
                0x00000000008001d7        0x1 ../../.build/obj_preonic_default/common/mousekey.o
 .bss.mouse_report
                0x00000000008001d8        0x5 ../../.build/obj_preonic_default/common/mousekey.o
 .bss.mousekey_param
                0x00000000008001dd        0x1 ../../.build/obj_preonic_default/common/command.o
 .bss.command_state
                0x00000000008001de        0x1 ../../.build/obj_preonic_default/common/command.o
                0x00000000008001de                command_state
 .bss.keyboard_report_sent
                0x00000000008001df       0x10 ../../.build/obj_preonic_default/lufa.o
 .bss.keyboard_led_stats
                0x00000000008001ef        0x1 ../../.build/obj_preonic_default/lufa.o
 .bss.keyboard_idle
                0x00000000008001f0        0x1 ../../.build/obj_preonic_default/lufa.o
                0x00000000008001f0                keyboard_idle
 *(COMMON)
 COMMON         0x00000000008001f1        0x2 ../../.build/obj_preonic_default/common/magic.o
                0x00000000008001f1                keymap_config
 COMMON         0x00000000008001f3        0x1 ../../.build/obj_preonic_default/common/backlight.o
                0x00000000008001f3                backlight_config
 COMMON         0x00000000008001f4        0x3 ../../.build/obj_preonic_default/protocol/lufa/LUFA-git/LUFA/Drivers/USB/Core/DeviceStandardReq.o
                0x00000000008001f4                USB_Device_ConfigurationNumber
                0x00000000008001f5                USB_Device_CurrentlySelfPowered
                0x00000000008001f6                USB_Device_RemoteWakeupEnabled
 COMMON         0x00000000008001f7        0xa ../../.build/obj_preonic_default/protocol/lufa/LUFA-git/LUFA/Drivers/USB/Core/USBTask.o
                0x00000000008001f7                USB_IsInitialized
                0x00000000008001f8                USB_DeviceState
                0x00000000008001f9                USB_ControlRequest
                0x0000000000800201                PROVIDE (__bss_end, .)
                0x0000000000004b6a                __data_load_start = LOADADDR (.data)
                0x0000000000004bae                __data_load_end = (__data_load_start + SIZEOF (.data))

.noinit         0x0000000000800201        0x4
                0x0000000000800201                PROVIDE (__noinit_start, .)
 *(.noinit*)
 .noinit        0x0000000000800201        0x4 ../../.build/obj_preonic_default/common/avr/bootloader.o
                0x0000000000800201                reset_key
                0x0000000000800205                PROVIDE (__noinit_end, .)
                0x0000000000800205                _end = .
                0x0000000000800205                PROVIDE (__heap_start, .)

.eeprom         0x0000000000810000        0x0
 *(.eeprom*)
                0x0000000000810000                __eeprom_end = .

.fuse
 *(.fuse)
 *(.lfuse)
 *(.hfuse)
 *(.efuse)

.lock
 *(.lock*)

.signature
 *(.signature*)

.stab           0x0000000000000000      0x528
 *(.stab)
 .stab          0x0000000000000000      0x138 /usr/local/Cellar/avr-gcc/4.9.3/lib/gcc/avr/4.9.3/avr5/libgcc.a(_divmodhi4.o)
                                        0x144 (size before relaxing)
 .stab          0x0000000000000138       0x6c /usr/local/Cellar/avr-gcc/4.9.3/lib/gcc/avr/4.9.3/avr5/libgcc.a(_exit.o)
                                         0x78 (size before relaxing)
 .stab          0x00000000000001a4       0x9c /usr/local/Cellar/avr-gcc/4.9.3/lib/gcc/avr/4.9.3/avr5/libgcc.a(_tablejump2.o)
                                         0xa8 (size before relaxing)
 .stab          0x0000000000000240       0xd8 /usr/local/Cellar/avr-gcc/4.9.3/lib/gcc/avr/4.9.3/avr5/libgcc.a(_copy_data.o)
                                         0xe4 (size before relaxing)
 .stab          0x0000000000000318       0xb4 /usr/local/Cellar/avr-gcc/4.9.3/lib/gcc/avr/4.9.3/avr5/libgcc.a(_clear_bss.o)
                                         0xc0 (size before relaxing)
 .stab          0x00000000000003cc      0x15c /usr/local/Cellar/avr-gcc/4.9.3/lib/gcc/avr/4.9.3/avr5/libgcc.a(_udivmodhi4.o)
                                        0x168 (size before relaxing)

.stabstr        0x0000000000000000      0x296
 *(.stabstr)
 .stabstr       0x0000000000000000      0x296 ../../.build/obj_preonic_default/common/avr/xprintf.o

.stab.excl
 *(.stab.excl)

.stab.exclstr
 *(.stab.exclstr)

.stab.index
 *(.stab.index)

.stab.indexstr
 *(.stab.indexstr)

.comment        0x0000000000000000       0x11
 *(.comment)
 .comment       0x0000000000000000       0x11 ../../.build/obj_preonic_default/keyboards/preonic/preonic.o
                                         0x12 (size before relaxing)
 .comment       0x0000000000000011       0x12 ../../.build/obj_preonic_default/keyboards/preonic/keymaps/default/keymap.o
 .comment       0x0000000000000011       0x12 ../../.build/obj_preonic_default/quantum/quantum.o
 .comment       0x0000000000000011       0x12 ../../.build/obj_preonic_default/quantum/keymap_common.o
 .comment       0x0000000000000011       0x12 ../../.build/obj_preonic_default/quantum/keycode_config.o
 .comment       0x0000000000000011       0x12 ../../.build/obj_preonic_default/quantum/process_keycode/process_leader.o
 .comment       0x0000000000000011       0x12 ../../.build/obj_preonic_default/quantum/matrix.o
 .comment       0x0000000000000011       0x12 ../../.build/obj_preonic_default/common/host.o
 .comment       0x0000000000000011       0x12 ../../.build/obj_preonic_default/common/keyboard.o
 .comment       0x0000000000000011       0x12 ../../.build/obj_preonic_default/common/action.o
 .comment       0x0000000000000011       0x12 ../../.build/obj_preonic_default/common/action_tapping.o
 .comment       0x0000000000000011       0x12 ../../.build/obj_preonic_default/common/action_macro.o
 .comment       0x0000000000000011       0x12 ../../.build/obj_preonic_default/common/action_layer.o
 .comment       0x0000000000000011       0x12 ../../.build/obj_preonic_default/common/action_util.o
 .comment       0x0000000000000011       0x12 ../../.build/obj_preonic_default/common/debug.o
 .comment       0x0000000000000011       0x12 ../../.build/obj_preonic_default/common/eeconfig.o
 .comment       0x0000000000000011       0x12 ../../.build/obj_preonic_default/common/avr/suspend.o
 .comment       0x0000000000000011       0x12 ../../.build/obj_preonic_default/common/avr/timer.o
 .comment       0x0000000000000011       0x12 ../../.build/obj_preonic_default/common/avr/bootloader.o
 .comment       0x0000000000000011       0x12 ../../.build/obj_preonic_default/common/magic.o
 .comment       0x0000000000000011       0x12 ../../.build/obj_preonic_default/common/mousekey.o
 .comment       0x0000000000000011       0x12 ../../.build/obj_preonic_default/common/command.o
 .comment       0x0000000000000011       0x12 ../../.build/obj_preonic_default/common/backlight.o
 .comment       0x0000000000000011       0x12 ../../.build/obj_preonic_default/lufa.o
 .comment       0x0000000000000011       0x12 ../../.build/obj_preonic_default/descriptor.o
 .comment       0x0000000000000011       0x12 ../../.build/obj_preonic_default/protocol/lufa/LUFA-git/LUFA/Drivers/USB/Core/AVR8/Device_AVR8.o
 .comment       0x0000000000000011       0x12 ../../.build/obj_preonic_default/protocol/lufa/LUFA-git/LUFA/Drivers/USB/Core/AVR8/EndpointStream_AVR8.o
 .comment       0x0000000000000011       0x12 ../../.build/obj_preonic_default/protocol/lufa/LUFA-git/LUFA/Drivers/USB/Core/AVR8/Endpoint_AVR8.o
 .comment       0x0000000000000011       0x12 ../../.build/obj_preonic_default/protocol/lufa/LUFA-git/LUFA/Drivers/USB/Core/AVR8/USBController_AVR8.o
 .comment       0x0000000000000011       0x12 ../../.build/obj_preonic_default/protocol/lufa/LUFA-git/LUFA/Drivers/USB/Core/AVR8/USBInterrupt_AVR8.o
 .comment       0x0000000000000011       0x12 ../../.build/obj_preonic_default/protocol/lufa/LUFA-git/LUFA/Drivers/USB/Core/DeviceStandardReq.o
 .comment       0x0000000000000011       0x12 ../../.build/obj_preonic_default/protocol/lufa/LUFA-git/LUFA/Drivers/USB/Core/Events.o
 .comment       0x0000000000000011       0x12 ../../.build/obj_preonic_default/protocol/lufa/LUFA-git/LUFA/Drivers/USB/Core/USBTask.o

.note.gnu.avr.deviceinfo
                0x0000000000000000       0x34
 .note.gnu.avr.deviceinfo
                0x0000000000000000       0x34 /usr/local/Cellar/avr-gcc/4.9.3/lib/gcc/avr/4.9.3/../../../../avr/lib/avr5/crtm32u4.o

.note.gnu.build-id
 *(.note.gnu.build-id)

.debug
 *(.debug)

.line
 *(.line)

.debug_srcinfo
 *(.debug_srcinfo)

.debug_sfnames
 *(.debug_sfnames)

.debug_aranges  0x0000000000000000      0xa70
 *(.debug_aranges)
 .debug_aranges
                0x0000000000000000       0x20 ../../.build/obj_preonic_default/keyboards/preonic/preonic.o
 .debug_aranges
                0x0000000000000020       0x30 ../../.build/obj_preonic_default/keyboards/preonic/keymaps/default/keymap.o
 .debug_aranges
                0x0000000000000050       0xa8 ../../.build/obj_preonic_default/quantum/quantum.o
 .debug_aranges
                0x00000000000000f8       0x38 ../../.build/obj_preonic_default/quantum/keymap_common.o
 .debug_aranges
                0x0000000000000130       0x20 ../../.build/obj_preonic_default/quantum/keycode_config.o
 .debug_aranges
                0x0000000000000150       0x30 ../../.build/obj_preonic_default/quantum/process_keycode/process_leader.o
 .debug_aranges
                0x0000000000000180       0x98 ../../.build/obj_preonic_default/quantum/matrix.o
 .debug_aranges
                0x0000000000000218       0x60 ../../.build/obj_preonic_default/common/host.o
 .debug_aranges
                0x0000000000000278       0x40 ../../.build/obj_preonic_default/common/keyboard.o
 .debug_aranges
                0x00000000000002b8       0x90 ../../.build/obj_preonic_default/common/action.o
 .debug_aranges
                0x0000000000000348       0x40 ../../.build/obj_preonic_default/common/action_tapping.o
 .debug_aranges
                0x0000000000000388       0x20 ../../.build/obj_preonic_default/common/action_macro.o
 .debug_aranges
                0x00000000000003a8       0xa0 ../../.build/obj_preonic_default/common/action_layer.o
 .debug_aranges
                0x0000000000000448      0x128 ../../.build/obj_preonic_default/common/action_util.o
 .debug_aranges
                0x0000000000000570       0x18 ../../.build/obj_preonic_default/common/debug.o
 .debug_aranges
                0x0000000000000588       0x78 ../../.build/obj_preonic_default/common/eeconfig.o
 .debug_aranges
                0x0000000000000600       0x50 ../../.build/obj_preonic_default/common/avr/suspend.o
 .debug_aranges
                0x0000000000000650       0x50 ../../.build/obj_preonic_default/common/avr/timer.o
 .debug_aranges
                0x00000000000006a0       0x28 ../../.build/obj_preonic_default/common/avr/bootloader.o
 .debug_aranges
                0x00000000000006c8       0x20 ../../.build/obj_preonic_default/common/magic.o
 .debug_aranges
                0x00000000000006e8       0x50 ../../.build/obj_preonic_default/common/mousekey.o
 .debug_aranges
                0x0000000000000738       0x50 ../../.build/obj_preonic_default/common/command.o
 .debug_aranges
                0x0000000000000788       0x50 ../../.build/obj_preonic_default/common/backlight.o
 .debug_aranges
                0x00000000000007d8       0x88 ../../.build/obj_preonic_default/lufa.o
 .debug_aranges
                0x0000000000000860       0x20 ../../.build/obj_preonic_default/descriptor.o
 .debug_aranges
                0x0000000000000880       0x20 ../../.build/obj_preonic_default/protocol/lufa/LUFA-git/LUFA/Drivers/USB/Core/AVR8/Device_AVR8.o
 .debug_aranges
                0x00000000000008a0       0xc8 ../../.build/obj_preonic_default/protocol/lufa/LUFA-git/LUFA/Drivers/USB/Core/AVR8/EndpointStream_AVR8.o
 .debug_aranges
                0x0000000000000968       0x40 ../../.build/obj_preonic_default/protocol/lufa/LUFA-git/LUFA/Drivers/USB/Core/AVR8/Endpoint_AVR8.o
 .debug_aranges
                0x00000000000009a8       0x30 ../../.build/obj_preonic_default/protocol/lufa/LUFA-git/LUFA/Drivers/USB/Core/AVR8/USBController_AVR8.o
 .debug_aranges
                0x00000000000009d8       0x38 ../../.build/obj_preonic_default/protocol/lufa/LUFA-git/LUFA/Drivers/USB/Core/AVR8/USBInterrupt_AVR8.o
 .debug_aranges
                0x0000000000000a10       0x20 ../../.build/obj_preonic_default/protocol/lufa/LUFA-git/LUFA/Drivers/USB/Core/DeviceStandardReq.o
 .debug_aranges
                0x0000000000000a30       0x20 ../../.build/obj_preonic_default/protocol/lufa/LUFA-git/LUFA/Drivers/USB/Core/Events.o
 .debug_aranges
                0x0000000000000a50       0x20 ../../.build/obj_preonic_default/protocol/lufa/LUFA-git/LUFA/Drivers/USB/Core/USBTask.o

.debug_pubnames
 *(.debug_pubnames)

.debug_info     0x0000000000000000    0x10c6b
 *(.debug_info .gnu.linkonce.wi.*)
 .debug_info    0x0000000000000000      0x9f4 /usr/local/Cellar/avr-gcc/4.9.3/lib/gcc/avr/4.9.3/../../../../avr/lib/avr5/crtm32u4.o
 .debug_info    0x00000000000009f4       0xc3 ../../.build/obj_preonic_default/keyboards/preonic/preonic.o
 .debug_info    0x0000000000000ab7      0xd6d ../../.build/obj_preonic_default/keyboards/preonic/keymaps/default/keymap.o
 .debug_info    0x0000000000001824     0x1365 ../../.build/obj_preonic_default/quantum/quantum.o
 .debug_info    0x0000000000002b89     0x11db ../../.build/obj_preonic_default/quantum/keymap_common.o
 .debug_info    0x0000000000003d64      0x5ec ../../.build/obj_preonic_default/quantum/keycode_config.o
 .debug_info    0x0000000000004350      0x5ba ../../.build/obj_preonic_default/quantum/process_keycode/process_leader.o
 .debug_info    0x000000000000490a      0x652 ../../.build/obj_preonic_default/quantum/matrix.o
 .debug_info    0x0000000000004f5c      0x4bb ../../.build/obj_preonic_default/common/host.o
 .debug_info    0x0000000000005417      0x450 ../../.build/obj_preonic_default/common/keyboard.o
 .debug_info    0x0000000000005867     0x196f ../../.build/obj_preonic_default/common/action.o
 .debug_info    0x00000000000071d6      0xe03 ../../.build/obj_preonic_default/common/action_tapping.o
 .debug_info    0x0000000000007fd9      0x83e ../../.build/obj_preonic_default/common/action_macro.o
 .debug_info    0x0000000000008817      0x8a4 ../../.build/obj_preonic_default/common/action_layer.o
 .debug_info    0x00000000000090bb      0x8e2 ../../.build/obj_preonic_default/common/action_util.o
 .debug_info    0x000000000000999d       0xfc ../../.build/obj_preonic_default/common/debug.o
 .debug_info    0x0000000000009a99      0x462 ../../.build/obj_preonic_default/common/eeconfig.o
 .debug_info    0x0000000000009efb      0x358 ../../.build/obj_preonic_default/common/avr/suspend.o
 .debug_info    0x000000000000a253      0x204 ../../.build/obj_preonic_default/common/avr/timer.o
 .debug_info    0x000000000000a457      0x204 ../../.build/obj_preonic_default/common/avr/bootloader.o
 .debug_info    0x000000000000a65b      0x2c0 ../../.build/obj_preonic_default/common/magic.o
 .debug_info    0x000000000000a91b      0x63f ../../.build/obj_preonic_default/common/mousekey.o
 .debug_info    0x000000000000af5a      0xa7e ../../.build/obj_preonic_default/common/command.o
 .debug_info    0x000000000000b9d8      0x26e ../../.build/obj_preonic_default/common/backlight.o
 .debug_info    0x000000000000bc46      0xfe4 ../../.build/obj_preonic_default/lufa.o
 .debug_info    0x000000000000cc2a      0x7b8 ../../.build/obj_preonic_default/descriptor.o
 .debug_info    0x000000000000d3e2       0xd2 ../../.build/obj_preonic_default/protocol/lufa/LUFA-git/LUFA/Drivers/USB/Core/AVR8/Device_AVR8.o
 .debug_info    0x000000000000d4b4     0x17d6 ../../.build/obj_preonic_default/protocol/lufa/LUFA-git/LUFA/Drivers/USB/Core/AVR8/EndpointStream_AVR8.o
 .debug_info    0x000000000000ec8a      0x614 ../../.build/obj_preonic_default/protocol/lufa/LUFA-git/LUFA/Drivers/USB/Core/AVR8/Endpoint_AVR8.o
 .debug_info    0x000000000000f29e      0x4cb ../../.build/obj_preonic_default/protocol/lufa/LUFA-git/LUFA/Drivers/USB/Core/AVR8/USBController_AVR8.o
 .debug_info    0x000000000000f769      0x7c8 ../../.build/obj_preonic_default/protocol/lufa/LUFA-git/LUFA/Drivers/USB/Core/AVR8/USBInterrupt_AVR8.o
 .debug_info    0x000000000000ff31      0xa57 ../../.build/obj_preonic_default/protocol/lufa/LUFA-git/LUFA/Drivers/USB/Core/DeviceStandardReq.o
 .debug_info    0x0000000000010988       0x78 ../../.build/obj_preonic_default/protocol/lufa/LUFA-git/LUFA/Drivers/USB/Core/Events.o
 .debug_info    0x0000000000010a00      0x26b ../../.build/obj_preonic_default/protocol/lufa/LUFA-git/LUFA/Drivers/USB/Core/USBTask.o

.debug_abbrev   0x0000000000000000     0x467a
 *(.debug_abbrev)
 .debug_abbrev  0x0000000000000000      0x96a /usr/local/Cellar/avr-gcc/4.9.3/lib/gcc/avr/4.9.3/../../../../avr/lib/avr5/crtm32u4.o
 .debug_abbrev  0x000000000000096a       0x8a ../../.build/obj_preonic_default/keyboards/preonic/preonic.o
 .debug_abbrev  0x00000000000009f4      0x1b6 ../../.build/obj_preonic_default/keyboards/preonic/keymaps/default/keymap.o
 .debug_abbrev  0x0000000000000baa      0x35f ../../.build/obj_preonic_default/quantum/quantum.o
 .debug_abbrev  0x0000000000000f09      0x2a2 ../../.build/obj_preonic_default/quantum/keymap_common.o
 .debug_abbrev  0x00000000000011ab       0xd0 ../../.build/obj_preonic_default/quantum/keycode_config.o
 .debug_abbrev  0x000000000000127b      0x150 ../../.build/obj_preonic_default/quantum/process_keycode/process_leader.o
 .debug_abbrev  0x00000000000013cb      0x28f ../../.build/obj_preonic_default/quantum/matrix.o
 .debug_abbrev  0x000000000000165a      0x194 ../../.build/obj_preonic_default/common/host.o
 .debug_abbrev  0x00000000000017ee      0x232 ../../.build/obj_preonic_default/common/keyboard.o
 .debug_abbrev  0x0000000000001a20      0x331 ../../.build/obj_preonic_default/common/action.o
 .debug_abbrev  0x0000000000001d51      0x2d7 ../../.build/obj_preonic_default/common/action_tapping.o
 .debug_abbrev  0x0000000000002028      0x192 ../../.build/obj_preonic_default/common/action_macro.o
 .debug_abbrev  0x00000000000021ba      0x243 ../../.build/obj_preonic_default/common/action_layer.o
 .debug_abbrev  0x00000000000023fd      0x2f9 ../../.build/obj_preonic_default/common/action_util.o
 .debug_abbrev  0x00000000000026f6       0x87 ../../.build/obj_preonic_default/common/debug.o
 .debug_abbrev  0x000000000000277d       0xef ../../.build/obj_preonic_default/common/eeconfig.o
 .debug_abbrev  0x000000000000286c      0x20f ../../.build/obj_preonic_default/common/avr/suspend.o
 .debug_abbrev  0x0000000000002a7b      0x11e ../../.build/obj_preonic_default/common/avr/timer.o
 .debug_abbrev  0x0000000000002b99      0x15c ../../.build/obj_preonic_default/common/avr/bootloader.o
 .debug_abbrev  0x0000000000002cf5      0x123 ../../.build/obj_preonic_default/common/magic.o
 .debug_abbrev  0x0000000000002e18      0x1e9 ../../.build/obj_preonic_default/common/mousekey.o
 .debug_abbrev  0x0000000000003001      0x2d6 ../../.build/obj_preonic_default/common/command.o
 .debug_abbrev  0x00000000000032d7      0x138 ../../.build/obj_preonic_default/common/backlight.o
 .debug_abbrev  0x000000000000340f      0x414 ../../.build/obj_preonic_default/lufa.o
 .debug_abbrev  0x0000000000003823      0x177 ../../.build/obj_preonic_default/descriptor.o
 .debug_abbrev  0x000000000000399a       0x80 ../../.build/obj_preonic_default/protocol/lufa/LUFA-git/LUFA/Drivers/USB/Core/AVR8/Device_AVR8.o
 .debug_abbrev  0x0000000000003a1a      0x204 ../../.build/obj_preonic_default/protocol/lufa/LUFA-git/LUFA/Drivers/USB/Core/AVR8/EndpointStream_AVR8.o
 .debug_abbrev  0x0000000000003c1e      0x213 ../../.build/obj_preonic_default/protocol/lufa/LUFA-git/LUFA/Drivers/USB/Core/AVR8/Endpoint_AVR8.o
 .debug_abbrev  0x0000000000003e31      0x196 ../../.build/obj_preonic_default/protocol/lufa/LUFA-git/LUFA/Drivers/USB/Core/AVR8/USBController_AVR8.o
 .debug_abbrev  0x0000000000003fc7      0x23e ../../.build/obj_preonic_default/protocol/lufa/LUFA-git/LUFA/Drivers/USB/Core/AVR8/USBInterrupt_AVR8.o
 .debug_abbrev  0x0000000000004205      0x2c9 ../../.build/obj_preonic_default/protocol/lufa/LUFA-git/LUFA/Drivers/USB/Core/DeviceStandardReq.o
 .debug_abbrev  0x00000000000044ce       0x44 ../../.build/obj_preonic_default/protocol/lufa/LUFA-git/LUFA/Drivers/USB/Core/Events.o
 .debug_abbrev  0x0000000000004512      0x168 ../../.build/obj_preonic_default/protocol/lufa/LUFA-git/LUFA/Drivers/USB/Core/USBTask.o

.debug_line     0x0000000000000000     0x563b
 *(.debug_line .debug_line.* .debug_line_end)
 .debug_line    0x0000000000000000       0x1d /usr/local/Cellar/avr-gcc/4.9.3/lib/gcc/avr/4.9.3/../../../../avr/lib/avr5/crtm32u4.o
 .debug_line    0x000000000000001d       0xee ../../.build/obj_preonic_default/keyboards/preonic/preonic.o
 .debug_line    0x000000000000010b      0x1b5 ../../.build/obj_preonic_default/keyboards/preonic/keymaps/default/keymap.o
 .debug_line    0x00000000000002c0      0x3c0 ../../.build/obj_preonic_default/quantum/quantum.o
 .debug_line    0x0000000000000680      0x259 ../../.build/obj_preonic_default/quantum/keymap_common.o
 .debug_line    0x00000000000008d9       0xe5 ../../.build/obj_preonic_default/quantum/keycode_config.o
 .debug_line    0x00000000000009be      0x170 ../../.build/obj_preonic_default/quantum/process_keycode/process_leader.o
 .debug_line    0x0000000000000b2e      0x279 ../../.build/obj_preonic_default/quantum/matrix.o
 .debug_line    0x0000000000000da7      0x185 ../../.build/obj_preonic_default/common/host.o
 .debug_line    0x0000000000000f2c      0x1cc ../../.build/obj_preonic_default/common/keyboard.o
 .debug_line    0x00000000000010f8      0x461 ../../.build/obj_preonic_default/common/action.o
 .debug_line    0x0000000000001559      0x2aa ../../.build/obj_preonic_default/common/action_tapping.o
 .debug_line    0x0000000000001803      0x18c ../../.build/obj_preonic_default/common/action_macro.o
 .debug_line    0x000000000000198f      0x21f ../../.build/obj_preonic_default/common/action_layer.o
 .debug_line    0x0000000000001bae      0x3c4 ../../.build/obj_preonic_default/common/action_util.o
 .debug_line    0x0000000000001f72       0x81 ../../.build/obj_preonic_default/common/debug.o
 .debug_line    0x0000000000001ff3      0x179 ../../.build/obj_preonic_default/common/eeconfig.o
 .debug_line    0x000000000000216c      0x249 ../../.build/obj_preonic_default/common/avr/suspend.o
 .debug_line    0x00000000000023b5      0x125 ../../.build/obj_preonic_default/common/avr/timer.o
 .debug_line    0x00000000000024da      0x1eb ../../.build/obj_preonic_default/common/avr/bootloader.o
 .debug_line    0x00000000000026c5      0x12c ../../.build/obj_preonic_default/common/magic.o
 .debug_line    0x00000000000027f1      0x346 ../../.build/obj_preonic_default/common/mousekey.o
 .debug_line    0x0000000000002b37      0x2db ../../.build/obj_preonic_default/common/command.o
 .debug_line    0x0000000000002e12      0x139 ../../.build/obj_preonic_default/common/backlight.o
 .debug_line    0x0000000000002f4b      0x652 ../../.build/obj_preonic_default/lufa.o
 .debug_line    0x000000000000359d      0x202 ../../.build/obj_preonic_default/descriptor.o
 .debug_line    0x000000000000379f      0x142 ../../.build/obj_preonic_default/protocol/lufa/LUFA-git/LUFA/Drivers/USB/Core/AVR8/Device_AVR8.o
 .debug_line    0x00000000000038e1      0xbb0 ../../.build/obj_preonic_default/protocol/lufa/LUFA-git/LUFA/Drivers/USB/Core/AVR8/EndpointStream_AVR8.o
 .debug_line    0x0000000000004491      0x405 ../../.build/obj_preonic_default/protocol/lufa/LUFA-git/LUFA/Drivers/USB/Core/AVR8/Endpoint_AVR8.o
 .debug_line    0x0000000000004896      0x30c ../../.build/obj_preonic_default/protocol/lufa/LUFA-git/LUFA/Drivers/USB/Core/AVR8/USBController_AVR8.o
 .debug_line    0x0000000000004ba2      0x4e5 ../../.build/obj_preonic_default/protocol/lufa/LUFA-git/LUFA/Drivers/USB/Core/AVR8/USBInterrupt_AVR8.o
 .debug_line    0x0000000000005087      0x393 ../../.build/obj_preonic_default/protocol/lufa/LUFA-git/LUFA/Drivers/USB/Core/DeviceStandardReq.o
 .debug_line    0x000000000000541a       0x74 ../../.build/obj_preonic_default/protocol/lufa/LUFA-git/LUFA/Drivers/USB/Core/Events.o
 .debug_line    0x000000000000548e      0x1ad ../../.build/obj_preonic_default/protocol/lufa/LUFA-git/LUFA/Drivers/USB/Core/USBTask.o

.debug_frame    0x0000000000000000     0x18e8
 *(.debug_frame)
 .debug_frame   0x0000000000000000       0x24 ../../.build/obj_preonic_default/keyboards/preonic/preonic.o
 .debug_frame   0x0000000000000024       0x58 ../../.build/obj_preonic_default/keyboards/preonic/keymaps/default/keymap.o
 .debug_frame   0x000000000000007c      0x190 ../../.build/obj_preonic_default/quantum/quantum.o
 .debug_frame   0x000000000000020c       0x54 ../../.build/obj_preonic_default/quantum/keymap_common.o
 .debug_frame   0x0000000000000260       0x24 ../../.build/obj_preonic_default/quantum/keycode_config.o
 .debug_frame   0x0000000000000284       0x58 ../../.build/obj_preonic_default/quantum/process_keycode/process_leader.o
 .debug_frame   0x00000000000002dc      0x164 ../../.build/obj_preonic_default/quantum/matrix.o
 .debug_frame   0x0000000000000440       0xa4 ../../.build/obj_preonic_default/common/host.o
 .debug_frame   0x00000000000004e4       0xc4 ../../.build/obj_preonic_default/common/keyboard.o
 .debug_frame   0x00000000000005a8      0x1b4 ../../.build/obj_preonic_default/common/action.o
 .debug_frame   0x000000000000075c       0xc8 ../../.build/obj_preonic_default/common/action_tapping.o
 .debug_frame   0x0000000000000824       0x48 ../../.build/obj_preonic_default/common/action_macro.o
 .debug_frame   0x000000000000086c      0x1a8 ../../.build/obj_preonic_default/common/action_layer.o
 .debug_frame   0x0000000000000a14      0x240 ../../.build/obj_preonic_default/common/action_util.o
 .debug_frame   0x0000000000000c54       0xd4 ../../.build/obj_preonic_default/common/eeconfig.o
 .debug_frame   0x0000000000000d28       0xb0 ../../.build/obj_preonic_default/common/avr/suspend.o
 .debug_frame   0x0000000000000dd8       0xf0 ../../.build/obj_preonic_default/common/avr/timer.o
 .debug_frame   0x0000000000000ec8       0x34 ../../.build/obj_preonic_default/common/avr/bootloader.o
 .debug_frame   0x0000000000000efc       0x24 ../../.build/obj_preonic_default/common/magic.o
 .debug_frame   0x0000000000000f20       0x98 ../../.build/obj_preonic_default/common/mousekey.o
 .debug_frame   0x0000000000000fb8       0x98 ../../.build/obj_preonic_default/common/command.o
 .debug_frame   0x0000000000001050       0x84 ../../.build/obj_preonic_default/common/backlight.o
 .debug_frame   0x00000000000010d4      0x128 ../../.build/obj_preonic_default/lufa.o
 .debug_frame   0x00000000000011fc       0x24 ../../.build/obj_preonic_default/descriptor.o
 .debug_frame   0x0000000000001220       0x24 ../../.build/obj_preonic_default/protocol/lufa/LUFA-git/LUFA/Drivers/USB/Core/AVR8/Device_AVR8.o
 .debug_frame   0x0000000000001244      0x42c ../../.build/obj_preonic_default/protocol/lufa/LUFA-git/LUFA/Drivers/USB/Core/AVR8/EndpointStream_AVR8.o
 .debug_frame   0x0000000000001670       0x88 ../../.build/obj_preonic_default/protocol/lufa/LUFA-git/LUFA/Drivers/USB/Core/AVR8/Endpoint_AVR8.o
 .debug_frame   0x00000000000016f8       0x5c ../../.build/obj_preonic_default/protocol/lufa/LUFA-git/LUFA/Drivers/USB/Core/AVR8/USBController_AVR8.o
 .debug_frame   0x0000000000001754      0x108 ../../.build/obj_preonic_default/protocol/lufa/LUFA-git/LUFA/Drivers/USB/Core/AVR8/USBInterrupt_AVR8.o
 .debug_frame   0x000000000000185c       0x3c ../../.build/obj_preonic_default/protocol/lufa/LUFA-git/LUFA/Drivers/USB/Core/DeviceStandardReq.o
 .debug_frame   0x0000000000001898       0x24 ../../.build/obj_preonic_default/protocol/lufa/LUFA-git/LUFA/Drivers/USB/Core/Events.o
 .debug_frame   0x00000000000018bc       0x2c ../../.build/obj_preonic_default/protocol/lufa/LUFA-git/LUFA/Drivers/USB/Core/USBTask.o

.debug_str      0x0000000000000000     0x473b
 *(.debug_str)
 .debug_str     0x0000000000000000      0x371 /usr/local/Cellar/avr-gcc/4.9.3/lib/gcc/avr/4.9.3/../../../../avr/lib/avr5/crtm32u4.o
 .debug_str     0x0000000000000371      0x198 ../../.build/obj_preonic_default/keyboards/preonic/preonic.o
                                        0x1da (size before relaxing)
 .debug_str     0x0000000000000509      0xeff ../../.build/obj_preonic_default/keyboards/preonic/keymaps/default/keymap.o
                                       0x1102 (size before relaxing)
 .debug_str     0x0000000000001408      0x37f ../../.build/obj_preonic_default/quantum/quantum.o
                                       0x109f (size before relaxing)
 .debug_str     0x0000000000001787      0x344 ../../.build/obj_preonic_default/quantum/keymap_common.o
                                       0x1386 (size before relaxing)
 .debug_str     0x0000000000001acb       0x1f ../../.build/obj_preonic_default/quantum/keycode_config.o
                                        0x807 (size before relaxing)
 .debug_str     0x0000000000001aea       0x99 ../../.build/obj_preonic_default/quantum/process_keycode/process_leader.o
                                        0x75c (size before relaxing)
 .debug_str     0x0000000000001b83      0x11b ../../.build/obj_preonic_default/quantum/matrix.o
                                        0x36d (size before relaxing)
 .debug_str     0x0000000000001c9e      0x141 ../../.build/obj_preonic_default/common/host.o
                                        0x383 (size before relaxing)
 .debug_str     0x0000000000001ddf       0xd6 ../../.build/obj_preonic_default/common/keyboard.o
                                        0x363 (size before relaxing)
 .debug_str     0x0000000000001eb5      0x38c ../../.build/obj_preonic_default/common/action.o
                                       0x12e9 (size before relaxing)
 .debug_str     0x0000000000002241       0xec ../../.build/obj_preonic_default/common/action_tapping.o
                                        0xaec (size before relaxing)
 .debug_str     0x000000000000232d       0x7a ../../.build/obj_preonic_default/common/action_macro.o
                                        0x890 (size before relaxing)
 .debug_str     0x00000000000023a7       0x58 ../../.build/obj_preonic_default/common/action_layer.o
                                        0x433 (size before relaxing)
 .debug_str     0x00000000000023ff      0x183 ../../.build/obj_preonic_default/common/action_util.o
                                        0x575 (size before relaxing)
 .debug_str     0x0000000000002582       0x1e ../../.build/obj_preonic_default/common/debug.o
                                        0x1da (size before relaxing)
 .debug_str     0x00000000000025a0      0x102 ../../.build/obj_preonic_default/common/eeconfig.o
                                        0x2f1 (size before relaxing)
 .debug_str     0x00000000000026a2      0x16d ../../.build/obj_preonic_default/common/avr/suspend.o
                                        0x396 (size before relaxing)
 .debug_str     0x000000000000280f       0x61 ../../.build/obj_preonic_default/common/avr/timer.o
                                        0x217 (size before relaxing)
 .debug_str     0x0000000000002870       0x73 ../../.build/obj_preonic_default/common/avr/bootloader.o
                                        0x284 (size before relaxing)
 .debug_str     0x00000000000028e3       0x1e ../../.build/obj_preonic_default/common/magic.o
                                        0x33f (size before relaxing)
 .debug_str     0x0000000000002901       0xc6 ../../.build/obj_preonic_default/common/mousekey.o
                                        0x682 (size before relaxing)
 .debug_str     0x00000000000029c7       0xef ../../.build/obj_preonic_default/common/command.o
                                        0x9cd (size before relaxing)
 .debug_str     0x0000000000002ab6       0x5a ../../.build/obj_preonic_default/common/backlight.o
                                        0x2a8 (size before relaxing)
 .debug_str     0x0000000000002b10      0x4d4 ../../.build/obj_preonic_default/lufa.o
                                        0x901 (size before relaxing)
 .debug_str     0x0000000000002fe4      0x772 ../../.build/obj_preonic_default/descriptor.o
                                        0x97a (size before relaxing)
 .debug_str     0x0000000000003756       0x7b ../../.build/obj_preonic_default/protocol/lufa/LUFA-git/LUFA/Drivers/USB/Core/AVR8/Device_AVR8.o
                                        0x21a (size before relaxing)
 .debug_str     0x00000000000037d1      0x4d9 ../../.build/obj_preonic_default/protocol/lufa/LUFA-git/LUFA/Drivers/USB/Core/AVR8/EndpointStream_AVR8.o
                                        0x87c (size before relaxing)
 .debug_str     0x0000000000003caa      0x271 ../../.build/obj_preonic_default/protocol/lufa/LUFA-git/LUFA/Drivers/USB/Core/AVR8/Endpoint_AVR8.o
                                        0x63c (size before relaxing)
 .debug_str     0x0000000000003f1b      0x1dd ../../.build/obj_preonic_default/protocol/lufa/LUFA-git/LUFA/Drivers/USB/Core/AVR8/USBController_AVR8.o
                                        0x57b (size before relaxing)
 .debug_str     0x00000000000040f8      0x163 ../../.build/obj_preonic_default/protocol/lufa/LUFA-git/LUFA/Drivers/USB/Core/AVR8/USBInterrupt_AVR8.o
                                        0x5fa (size before relaxing)
 .debug_str     0x000000000000425b      0x42a ../../.build/obj_preonic_default/protocol/lufa/LUFA-git/LUFA/Drivers/USB/Core/DeviceStandardReq.o
                                        0x9ee (size before relaxing)
 .debug_str     0x0000000000004685       0x54 ../../.build/obj_preonic_default/protocol/lufa/LUFA-git/LUFA/Drivers/USB/Core/Events.o
                                        0x1c0 (size before relaxing)
 .debug_str     0x00000000000046d9       0x62 ../../.build/obj_preonic_default/protocol/lufa/LUFA-git/LUFA/Drivers/USB/Core/USBTask.o
                                        0x3a1 (size before relaxing)

.debug_loc      0x0000000000000000     0x7050
 *(.debug_loc)
 .debug_loc     0x0000000000000000      0x22d ../../.build/obj_preonic_default/keyboards/preonic/keymaps/default/keymap.o
 .debug_loc     0x000000000000022d      0x546 ../../.build/obj_preonic_default/quantum/quantum.o
 .debug_loc     0x0000000000000773      0x607 ../../.build/obj_preonic_default/quantum/keymap_common.o
 .debug_loc     0x0000000000000d7a      0x116 ../../.build/obj_preonic_default/quantum/keycode_config.o
 .debug_loc     0x0000000000000e90       0xf2 ../../.build/obj_preonic_default/quantum/process_keycode/process_leader.o
 .debug_loc     0x0000000000000f82      0x3a2 ../../.build/obj_preonic_default/quantum/matrix.o
 .debug_loc     0x0000000000001324       0xd8 ../../.build/obj_preonic_default/common/host.o
 .debug_loc     0x00000000000013fc      0x205 ../../.build/obj_preonic_default/common/keyboard.o
 .debug_loc     0x0000000000001601      0x79d ../../.build/obj_preonic_default/common/action.o
 .debug_loc     0x0000000000001d9e      0x63c ../../.build/obj_preonic_default/common/action_tapping.o
 .debug_loc     0x00000000000023da      0x4f9 ../../.build/obj_preonic_default/common/action_macro.o
 .debug_loc     0x00000000000028d3      0x725 ../../.build/obj_preonic_default/common/action_layer.o
 .debug_loc     0x0000000000002ff8      0x361 ../../.build/obj_preonic_default/common/action_util.o
 .debug_loc     0x0000000000003359       0xb0 ../../.build/obj_preonic_default/common/eeconfig.o
 .debug_loc     0x0000000000003409       0xc5 ../../.build/obj_preonic_default/common/avr/suspend.o
 .debug_loc     0x00000000000034ce      0x20a ../../.build/obj_preonic_default/common/avr/timer.o
 .debug_loc     0x00000000000036d8       0x2a ../../.build/obj_preonic_default/common/magic.o
 .debug_loc     0x0000000000003702      0x3e6 ../../.build/obj_preonic_default/common/mousekey.o
 .debug_loc     0x0000000000003ae8      0x480 ../../.build/obj_preonic_default/common/command.o
 .debug_loc     0x0000000000003f68       0x21 ../../.build/obj_preonic_default/common/backlight.o
 .debug_loc     0x0000000000003f89      0x562 ../../.build/obj_preonic_default/lufa.o
 .debug_loc     0x00000000000044eb      0x20a ../../.build/obj_preonic_default/descriptor.o
 .debug_loc     0x00000000000046f5     0x1ea0 ../../.build/obj_preonic_default/protocol/lufa/LUFA-git/LUFA/Drivers/USB/Core/AVR8/EndpointStream_AVR8.o
 .debug_loc     0x0000000000006595      0x3df ../../.build/obj_preonic_default/protocol/lufa/LUFA-git/LUFA/Drivers/USB/Core/AVR8/Endpoint_AVR8.o
 .debug_loc     0x0000000000006974       0x49 ../../.build/obj_preonic_default/protocol/lufa/LUFA-git/LUFA/Drivers/USB/Core/AVR8/USBController_AVR8.o
 .debug_loc     0x00000000000069bd      0x363 ../../.build/obj_preonic_default/protocol/lufa/LUFA-git/LUFA/Drivers/USB/Core/AVR8/USBInterrupt_AVR8.o
 .debug_loc     0x0000000000006d20      0x2e7 ../../.build/obj_preonic_default/protocol/lufa/LUFA-git/LUFA/Drivers/USB/Core/DeviceStandardReq.o
 .debug_loc     0x0000000000007007       0x49 ../../.build/obj_preonic_default/protocol/lufa/LUFA-git/LUFA/Drivers/USB/Core/USBTask.o

.debug_macinfo
 *(.debug_macinfo)

.debug_weaknames
 *(.debug_weaknames)

.debug_funcnames
 *(.debug_funcnames)

.debug_typenames
 *(.debug_typenames)

.debug_varnames
 *(.debug_varnames)

.debug_pubtypes
 *(.debug_pubtypes)

.debug_ranges   0x0000000000000000      0xbb0
 *(.debug_ranges)
 .debug_ranges  0x0000000000000000       0x10 ../../.build/obj_preonic_default/keyboards/preonic/preonic.o
 .debug_ranges  0x0000000000000010       0x20 ../../.build/obj_preonic_default/keyboards/preonic/keymaps/default/keymap.o
 .debug_ranges  0x0000000000000030       0x98 ../../.build/obj_preonic_default/quantum/quantum.o
 .debug_ranges  0x00000000000000c8       0x40 ../../.build/obj_preonic_default/quantum/keymap_common.o