Archive member included to satisfy reference by file (symbol)

/usr/local/Cellar/avr-gcc/4.9.3/lib/gcc/avr/4.9.3/../../../../avr/lib/avr5/libm.a(addsf3.o)
                              .build/obj_preonic_default/quantum/audio/voices.o (__subsf3)
/usr/local/Cellar/avr-gcc/4.9.3/lib/gcc/avr/4.9.3/../../../../avr/lib/avr5/libm.a(addsf3x.o)
                              /usr/local/Cellar/avr-gcc/4.9.3/lib/gcc/avr/4.9.3/../../../../avr/lib/avr5/libm.a(addsf3.o) (__addsf3x)
/usr/local/Cellar/avr-gcc/4.9.3/lib/gcc/avr/4.9.3/../../../../avr/lib/avr5/libm.a(cmpsf2.o)
                              .build/obj_preonic_default/quantum/audio/audio.o (__eqsf2)
/usr/local/Cellar/avr-gcc/4.9.3/lib/gcc/avr/4.9.3/../../../../avr/lib/avr5/libm.a(divsf3.o)
                              .build/obj_preonic_default/quantum/process_keycode/process_music.o (__divsf3)
/usr/local/Cellar/avr-gcc/4.9.3/lib/gcc/avr/4.9.3/../../../../avr/lib/avr5/libm.a(divsf3x.o)
                              /usr/local/Cellar/avr-gcc/4.9.3/lib/gcc/avr/4.9.3/../../../../avr/lib/avr5/libm.a(divsf3.o) (__divsf3x)
/usr/local/Cellar/avr-gcc/4.9.3/lib/gcc/avr/4.9.3/../../../../avr/lib/avr5/libm.a(fixsfsi.o)
                              .build/obj_preonic_default/quantum/audio/voices.o (__fixsfsi)
/usr/local/Cellar/avr-gcc/4.9.3/lib/gcc/avr/4.9.3/../../../../avr/lib/avr5/libm.a(fixunssfsi.o)
                              .build/obj_preonic_default/quantum/audio/audio.o (__fixunssfsi)
/usr/local/Cellar/avr-gcc/4.9.3/lib/gcc/avr/4.9.3/../../../../avr/lib/avr5/libm.a(floatsisf.o)
                              .build/obj_preonic_default/quantum/audio/audio.o (__floatunsisf)
/usr/local/Cellar/avr-gcc/4.9.3/lib/gcc/avr/4.9.3/../../../../avr/lib/avr5/libm.a(fmod.o)
                              .build/obj_preonic_default/quantum/audio/voices.o (fmod)
/usr/local/Cellar/avr-gcc/4.9.3/lib/gcc/avr/4.9.3/../../../../avr/lib/avr5/libm.a(fp_cmp.o)
                              /usr/local/Cellar/avr-gcc/4.9.3/lib/gcc/avr/4.9.3/../../../../avr/lib/avr5/libm.a(cmpsf2.o) (__fp_cmp)
/usr/local/Cellar/avr-gcc/4.9.3/lib/gcc/avr/4.9.3/../../../../avr/lib/avr5/libm.a(fp_inf.o)
                              /usr/local/Cellar/avr-gcc/4.9.3/lib/gcc/avr/4.9.3/../../../../avr/lib/avr5/libm.a(addsf3x.o) (__fp_inf)
/usr/local/Cellar/avr-gcc/4.9.3/lib/gcc/avr/4.9.3/../../../../avr/lib/avr5/libm.a(fp_mpack.o)
                              /usr/local/Cellar/avr-gcc/4.9.3/lib/gcc/avr/4.9.3/../../../../avr/lib/avr5/libm.a(fmod.o) (__fp_mpack)
/usr/local/Cellar/avr-gcc/4.9.3/lib/gcc/avr/4.9.3/../../../../avr/lib/avr5/libm.a(fp_nan.o)
                              /usr/local/Cellar/avr-gcc/4.9.3/lib/gcc/avr/4.9.3/../../../../avr/lib/avr5/libm.a(addsf3x.o) (__fp_nan)
/usr/local/Cellar/avr-gcc/4.9.3/lib/gcc/avr/4.9.3/../../../../avr/lib/avr5/libm.a(fp_pscA.o)
                              /usr/local/Cellar/avr-gcc/4.9.3/lib/gcc/avr/4.9.3/../../../../avr/lib/avr5/libm.a(addsf3x.o) (__fp_pscA)
/usr/local/Cellar/avr-gcc/4.9.3/lib/gcc/avr/4.9.3/../../../../avr/lib/avr5/libm.a(fp_pscB.o)
                              /usr/local/Cellar/avr-gcc/4.9.3/lib/gcc/avr/4.9.3/../../../../avr/lib/avr5/libm.a(addsf3x.o) (__fp_pscB)
/usr/local/Cellar/avr-gcc/4.9.3/lib/gcc/avr/4.9.3/../../../../avr/lib/avr5/libm.a(fp_round.o)
                              /usr/local/Cellar/avr-gcc/4.9.3/lib/gcc/avr/4.9.3/../../../../avr/lib/avr5/libm.a(addsf3.o) (__fp_round)
/usr/local/Cellar/avr-gcc/4.9.3/lib/gcc/avr/4.9.3/../../../../avr/lib/avr5/libm.a(fp_split3.o)
                              /usr/local/Cellar/avr-gcc/4.9.3/lib/gcc/avr/4.9.3/../../../../avr/lib/avr5/libm.a(addsf3x.o) (__fp_split3)
/usr/local/Cellar/avr-gcc/4.9.3/lib/gcc/avr/4.9.3/../../../../avr/lib/avr5/libm.a(fp_zero.o)
                              /usr/local/Cellar/avr-gcc/4.9.3/lib/gcc/avr/4.9.3/../../../../avr/lib/avr5/libm.a(addsf3x.o) (__fp_zero)
/usr/local/Cellar/avr-gcc/4.9.3/lib/gcc/avr/4.9.3/../../../../avr/lib/avr5/libm.a(gesf2.o)
                              .build/obj_preonic_default/quantum/audio/audio.o (__gesf2)
/usr/local/Cellar/avr-gcc/4.9.3/lib/gcc/avr/4.9.3/../../../../avr/lib/avr5/libm.a(mulsf3.o)
                              .build/obj_preonic_default/quantum/process_keycode/process_music.o (__mulsf3)
/usr/local/Cellar/avr-gcc/4.9.3/lib/gcc/avr/4.9.3/../../../../avr/lib/avr5/libm.a(mulsf3x.o)
                              /usr/local/Cellar/avr-gcc/4.9.3/lib/gcc/avr/4.9.3/../../../../avr/lib/avr5/libm.a(mulsf3.o) (__mulsf3x)
/usr/local/Cellar/avr-gcc/4.9.3/lib/gcc/avr/4.9.3/../../../../avr/lib/avr5/libm.a(pow.o)
                              .build/obj_preonic_default/quantum/process_keycode/process_music.o (pow)
/usr/local/Cellar/avr-gcc/4.9.3/lib/gcc/avr/4.9.3/../../../../avr/lib/avr5/libm.a(exp.o)
                              /usr/local/Cellar/avr-gcc/4.9.3/lib/gcc/avr/4.9.3/../../../../avr/lib/avr5/libm.a(pow.o) (exp)
/usr/local/Cellar/avr-gcc/4.9.3/lib/gcc/avr/4.9.3/../../../../avr/lib/avr5/libm.a(fp_powser.o)
[...]
Memory Configuration

Name             Origin             Length             Attributes
text             0x0000000000000000 0x0000000000020000 xr
data             0x0000000000800060 0x000000000000ffa0 rw !x
eeprom           0x0000000000810000 0x0000000000010000 rw !x
fuse             0x0000000000820000 0x0000000000000400 rw !x
lock             0x0000000000830000 0x0000000000000400 rw !x
signature        0x0000000000840000 0x0000000000000400 rw !x
*default*        0x0000000000000000 0xffffffffffffffff

Linker script and memory map

Address of section .data set to 0x800100
LOAD /usr/local/Cellar/avr-gcc/4.9.3/lib/gcc/avr/4.9.3/../../../../avr/lib/avr5/crtm32u4.o
LOAD .build/obj_preonic_default/keyboards/preonic/preonic.o
LOAD .build/obj_preonic_default/keyboards/preonic/keymaps/default/keymap.o
LOAD .build/obj_preonic_default/quantum/quantum.o
LOAD .build/obj_preonic_default/quantum/keymap_common.o
LOAD .build/obj_preonic_default/quantum/keycode_config.o
LOAD .build/obj_preonic_default/quantum/process_keycode/process_leader.o
LOAD .build/obj_preonic_default/quantum/matrix.o
LOAD .build/obj_preonic_default/quantum/process_keycode/process_music.o
LOAD .build/obj_preonic_default/quantum/audio/audio.o
LOAD .build/obj_preonic_default/quantum/audio/voices.o
LOAD .build/obj_preonic_default/quantum/audio/luts.o
LOAD .build/obj_preonic_default/common/host.o
LOAD .build/obj_preonic_default/common/keyboard.o
LOAD .build/obj_preonic_default/common/action.o
LOAD .build/obj_preonic_default/common/action_tapping.o
LOAD .build/obj_preonic_default/common/action_macro.o
LOAD .build/obj_preonic_default/common/action_layer.o
LOAD .build/obj_preonic_default/common/action_util.o
LOAD .build/obj_preonic_default/common/print.o
LOAD .build/obj_preonic_default/common/debug.o
LOAD .build/obj_preonic_default/common/util.o
LOAD .build/obj_preonic_default/common/eeconfig.o
LOAD .build/obj_preonic_default/common/avr/suspend.o
LOAD .build/obj_preonic_default/common/avr/timer.o
LOAD .build/obj_preonic_default/common/avr/bootloader.o
LOAD .build/obj_preonic_default/common/avr/xprintf.o
LOAD .build/obj_preonic_default/common/magic.o
LOAD .build/obj_preonic_default/common/mousekey.o
LOAD .build/obj_preonic_default/common/command.o
LOAD .build/obj_preonic_default/common/backlight.o
LOAD .build/obj_preonic_default/lufa.o
LOAD .build/obj_preonic_default/descriptor.o
LOAD .build/obj_preonic_default/protocol/lufa/LUFA-git/LUFA/Drivers/USB/Class/Common/HIDParser.o
LOAD .build/obj_preonic_default/protocol/lufa/LUFA-git/LUFA/Drivers/USB/Core/AVR8/Device_AVR8.o
LOAD .build/obj_preonic_default/protocol/lufa/LUFA-git/LUFA/Drivers/USB/Core/AVR8/EndpointStream_AVR8.o
LOAD .build/obj_preonic_default/protocol/lufa/LUFA-git/LUFA/Drivers/USB/Core/AVR8/Endpoint_AVR8.o
LOAD .build/obj_preonic_default/protocol/lufa/LUFA-git/LUFA/Drivers/USB/Core/AVR8/Host_AVR8.o
LOAD .build/obj_preonic_default/protocol/lufa/LUFA-git/LUFA/Drivers/USB/Core/AVR8/PipeStream_AVR8.o
LOAD .build/obj_preonic_default/protocol/lufa/LUFA-git/LUFA/Drivers/USB/Core/AVR8/Pipe_AVR8.o
LOAD .build/obj_preonic_default/protocol/lufa/LUFA-git/LUFA/Drivers/USB/Core/AVR8/USBController_AVR8.o
LOAD .build/obj_preonic_default/protocol/lufa/LUFA-git/LUFA/Drivers/USB/Core/AVR8/USBInterrupt_AVR8.o
LOAD .build/obj_preonic_default/protocol/lufa/LUFA-git/LUFA/Drivers/USB/Core/ConfigDescriptors.o
LOAD .build/obj_preonic_default/protocol/lufa/LUFA-git/LUFA/Drivers/USB/Core/DeviceStandardReq.o
LOAD .build/obj_preonic_default/protocol/lufa/LUFA-git/LUFA/Drivers/USB/Core/Events.o
LOAD .build/obj_preonic_default/protocol/lufa/LUFA-git/LUFA/Drivers/USB/Core/HostStandardReq.o
LOAD .build/obj_preonic_default/protocol/lufa/LUFA-git/LUFA/Drivers/USB/Core/USBTask.o
LOAD /usr/local/Cellar/avr-gcc/4.9.3/lib/gcc/avr/4.9.3/../../../../avr/lib/avr5/libm.a
START GROUP
LOAD /usr/local/Cellar/avr-gcc/4.9.3/lib/gcc/avr/4.9.3/avr5/libgcc.a
LOAD /usr/local/Cellar/avr-gcc/4.9.3/lib/gcc/avr/4.9.3/../../../../avr/lib/avr5/libm.a
LOAD /usr/local/Cellar/avr-gcc/4.9.3/lib/gcc/avr/4.9.3/../../../../avr/lib/avr5/libc.a
END GROUP

.hash
 *(.hash)

.dynsym
 *(.dynsym)

.dynstr
 *(.dynstr)

.gnu.version
 *(.gnu.version)

.gnu.version_d
 *(.gnu.version_d)

.gnu.version_r
 *(.gnu.version_r)

.rel.init
 *(.rel.init)

.rela.init
 *(.rela.init)

.rel.text
 *(.rel.text)
 *(.rel.text.*)
 *(.rel.gnu.linkonce.t*)

.rela.text
 *(.rela.text)
 *(.rela.text.*)
 *(.rela.gnu.linkonce.t*)

.rel.fini
 *(.rel.fini)

.rela.fini
 *(.rela.fini)

.rel.rodata
 *(.rel.rodata)
 *(.rel.rodata.*)
 *(.rel.gnu.linkonce.r*)

.rela.rodata
 *(.rela.rodata)
 *(.rela.rodata.*)
 *(.rela.gnu.linkonce.r*)

.rel.data
 *(.rel.data)
 *(.rel.data.*)
 *(.rel.gnu.linkonce.d*)

.rela.data
 *(.rela.data)
 *(.rela.data.*)
 *(.rela.gnu.linkonce.d*)

.rel.ctors
 *(.rel.ctors)

.rela.ctors
 *(.rela.ctors)

.rel.dtors
 *(.rel.dtors)

.rela.dtors
 *(.rela.dtors)

.rel.got
 *(.rel.got)

.rela.got
 *(.rela.got)

.rel.bss
 *(.rel.bss)

.rela.bss
 *(.rela.bss)

.rel.plt
 *(.rel.plt)

.rela.plt
 *(.rela.plt)

.text           0x0000000000000000     0x6340
 *(.vectors)
 .vectors       0x0000000000000000       0xac /usr/local/Cellar/avr-gcc/4.9.3/lib/gcc/avr/4.9.3/../../../../avr/lib/avr5/crtm32u4.o
                0x0000000000000000                __vectors
                0x0000000000000000                __vector_default
 *(.vectors)
 *(.progmem.gcc*)
 .progmem.gcc_sw_table.process_action
                0x00000000000000ac       0x4a .build/obj_preonic_default/common/action.o
 .progmem.gcc_sw_table.USB_Device_ProcessControlRequest
                0x00000000000000f6       0x14 .build/obj_preonic_default/protocol/lufa/LUFA-git/LUFA/Drivers/USB/Core/DeviceStandardReq.o
 .progmem.gcc_fplib
                0x000000000000010a       0x28 /usr/local/Cellar/avr-gcc/4.9.3/lib/gcc/avr/4.9.3/../../../../avr/lib/avr5/libm.a(exp.o)
 .progmem.gcc_fplib
                0x0000000000000132       0x5a /usr/local/Cellar/avr-gcc/4.9.3/lib/gcc/avr/4.9.3/../../../../avr/lib/avr5/libm.a(log.o)
                0x000000000000018c                . = ALIGN (0x2)
                0x000000000000018c                __trampolines_start = .
 *(.trampolines)
 .trampolines   0x000000000000018c        0x0 linker stubs
 *(.trampolines*)
                0x000000000000018c                __trampolines_end = .
 *(.progmem*)
 .progmem.data.keymaps
                0x000000000000018c      0x7f8 .build/obj_preonic_default/keyboards/preonic/keymaps/default/keymap.o
                0x000000000000018c                keymaps
 .progmem.data.fn_actions
                0x0000000000000984        0x0 .build/obj_preonic_default/quantum/keymap_common.o
                0x0000000000000984                fn_actions
 .progmem.data.ProductString
                0x0000000000000984       0x2c .build/obj_preonic_default/descriptor.o
                0x0000000000000984                ProductString
 .progmem.data.ManufacturerString
                0x00000000000009b0       0x2e .build/obj_preonic_default/descriptor.o
                0x00000000000009b0                ManufacturerString
 .progmem.data.LanguageString
                0x00000000000009de        0x4 .build/obj_preonic_default/descriptor.o
                0x00000000000009de                LanguageString
 .progmem.data.ConfigurationDescriptor
                0x00000000000009e2       0x6d .build/obj_preonic_default/descriptor.o
                0x00000000000009e2                ConfigurationDescriptor
 .progmem.data.DeviceDescriptor
                0x0000000000000a4f       0x12 .build/obj_preonic_default/descriptor.o
                0x0000000000000a4f                DeviceDescriptor
 .progmem.data.NKROReport
                0x0000000000000a61       0x39 .build/obj_preonic_default/descriptor.o
                0x0000000000000a61                NKROReport
 .progmem.data.ExtrakeyReport
                0x0000000000000a9a       0x36 .build/obj_preonic_default/descriptor.o
                0x0000000000000a9a                ExtrakeyReport
 .progmem.data.MouseReport
                0x0000000000000ad0       0x4d .build/obj_preonic_default/descriptor.o
                0x0000000000000ad0                MouseReport
 .progmem.data.KeyboardReport
                0x0000000000000b1d       0x40 .build/obj_preonic_default/descriptor.o
                0x0000000000000b1d                KeyboardReport
                0x0000000000000b5e                . = ALIGN (0x2)
 *fill*         0x0000000000000b5d        0x1 
 *(.jumptables)
 *(.jumptables*)
 *(.lowtext)
 *(.lowtext*)
                0x0000000000000b5e                __ctors_start = .
 *(.ctors)
                0x0000000000000b5e                __ctors_end = .
                0x0000000000000b5e                __dtors_start = .
 *(.dtors)
                0x0000000000000b5e                __dtors_end = .
 SORT(*)(.ctors)
 SORT(*)(.dtors)
 *(.init0)
 .init0         0x0000000000000b5e        0x0 /usr/local/Cellar/avr-gcc/4.9.3/lib/gcc/avr/4.9.3/../../../../avr/lib/avr5/crtm32u4.o
                0x0000000000000b5e                __init
 *(.init0)
 *(.init1)
 *(.init1)
 *(.init2)
 .init2         0x0000000000000b5e        0xc /usr/local/Cellar/avr-gcc/4.9.3/lib/gcc/avr/4.9.3/../../../../avr/lib/avr5/crtm32u4.o
 *(.init2)
 *(.init3)
 .init3         0x0000000000000b6a       0x54 .build/obj_preonic_default/common/avr/bootloader.o
                0x0000000000000b6a                bootloader_jump_after_watchdog_reset
 *(.init3)
 *(.init4)
 .init4         0x0000000000000bbe       0x16 /usr/local/Cellar/avr-gcc/4.9.3/lib/gcc/avr/4.9.3/avr5/libgcc.a(_copy_data.o)
                0x0000000000000bbe                __do_copy_data
 .init4         0x0000000000000bd4       0x10 /usr/local/Cellar/avr-gcc/4.9.3/lib/gcc/avr/4.9.3/avr5/libgcc.a(_clear_bss.o)
                0x0000000000000bd4                __do_clear_bss
 *(.init4)
 *(.init5)
 *(.init5)
 *(.init6)
 *(.init6)
 *(.init7)
 *(.init7)
 *(.init8)
 *(.init8)
 *(.init9)
 .init9         0x0000000000000be4        0x8 /usr/local/Cellar/avr-gcc/4.9.3/lib/gcc/avr/4.9.3/../../../../avr/lib/avr5/crtm32u4.o
 *(.init9)
 *(.text)
 .text          0x0000000000000bec        0x4 /usr/local/Cellar/avr-gcc/4.9.3/lib/gcc/avr/4.9.3/../../../../avr/lib/avr5/crtm32u4.o
                0x0000000000000bec                __vector_42
                0x0000000000000bec                __vector_22
                0x0000000000000bec                __vector_28
                0x0000000000000bec                __vector_1
                0x0000000000000bec                __vector_34
                0x0000000000000bec                __vector_24
                0x0000000000000bec                __bad_interrupt
                0x0000000000000bec                __vector_6
                0x0000000000000bec                __vector_31
                0x0000000000000bec                __vector_35
                0x0000000000000bec                __vector_39
                0x0000000000000bec                __vector_3
                0x0000000000000bec                __vector_23
                0x0000000000000bec                __vector_30
                0x0000000000000bec                __vector_25
                0x0000000000000bec                __vector_13
                0x0000000000000bec                __vector_17
                0x0000000000000bec                __vector_19
                0x0000000000000bec                __vector_7
                0x0000000000000bec                __vector_41
                0x0000000000000bec                __vector_27
                0x0000000000000bec                __vector_5
                0x0000000000000bec                __vector_33
                0x0000000000000bec                __vector_37
                0x0000000000000bec                __vector_4
                0x0000000000000bec                __vector_9
                0x0000000000000bec                __vector_2
                0x0000000000000bec                __vector_15
                0x0000000000000bec                __vector_36
                0x0000000000000bec                __vector_29
                0x0000000000000bec                __vector_40
                0x0000000000000bec                __vector_8
                0x0000000000000bec                __vector_26
                0x0000000000000bec                __vector_14
                0x0000000000000bec                __vector_16
                0x0000000000000bec                __vector_18
                0x0000000000000bec                __vector_20
                0x0000000000000bec                __vector_38
                0x0000000000000bf0                . = ALIGN (0x2)
 *(.text.*)
 .text.matrix_init_kb
                0x0000000000000bf0        0x8 .build/obj_preonic_default/keyboards/preonic/preonic.o
                0x0000000000000bf0                matrix_init_kb
 .text.persistant_default_layer_set
                0x0000000000000bf8       0x18 .build/obj_preonic_default/keyboards/preonic/keymaps/default/keymap.o
                0x0000000000000bf8                persistant_default_layer_set
 .text.process_record_user
                0x0000000000000c10       0xf2 .build/obj_preonic_default/keyboards/preonic/keymaps/default/keymap.o
                0x0000000000000c10                process_record_user
 .text.startup_user
                0x0000000000000d02       0x30 .build/obj_preonic_default/keyboards/preonic/keymaps/default/keymap.o
                0x0000000000000d02                startup_user
 .text.matrix_init_user
                0x0000000000000d32        0x4 .build/obj_preonic_default/keyboards/preonic/keymaps/default/keymap.o
                0x0000000000000d32                matrix_init_user
 .text.shutdown_user
                0x0000000000000d36       0x32 .build/obj_preonic_default/keyboards/preonic/keymaps/default/keymap.o
                0x0000000000000d36                shutdown_user
 .text.music_scale_user
                0x0000000000000d68       0x1e .build/obj_preonic_default/keyboards/preonic/keymaps/default/keymap.o
                0x0000000000000d68                music_scale_user
 .text.music_on_user
                0x0000000000000d86        0x4 .build/obj_preonic_default/keyboards/preonic/keymaps/default/keymap.o
                0x0000000000000d86                music_on_user
 .text.process_action_kb
                0x0000000000000d8a        0x4 .build/obj_preonic_default/quantum/quantum.o
                0x0000000000000d8a                process_action_kb
 .text.process_record_kb
                0x0000000000000d8e        0x4 .build/obj_preonic_default/quantum/quantum.o
                0x0000000000000d8e                process_record_kb
 .text.update_tri_layer
                0x0000000000000d92       0x80 .build/obj_preonic_default/quantum/quantum.o
                0x0000000000000d92                update_tri_layer
 .text.matrix_scan_quantum
                0x0000000000000e12        0x8 .build/obj_preonic_default/quantum/quantum.o
                0x0000000000000e12                matrix_scan_quantum
 .text.backlight_init_ports
                0x0000000000000e1a       0x20 .build/obj_preonic_default/quantum/quantum.o
                0x0000000000000e1a                backlight_init_ports
 .text.matrix_init_quantum
                0x0000000000000e3a        0x8 .build/obj_preonic_default/quantum/quantum.o
                0x0000000000000e3a                matrix_init_quantum
 .text.backlight_set
                0x0000000000000e42       0x54 .build/obj_preonic_default/quantum/quantum.o
                0x0000000000000e42                backlight_set
 .text.led_set_user
                0x0000000000000e96        0x2 .build/obj_preonic_default/quantum/quantum.o
                0x0000000000000e96                led_set_user
 .text.led_set_kb
                0x0000000000000e98        0x4 .build/obj_preonic_default/quantum/quantum.o
                0x0000000000000e98                led_set_kb
 .text.led_set  0x0000000000000e9c        0x4 .build/obj_preonic_default/quantum/quantum.o
                0x0000000000000e9c                led_set
 .text.reset_keyboard
                0x0000000000000ea0       0x22 .build/obj_preonic_default/quantum/quantum.o
                0x0000000000000ea0                reset_keyboard
 .text.process_record_quantum
                0x0000000000000ec2      0x25a .build/obj_preonic_default/quantum/quantum.o
                0x0000000000000ec2                process_record_quantum
 .text.action_for_key
                0x000000000000111c      0x35e .build/obj_preonic_default/quantum/keymap_common.o
                0x000000000000111c                action_for_key
 .text.action_get_macro
                0x000000000000147a        0x6 .build/obj_preonic_default/quantum/keymap_common.o
                0x000000000000147a                action_get_macro
 .text.action_function
                0x0000000000001480        0x2 .build/obj_preonic_default/quantum/keymap_common.o
                0x0000000000001480                action_function
 .text.keymap_key_to_keycode
                0x0000000000001482       0x24 .build/obj_preonic_default/quantum/keymap_common.o
                0x0000000000001482                keymap_key_to_keycode
 .text.keycode_config
                0x00000000000014a6       0xfa .build/obj_preonic_default/quantum/keycode_config.o
                0x00000000000014a6                keycode_config
 .text.leader_start
                0x00000000000015a0        0x2 .build/obj_preonic_default/quantum/process_keycode/process_leader.o
                0x00000000000015a0                leader_start
 .text.process_leader
                0x00000000000015a2       0x9e .build/obj_preonic_default/quantum/process_keycode/process_leader.o
                0x00000000000015a2                process_leader
 .text.unselect_rows
                0x0000000000001640       0x42 .build/obj_preonic_default/quantum/matrix.o
 .text.matrix_scan_user
                0x0000000000001682        0x2 .build/obj_preonic_default/quantum/matrix.o
                0x0000000000001682                matrix_scan_user
 .text.matrix_scan_kb
                0x0000000000001684        0x4 .build/obj_preonic_default/quantum/matrix.o
                0x0000000000001684                matrix_scan_kb
 .text.matrix_init
                0x0000000000001688       0x6c .build/obj_preonic_default/quantum/matrix.o
                0x0000000000001688                matrix_init
 .text.matrix_scan
                0x00000000000016f4      0x12c .build/obj_preonic_default/quantum/matrix.o
                0x00000000000016f4                matrix_scan
 .text.matrix_get_row
                0x0000000000001820       0x12 .build/obj_preonic_default/quantum/matrix.o
                0x0000000000001820                matrix_get_row
 .text.matrix_print
                0x0000000000001832        0x2 .build/obj_preonic_default/quantum/matrix.o
                0x0000000000001832                matrix_print
 .text.music_off
                0x0000000000001834        0x8 .build/obj_preonic_default/quantum/process_keycode/process_music.o
                0x0000000000001834                music_off
 .text.music_on
                0x000000000000183c        0xa .build/obj_preonic_default/quantum/process_keycode/process_music.o
                0x000000000000183c                music_on
 .text.audio_on_user
                0x0000000000001846        0x2 .build/obj_preonic_default/quantum/process_keycode/process_music.o
                0x0000000000001846                audio_on_user
 .text.process_music
                0x0000000000001848      0x2c2 .build/obj_preonic_default/quantum/process_keycode/process_music.o
                0x0000000000001848                process_music
 .text.matrix_scan_music
                0x0000000000001b0a       0x9c .build/obj_preonic_default/quantum/process_keycode/process_music.o
                0x0000000000001b0a                matrix_scan_music
 .text.audio_init
                0x0000000000001ba6       0x34 .build/obj_preonic_default/quantum/audio/audio.o
                0x0000000000001ba6                audio_init
 .text.stop_all_notes
                0x0000000000001bda       0x66 .build/obj_preonic_default/quantum/audio/audio.o
                0x0000000000001bda                stop_all_notes
 .text.stop_note
                0x0000000000001c40      0x134 .build/obj_preonic_default/quantum/audio/audio.o
                0x0000000000001c40                stop_note
 .text.__vector_32
                0x0000000000001d74      0x63c .build/obj_preonic_default/quantum/audio/audio.o
                0x0000000000001d74                __vector_32
 .text.play_note
                0x00000000000023b0       0xc0 .build/obj_preonic_default/quantum/audio/audio.o
                0x00000000000023b0                play_note
 .text.play_notes
                0x0000000000002470      0x126 .build/obj_preonic_default/quantum/audio/audio.o
                0x0000000000002470                play_notes
 .text.is_audio_on
                0x0000000000002596        0x8 .build/obj_preonic_default/quantum/audio/audio.o
                0x0000000000002596                is_audio_on
 .text.audio_on
                0x000000000000259e       0x12 .build/obj_preonic_default/quantum/audio/audio.o
                0x000000000000259e                audio_on
 .text.audio_off
                0x00000000000025b0        0xe .build/obj_preonic_default/quantum/audio/audio.o
                0x00000000000025b0                audio_off
 .text.voice_iterate
                0x00000000000025be       0x16 .build/obj_preonic_default/quantum/audio/voices.o
                0x00000000000025be                voice_iterate
 .text.voice_deiterate
                0x00000000000025d4       0x16 .build/obj_preonic_default/quantum/audio/voices.o
                0x00000000000025d4                voice_deiterate
 .text.voice_envelope
                0x00000000000025ea      0x2de .build/obj_preonic_default/quantum/audio/voices.o
                0x00000000000025ea                voice_envelope
 .text.host_set_driver
                0x00000000000028c8        0xa .build/obj_preonic_default/common/host.o
                0x00000000000028c8                host_set_driver
 .text.host_keyboard_leds
                0x00000000000028d2       0x18 .build/obj_preonic_default/common/host.o
                0x00000000000028d2                host_keyboard_leds
 .text.host_keyboard_send
                0x00000000000028ea       0x16 .build/obj_preonic_default/common/host.o
                0x00000000000028ea                host_keyboard_send
 .text.host_mouse_send
                0x0000000000002900       0x16 .build/obj_preonic_default/common/host.o
                0x0000000000002900                host_mouse_send
 .text.host_system_send
                0x0000000000002916       0x2c .build/obj_preonic_default/common/host.o
                0x0000000000002916                host_system_send
 .text.host_consumer_send
                0x0000000000002942       0x2c .build/obj_preonic_default/common/host.o
                0x0000000000002942                host_consumer_send
 .text.matrix_setup
                0x000000000000296e        0x2 .build/obj_preonic_default/common/keyboard.o
                0x000000000000296e                matrix_setup
 .text.keyboard_setup
                0x0000000000002970        0x4 .build/obj_preonic_default/common/keyboard.o
                0x0000000000002970                keyboard_setup
 .text.keyboard_init
                0x0000000000002974       0x10 .build/obj_preonic_default/common/keyboard.o
                0x0000000000002974                keyboard_init
 .text.keyboard_task
                0x0000000000002984      0x172 .build/obj_preonic_default/common/keyboard.o
                0x0000000000002984                keyboard_task
 .text.action_exec
                0x0000000000002af6       0x5c .build/obj_preonic_default/common/action.o
                0x0000000000002af6                action_exec
 .text.register_code
                0x0000000000002b52      0x1a6 .build/obj_preonic_default/common/action.o
                0x0000000000002b52                register_code
 .text.unregister_code
                0x0000000000002cf8       0x9e .build/obj_preonic_default/common/action.o
                0x0000000000002cf8                unregister_code
 .text.register_mods
                0x0000000000002d96        0xe .build/obj_preonic_default/common/action.o
                0x0000000000002d96                register_mods
 .text.unregister_mods
                0x0000000000002da4        0xe .build/obj_preonic_default/common/action.o
                0x0000000000002da4                unregister_mods
 .text.process_action
                0x0000000000002db2      0x496 .build/obj_preonic_default/common/action.o
                0x0000000000002db2                process_action
 .text.process_record
                0x0000000000003248       0x4e .build/obj_preonic_default/common/action.o
                0x0000000000003248                process_record
 .text.clear_keyboard_but_mods
                0x0000000000003296       0x28 .build/obj_preonic_default/common/action.o
                0x0000000000003296                clear_keyboard_but_mods
 .text.clear_keyboard
                0x00000000000032be        0x8 .build/obj_preonic_default/common/action.o
                0x00000000000032be                clear_keyboard
 .text.is_tap_key
                0x00000000000032c6       0x54 .build/obj_preonic_default/common/action.o
                0x00000000000032c6                is_tap_key
 .text.debug_event
                0x000000000000331a       0x1e .build/obj_preonic_default/common/action.o
                0x000000000000331a                debug_event
 .text.debug_record
                0x0000000000003338       0x20 .build/obj_preonic_default/common/action.o
                0x0000000000003338                debug_record
 .text.debug_waiting_buffer
                0x0000000000003358       0x42 .build/obj_preonic_default/common/action_tapping.o
 .text.debug_tapping_key
                0x000000000000339a       0x1c .build/obj_preonic_default/common/action_tapping.o
 .text.waiting_buffer_scan_tap
                0x00000000000033b6       0xb6 .build/obj_preonic_default/common/action_tapping.o
 .text.process_tapping
                0x000000000000346c      0x38e .build/obj_preonic_default/common/action_tapping.o
 .text.action_tapping_process
                0x00000000000037fa      0x148 .build/obj_preonic_default/common/action_tapping.o
                0x00000000000037fa                action_tapping_process
 .text.action_macro_play
                0x0000000000003942       0xfa .build/obj_preonic_default/common/action_macro.o
                0x0000000000003942                action_macro_play
 .text.default_layer_debug
                0x0000000000003a3c        0x2 .build/obj_preonic_default/common/action_layer.o
                0x0000000000003a3c                default_layer_debug
 .text.default_layer_set
                0x0000000000003a3e       0x14 .build/obj_preonic_default/common/action_layer.o
                0x0000000000003a3e                default_layer_set
 .text.default_layer_or
                0x0000000000003a52       0x38 .build/obj_preonic_default/common/action_layer.o
                0x0000000000003a52                default_layer_or
 .text.default_layer_and
                0x0000000000003a8a       0x38 .build/obj_preonic_default/common/action_layer.o
                0x0000000000003a8a                default_layer_and
 .text.default_layer_xor
                0x0000000000003ac2       0x38 .build/obj_preonic_default/common/action_layer.o
                0x0000000000003ac2                default_layer_xor
 .text.layer_clear
                0x0000000000003afa       0x14 .build/obj_preonic_default/common/action_layer.o
                0x0000000000003afa                layer_clear
 .text.layer_move
                0x0000000000003b0e       0x2a .build/obj_preonic_default/common/action_layer.o
                0x0000000000003b0e                layer_move
 .text.layer_on
                0x0000000000003b38       0x42 .build/obj_preonic_default/common/action_layer.o
                0x0000000000003b38                layer_on
 .text.layer_off
                0x0000000000003b7a       0x4a .build/obj_preonic_default/common/action_layer.o
                0x0000000000003b7a                layer_off
 .text.layer_invert
                0x0000000000003bc4       0x42 .build/obj_preonic_default/common/action_layer.o
                0x0000000000003bc4                layer_invert
 .text.layer_or
                0x0000000000003c06       0x38 .build/obj_preonic_default/common/action_layer.o
                0x0000000000003c06                layer_or
 .text.layer_and
                0x0000000000003c3e       0x38 .build/obj_preonic_default/common/action_layer.o
                0x0000000000003c3e                layer_and
 .text.layer_xor
                0x0000000000003c76       0x38 .build/obj_preonic_default/common/action_layer.o
                0x0000000000003c76                layer_xor
 .text.layer_debug
                0x0000000000003cae        0x2 .build/obj_preonic_default/common/action_layer.o
                0x0000000000003cae                layer_debug
 .text.layer_switch_get_layer
                0x0000000000003cb0       0x7e .build/obj_preonic_default/common/action_layer.o
                0x0000000000003cb0                layer_switch_get_layer
 .text.layer_switch_get_action
                0x0000000000003d2e       0x16 .build/obj_preonic_default/common/action_layer.o
                0x0000000000003d2e                layer_switch_get_action
 .text.store_or_get_action
                0x0000000000003d44        0x8 .build/obj_preonic_default/common/action_layer.o
                0x0000000000003d44                store_or_get_action
 .text.get_oneshot_layer
                0x0000000000003d4c        0xc .build/obj_preonic_default/common/action_util.o
                0x0000000000003d4c                get_oneshot_layer
 .text.get_oneshot_layer_state
                0x0000000000003d58        0x8 .build/obj_preonic_default/common/action_util.o
                0x0000000000003d58                get_oneshot_layer_state
 .text.set_oneshot_layer
                0x0000000000003d60       0x12 .build/obj_preonic_default/common/action_util.o
                0x0000000000003d60                set_oneshot_layer
 .text.clear_oneshot_layer_state
                0x0000000000003d72       0x2e .build/obj_preonic_default/common/action_util.o
                0x0000000000003d72                clear_oneshot_layer_state
 .text.is_oneshot_layer_active
                0x0000000000003da0        0xe .build/obj_preonic_default/common/action_util.o
                0x0000000000003da0                is_oneshot_layer_active
 .text.add_key  0x0000000000003dae       0x84 .build/obj_preonic_default/common/action_util.o
                0x0000000000003dae                add_key
 .text.del_key  0x0000000000003e32       0x6c .build/obj_preonic_default/common/action_util.o
                0x0000000000003e32                del_key
 .text.clear_keys
                0x0000000000003e9e       0x1c .build/obj_preonic_default/common/action_util.o
                0x0000000000003e9e                clear_keys
 .text.add_mods
                0x0000000000003eba        0xc .build/obj_preonic_default/common/action_util.o
                0x0000000000003eba                add_mods
 .text.del_mods
                0x0000000000003ec6        0xe .build/obj_preonic_default/common/action_util.o
                0x0000000000003ec6                del_mods
 .text.clear_mods
                0x0000000000003ed4        0x6 .build/obj_preonic_default/common/action_util.o
                0x0000000000003ed4                clear_mods
 .text.add_weak_mods
                0x0000000000003eda        0xc .build/obj_preonic_default/common/action_util.o
                0x0000000000003eda                add_weak_mods
 .text.del_weak_mods
                0x0000000000003ee6        0xe .build/obj_preonic_default/common/action_util.o
                0x0000000000003ee6                del_weak_mods
 .text.clear_weak_mods
                0x0000000000003ef4        0x6 .build/obj_preonic_default/common/action_util.o
                0x0000000000003ef4                clear_weak_mods
 .text.add_macro_mods
                0x0000000000003efa        0xc .build/obj_preonic_default/common/action_util.o
                0x0000000000003efa                add_macro_mods
 .text.del_macro_mods
                0x0000000000003f06        0xe .build/obj_preonic_default/common/action_util.o
                0x0000000000003f06                del_macro_mods
 .text.clear_macro_mods
                0x0000000000003f14        0x6 .build/obj_preonic_default/common/action_util.o
                0x0000000000003f14                clear_macro_mods
 .text.set_oneshot_mods
                0x0000000000003f1a        0x6 .build/obj_preonic_default/common/action_util.o
                0x0000000000003f1a                set_oneshot_mods
 .text.clear_oneshot_mods
                0x0000000000003f20        0x6 .build/obj_preonic_default/common/action_util.o
                0x0000000000003f20                clear_oneshot_mods
 .text.has_anykey
                0x0000000000003f26       0x22 .build/obj_preonic_default/common/action_util.o
                0x0000000000003f26                has_anykey
 .text.send_keyboard_report
                0x0000000000003f48       0x5e .build/obj_preonic_default/common/action_util.o
                0x0000000000003f48                send_keyboard_report
 .text.eeconfig_init
                0x0000000000003fa6       0x48 .build/obj_preonic_default/common/eeconfig.o
                0x0000000000003fa6                eeconfig_init
 .text.eeconfig_is_enabled
                0x0000000000003fee       0x16 .build/obj_preonic_default/common/eeconfig.o
                0x0000000000003fee                eeconfig_is_enabled
 .text.eeconfig_read_debug
                0x0000000000004004        0x8 .build/obj_preonic_default/common/eeconfig.o
                0x0000000000004004                eeconfig_read_debug
 .text.eeconfig_read_default_layer
                0x000000000000400c        0x8 .build/obj_preonic_default/common/eeconfig.o
                0x000000000000400c                eeconfig_read_default_layer
 .text.eeconfig_update_default_layer
                0x0000000000004014        0xa .build/obj_preonic_default/common/eeconfig.o
                0x0000000000004014                eeconfig_update_default_layer
 .text.eeconfig_read_keymap
                0x000000000000401e        0x8 .build/obj_preonic_default/common/eeconfig.o
                0x000000000000401e                eeconfig_read_keymap
 .text.eeconfig_update_keymap
                0x0000000000004026        0xa .build/obj_preonic_default/common/eeconfig.o
                0x0000000000004026                eeconfig_update_keymap
 .text.eeconfig_read_backlight
                0x0000000000004030        0x8 .build/obj_preonic_default/common/eeconfig.o
                0x0000000000004030                eeconfig_read_backlight
 .text.eeconfig_update_backlight
                0x0000000000004038        0xa .build/obj_preonic_default/common/eeconfig.o
                0x0000000000004038                eeconfig_update_backlight
 .text.eeconfig_read_audio
                0x0000000000004042        0x8 .build/obj_preonic_default/common/eeconfig.o
                0x0000000000004042                eeconfig_read_audio
 .text.eeconfig_update_audio
                0x000000000000404a        0xa .build/obj_preonic_default/common/eeconfig.o
                0x000000000000404a                eeconfig_update_audio
 .text.suspend_power_down
                0x0000000000004054       0x5e .build/obj_preonic_default/common/avr/suspend.o
                0x0000000000004054                suspend_power_down
 .text.matrix_power_up
                0x00000000000040b2        0x2 .build/obj_preonic_default/common/avr/suspend.o
                0x00000000000040b2                matrix_power_up
 .text.matrix_power_down
                0x00000000000040b4        0x2 .build/obj_preonic_default/common/avr/suspend.o
                0x00000000000040b4                matrix_power_down
 .text.suspend_wakeup_condition
                0x00000000000040b6       0x30 .build/obj_preonic_default/common/avr/suspend.o
                0x00000000000040b6                suspend_wakeup_condition
 .text.suspend_wakeup_init
                0x00000000000040e6       0x16 .build/obj_preonic_default/common/avr/suspend.o
                0x00000000000040e6                suspend_wakeup_init
 .text.__vector_12
                0x00000000000040fc       0x52 .build/obj_preonic_default/common/avr/suspend.o
                0x00000000000040fc                __vector_12
 .text.timer_init
                0x000000000000414e       0x12 .build/obj_preonic_default/common/avr/timer.o
                0x000000000000414e                timer_init
 .text.timer_read
                0x0000000000004160       0x18 .build/obj_preonic_default/common/avr/timer.o
                0x0000000000004160                timer_read
 .text.timer_elapsed
                0x0000000000004178       0x54 .build/obj_preonic_default/common/avr/timer.o
                0x0000000000004178                timer_elapsed
 .text.__vector_21
                0x00000000000041cc       0x4a .build/obj_preonic_default/common/avr/timer.o
                0x00000000000041cc                __vector_21
 .text.bootloader_jump
                0x0000000000004216       0x44 .build/obj_preonic_default/common/avr/bootloader.o
                0x0000000000004216                bootloader_jump
 .text.magic    0x000000000000425a       0x3c .build/obj_preonic_default/common/magic.o
                0x000000000000425a                magic
 .text.move_unit
                0x0000000000004296       0x92 .build/obj_preonic_default/common/mousekey.o
 .text.wheel_unit
                0x0000000000004328       0x72 .build/obj_preonic_default/common/mousekey.o
 .text.mousekey_on
                0x000000000000439a       0xd0 .build/obj_preonic_default/common/mousekey.o
                0x000000000000439a                mousekey_on
 .text.mousekey_off
                0x000000000000446a      0x10a .build/obj_preonic_default/common/mousekey.o
                0x000000000000446a                mousekey_off
 .text.mousekey_send
                0x0000000000004574       0x16 .build/obj_preonic_default/common/mousekey.o
                0x0000000000004574                mousekey_send
 .text.mousekey_task
                0x000000000000458a      0x14c .build/obj_preonic_default/common/mousekey.o
                0x000000000000458a                mousekey_task
 .text.mousekey_clear
                0x00000000000046d6       0x18 .build/obj_preonic_default/common/mousekey.o
                0x00000000000046d6                mousekey_clear
 .text.mousekey_param_inc
                0x00000000000046ee       0xec .build/obj_preonic_default/common/command.o
 .text.mousekey_param_dec
                0x00000000000047da       0xa0 .build/obj_preonic_default/common/command.o
 .text.command_common
                0x000000000000487a      0x168 .build/obj_preonic_default/common/command.o
 .text.command_extra
                0x00000000000049e2        0x4 .build/obj_preonic_default/common/command.o
                0x00000000000049e2                command_extra
 .text.command_console_extra
                0x00000000000049e6        0x4 .build/obj_preonic_default/common/command.o
                0x00000000000049e6                command_console_extra
 .text.numkey2num
                0x00000000000049ea       0x16 .build/obj_preonic_default/common/command.o
                0x00000000000049ea                numkey2num
 .text.command_proc
                0x0000000000004a00      0x12e .build/obj_preonic_default/common/command.o
                0x0000000000004a00                command_proc
 .text.backlight_init
                0x0000000000004b2e       0x22 .build/obj_preonic_default/common/backlight.o
                0x0000000000004b2e                backlight_init
 .text.backlight_increase
                0x0000000000004b50       0x2e .build/obj_preonic_default/common/backlight.o
                0x0000000000004b50                backlight_increase
 .text.backlight_decrease
                0x0000000000004b7e       0x38 .build/obj_preonic_default/common/backlight.o
                0x0000000000004b7e                backlight_decrease
 .text.backlight_toggle
                0x0000000000004bb6       0x26 .build/obj_preonic_default/common/backlight.o
                0x0000000000004bb6                backlight_toggle
 .text.backlight_step
                0x0000000000004bdc       0x46 .build/obj_preonic_default/common/backlight.o
                0x0000000000004bdc                backlight_step
 .text.backlight_level
                0x0000000000004c22       0x3a .build/obj_preonic_default/common/backlight.o
                0x0000000000004c22                backlight_level
 .text.keyboard_leds
                0x0000000000004c5c        0x6 .build/obj_preonic_default/lufa.o
 .text.send_consumer
                0x0000000000004c62       0x68 .build/obj_preonic_default/lufa.o
 .text.send_system
                0x0000000000004cca       0x68 .build/obj_preonic_default/lufa.o
 .text.send_mouse
                0x0000000000004d32       0x46 .build/obj_preonic_default/lufa.o
 .text.send_keyboard
                0x0000000000004d78       0xa2 .build/obj_preonic_default/lufa.o
 .text.EVENT_USB_Device_Connect
                0x0000000000004e1a       0x1c .build/obj_preonic_default/lufa.o
                0x0000000000004e1a                EVENT_USB_Device_Connect
 .text.EVENT_USB_Device_Disconnect
                0x0000000000004e36        0x6 .build/obj_preonic_default/lufa.o
                0x0000000000004e36                EVENT_USB_Device_Disconnect
 .text.EVENT_USB_Device_Reset
                0x0000000000004e3c        0x2 .build/obj_preonic_default/lufa.o
                0x0000000000004e3c                EVENT_USB_Device_Reset
 .text.EVENT_USB_Device_Suspend
                0x0000000000004e3e        0x2 .build/obj_preonic_default/lufa.o
                0x0000000000004e3e                EVENT_USB_Device_Suspend
 .text.EVENT_USB_Device_WakeUp
                0x0000000000004e40        0x4 .build/obj_preonic_default/lufa.o
                0x0000000000004e40                EVENT_USB_Device_WakeUp
 .text.EVENT_USB_Device_ConfigurationChanged
                0x0000000000004e44       0x28 .build/obj_preonic_default/lufa.o
                0x0000000000004e44                EVENT_USB_Device_ConfigurationChanged
 .text.EVENT_USB_Device_ControlRequest
                0x0000000000004e6c      0x164 .build/obj_preonic_default/lufa.o
                0x0000000000004e6c                EVENT_USB_Device_ControlRequest
 .text.startup.main
                0x0000000000004fd0       0x76 .build/obj_preonic_default/lufa.o
                0x0000000000004fd0                main
 .text.CALLBACK_USB_GetDescriptor
                0x0000000000005046       0xb0 .build/obj_preonic_default/descriptor.o
                0x0000000000005046                CALLBACK_USB_GetDescriptor
 .text.USB_Device_SendRemoteWakeup
                0x00000000000050f6       0x2c .build/obj_preonic_default/protocol/lufa/LUFA-git/LUFA/Drivers/USB/Core/AVR8/Device_AVR8.o
                0x00000000000050f6                USB_Device_SendRemoteWakeup
 .text.Endpoint_Write_Stream_LE
                0x0000000000005122       0x96 .build/obj_preonic_default/protocol/lufa/LUFA-git/LUFA/Drivers/USB/Core/AVR8/EndpointStream_AVR8.o
                0x0000000000005122                Endpoint_Write_Stream_LE
 .text.Endpoint_Write_Control_Stream_LE
                0x00000000000051b8       0xc6 .build/obj_preonic_default/protocol/lufa/LUFA-git/LUFA/Drivers/USB/Core/AVR8/EndpointStream_AVR8.o
                0x00000000000051b8                Endpoint_Write_Control_Stream_LE
 .text.Endpoint_Write_Control_PStream_LE
                0x000000000000527e       0xc2 .build/obj_preonic_default/protocol/lufa/LUFA-git/LUFA/Drivers/USB/Core/AVR8/EndpointStream_AVR8.o
                0x000000000000527e                Endpoint_Write_Control_PStream_LE
 .text.Endpoint_ConfigureEndpoint_Prv
                0x0000000000005340       0x6a .build/obj_preonic_default/protocol/lufa/LUFA-git/LUFA/Drivers/USB/Core/AVR8/Endpoint_AVR8.o
                0x0000000000005340                Endpoint_ConfigureEndpoint_Prv
 .text.Endpoint_ClearStatusStage
                0x00000000000053aa       0x3e .build/obj_preonic_default/protocol/lufa/LUFA-git/LUFA/Drivers/USB/Core/AVR8/Endpoint_AVR8.o
                0x00000000000053aa                Endpoint_ClearStatusStage
 .text.Endpoint_WaitUntilReady
                0x00000000000053e8       0x64 .build/obj_preonic_default/protocol/lufa/LUFA-git/LUFA/Drivers/USB/Core/AVR8/Endpoint_AVR8.o
                0x00000000000053e8                Endpoint_WaitUntilReady
 .text.USB_Disable
                0x000000000000544c       0x34 .build/obj_preonic_default/protocol/lufa/LUFA-git/LUFA/Drivers/USB/Core/AVR8/USBController_AVR8.o
                0x000000000000544c                USB_Disable
 .text.USB_ResetInterface
                0x0000000000005480       0x86 .build/obj_preonic_default/protocol/lufa/LUFA-git/LUFA/Drivers/USB/Core/AVR8/USBController_AVR8.o
                0x0000000000005480                USB_ResetInterface
 .text.USB_Init
                0x0000000000005506       0x22 .build/obj_preonic_default/protocol/lufa/LUFA-git/LUFA/Drivers/USB/Core/AVR8/USBController_AVR8.o
                0x0000000000005506                USB_Init
 .text.USB_INT_DisableAllInterrupts
                0x0000000000005528       0x10 .build/obj_preonic_default/protocol/lufa/LUFA-git/LUFA/Drivers/USB/Core/AVR8/USBInterrupt_AVR8.o
                0x0000000000005528                USB_INT_DisableAllInterrupts
 .text.USB_INT_ClearAllInterrupts
                0x0000000000005538        0xa .build/obj_preonic_default/protocol/lufa/LUFA-git/LUFA/Drivers/USB/Core/AVR8/USBInterrupt_AVR8.o
                0x0000000000005538                USB_INT_ClearAllInterrupts
 .text.__vector_10
                0x0000000000005542      0x1a4 .build/obj_preonic_default/protocol/lufa/LUFA-git/LUFA/Drivers/USB/Core/AVR8/USBInterrupt_AVR8.o
                0x0000000000005542                __vector_10
 .text.__vector_11
                0x00000000000056e6       0x88 .build/obj_preonic_default/protocol/lufa/LUFA-git/LUFA/Drivers/USB/Core/AVR8/USBInterrupt_AVR8.o
                0x00000000000056e6                __vector_11
 .text.USB_Device_ProcessControlRequest
                0x000000000000576e      0x2a2 .build/obj_preonic_default/protocol/lufa/LUFA-git/LUFA/Drivers/USB/Core/DeviceStandardReq.o
                0x000000000000576e                USB_Device_ProcessControlRequest
 .text.USB_Event_Stub
                0x0000000000005a10        0x2 .build/obj_preonic_default/protocol/lufa/LUFA-git/LUFA/Drivers/USB/Core/Events.o
                0x0000000000005a10                USB_Event_Stub
                0x0000000000005a10                EVENT_USB_Device_StartOfFrame
 .text.USB_USBTask
                0x0000000000005a12       0x36 .build/obj_preonic_default/protocol/lufa/LUFA-git/LUFA/Drivers/USB/Core/USBTask.o
                0x0000000000005a12                USB_USBTask
 .text.avr-libc.fplib
                0x0000000000005a48        0xe /usr/local/Cellar/avr-gcc/4.9.3/lib/gcc/avr/4.9.3/../../../../avr/lib/avr5/libm.a(addsf3.o)
                0x0000000000005a48                __subsf3
                0x0000000000005a4a                __addsf3
 .text.avr-libc.fplib
                0x0000000000005a56       0xcc /usr/local/Cellar/avr-gcc/4.9.3/lib/gcc/avr/4.9.3/../../../../avr/lib/avr5/libm.a(addsf3x.o)
                0x0000000000005a78                __addsf3x
 .text.avr-libc.fplib
                0x0000000000005b22        0xa /usr/local/Cellar/avr-gcc/4.9.3/lib/gcc/avr/4.9.3/../../../../avr/lib/avr5/libm.a(cmpsf2.o)
                0x0000000000005b22                __lesf2
                0x0000000000005b22                __nesf2
                0x0000000000005b22                __eqsf2
                0x0000000000005b22                __cmpsf2
                0x0000000000005b22                __ltsf2
 .text.avr-libc.fplib
                0x0000000000005b2c        0x8 /usr/local/Cellar/avr-gcc/4.9.3/lib/gcc/avr/4.9.3/../../../../avr/lib/avr5/libm.a(divsf3.o)
                0x0000000000005b2c                __divsf3
 .text.avr-libc.fplib
                0x0000000000005b34       0xdc /usr/local/Cellar/avr-gcc/4.9.3/lib/gcc/avr/4.9.3/../../../../avr/lib/avr5/libm.a(divsf3x.o)
                0x0000000000005b54                __divsf3x
                0x0000000000005b5a                __divsf3_pse
 .text.avr-libc.fplib
                0x0000000000005c10        0xe /usr/local/Cellar/avr-gcc/4.9.3/lib/gcc/avr/4.9.3/../../../../avr/lib/avr5/libm.a(fixsfsi.o)
                0x0000000000005c10                __fixsfsi
 .text.avr-libc.fplib
                0x0000000000005c1e       0x5e /usr/local/Cellar/avr-gcc/4.9.3/lib/gcc/avr/4.9.3/../../../../avr/lib/avr5/libm.a(fixunssfsi.o)
                0x0000000000005c1e                __fixunssfsi
 .text.avr-libc.fplib
                0x0000000000005c7c       0x7a /usr/local/Cellar/avr-gcc/4.9.3/lib/gcc/avr/4.9.3/../../../../avr/lib/avr5/libm.a(floatsisf.o)
                0x0000000000005c7c                __floatunsisf
                0x0000000000005c80                __floatsisf
 .text.avr-libc.fplib
                0x0000000000005cf6       0xa8 /usr/local/Cellar/avr-gcc/4.9.3/lib/gcc/avr/4.9.3/../../../../avr/lib/avr5/libm.a(fmod.o)
                0x0000000000005d0c                fmod
 .text.avr-libc.fplib
                0x0000000000005d9e       0x48 /usr/local/Cellar/avr-gcc/4.9.3/lib/gcc/avr/4.9.3/../../../../avr/lib/avr5/libm.a(fp_cmp.o)
                0x0000000000005d9e                __fp_cmp
 .text.avr-libc.fplib
                0x0000000000005de6        0xc /usr/local/Cellar/avr-gcc/4.9.3/lib/gcc/avr/4.9.3/../../../../avr/lib/avr5/libm.a(fp_inf.o)
                0x0000000000005de6                __fp_inf
 .text.avr-libc.fplib
                0x0000000000005df2       0x1c /usr/local/Cellar/avr-gcc/4.9.3/lib/gcc/avr/4.9.3/../../../../avr/lib/avr5/libm.a(fp_mpack.o)
                0x0000000000005df2                __fp_mpack
                0x0000000000005df6                __fp_mpack_finite
 .text.avr-libc.fplib
                0x0000000000005e0e        0x6 /usr/local/Cellar/avr-gcc/4.9.3/lib/gcc/avr/4.9.3/../../../../avr/lib/avr5/libm.a(fp_nan.o)
                0x0000000000005e0e                __fp_nan
 .text.avr-libc.fplib
                0x0000000000005e14        0xe /usr/local/Cellar/avr-gcc/4.9.3/lib/gcc/avr/4.9.3/../../../../avr/lib/avr5/libm.a(fp_pscA.o)
                0x0000000000005e14                __fp_pscA
 .text.avr-libc.fplib
                0x0000000000005e22        0xe /usr/local/Cellar/avr-gcc/4.9.3/lib/gcc/avr/4.9.3/../../../../avr/lib/avr5/libm.a(fp_pscB.o)
                0x0000000000005e22                __fp_pscB
 .text.avr-libc.fplib
                0x0000000000005e30       0x22 /usr/local/Cellar/avr-gcc/4.9.3/lib/gcc/avr/4.9.3/../../../../avr/lib/avr5/libm.a(fp_round.o)
                0x0000000000005e30                __fp_round
 .text.avr-libc.fplib
                0x0000000000005e52       0x44 /usr/local/Cellar/avr-gcc/4.9.3/lib/gcc/avr/4.9.3/../../../../avr/lib/avr5/libm.a(fp_split3.o)
                0x0000000000005e52                __fp_split3
                0x0000000000005e62                __fp_splitA
 .text.avr-libc.fplib
                0x0000000000005e96        0xe /usr/local/Cellar/avr-gcc/4.9.3/lib/gcc/avr/4.9.3/../../../../avr/lib/avr5/libm.a(fp_zero.o)
                0x0000000000005e96                __fp_zero
                0x0000000000005e98                __fp_szero
 .text.avr-libc.fplib
                0x0000000000005ea4        0xa /usr/local/Cellar/avr-gcc/4.9.3/lib/gcc/avr/4.9.3/../../../../avr/lib/avr5/libm.a(gesf2.o)
                0x0000000000005ea4                __gtsf2
                0x0000000000005ea4                __gesf2
 .text.avr-libc.fplib
                0x0000000000005eae        0x8 /usr/local/Cellar/avr-gcc/4.9.3/lib/gcc/avr/4.9.3/../../../../avr/lib/avr5/libm.a(mulsf3.o)
                0x0000000000005eae                __mulsf3
 .text.avr-libc.fplib
                0x0000000000005eb6       0xd2 /usr/local/Cellar/avr-gcc/4.9.3/lib/gcc/avr/4.9.3/../../../../avr/lib/avr5/libm.a(mulsf3x.o)
                0x0000000000005ed4                __mulsf3x
                0x0000000000005eda                __mulsf3_pse
 .text.avr-libc.fplib
                0x0000000000005f88       0xa0 /usr/local/Cellar/avr-gcc/4.9.3/lib/gcc/avr/4.9.3/../../../../avr/lib/avr5/libm.a(pow.o)
                0x0000000000005f88                pow
 .text.avr-libc.fplib
                0x0000000000006028       0x74 /usr/local/Cellar/avr-gcc/4.9.3/lib/gcc/avr/4.9.3/../../../../avr/lib/avr5/libm.a(exp.o)
                0x0000000000006038                exp
 .text.avr-libc.fplib
                0x000000000000609c       0x4e /usr/local/Cellar/avr-gcc/4.9.3/lib/gcc/avr/4.9.3/../../../../avr/lib/avr5/libm.a(fp_powser.o)
                0x000000000000609c                __fp_powser
 .text.avr-libc.fplib
                0x00000000000060ea       0x10 /usr/local/Cellar/avr-gcc/4.9.3/lib/gcc/avr/4.9.3/../../../../avr/lib/avr5/libm.a(inverse.o)
                0x00000000000060ea                inverse
 .text.avr-libc.fplib
                0x00000000000060fa       0x74 /usr/local/Cellar/avr-gcc/4.9.3/lib/gcc/avr/4.9.3/../../../../avr/lib/avr5/libm.a(ldexp.o)
                0x0000000000006102                ldexp
 .text.avr-libc.fplib
                0x000000000000616e       0xa0 /usr/local/Cellar/avr-gcc/4.9.3/lib/gcc/avr/4.9.3/../../../../avr/lib/avr5/libm.a(log.o)
                0x000000000000617e                log
 .text.avr-libc.fplib
                0x000000000000620e       0x68 /usr/local/Cellar/avr-gcc/4.9.3/lib/gcc/avr/4.9.3/../../../../avr/lib/avr5/libm.a(modf.o)
                0x000000000000620e                modff
                0x000000000000620e                modf
 .text.libgcc.div
                0x0000000000006276       0x28 /usr/local/Cellar/avr-gcc/4.9.3/lib/gcc/avr/4.9.3/avr5/libgcc.a(_udivmodhi4.o)
                0x0000000000006276                __udivmodhi4
 .text.libgcc.div
                0x000000000000629e       0x28 /usr/local/Cellar/avr-gcc/4.9.3/lib/gcc/avr/4.9.3/avr5/libgcc.a(_divmodhi4.o)
                0x000000000000629e                __divmodhi4
                0x000000000000629e                _div
 .text.libgcc   0x00000000000062c6        0xc /usr/local/Cellar/avr-gcc/4.9.3/lib/gcc/avr/4.9.3/avr5/libgcc.a(_tablejump2.o)
                0x00000000000062c6                __tablejump2__
 .text.avr-libc
                0x00000000000062d2       0x10 /usr/local/Cellar/avr-gcc/4.9.3/lib/gcc/avr/4.9.3/../../../../avr/lib/avr5/libc.a(eerd_byte_at90can32.o)
                0x00000000000062d2                eeprom_read_byte
 .text.avr-libc
                0x00000000000062e2        0xc /usr/local/Cellar/avr-gcc/4.9.3/lib/gcc/avr/4.9.3/../../../../avr/lib/avr5/libc.a(eerd_word_at90can32.o)
                0x00000000000062e2                eeprom_read_word
 .text.avr-libc
                0x00000000000062ee       0x22 /usr/local/Cellar/avr-gcc/4.9.3/lib/gcc/avr/4.9.3/../../../../avr/lib/avr5/libc.a(eeupd_byte_at90can32.o)
                0x00000000000062ee                eeprom_update_byte
                0x00000000000062f0                eeprom_update_r18
 .text.avr-libc
                0x0000000000006310        0xc /usr/local/Cellar/avr-gcc/4.9.3/lib/gcc/avr/4.9.3/../../../../avr/lib/avr5/libc.a(eeupd_word_at90can32.o)
                0x0000000000006310                eeprom_update_word
 .text.avr-libc
                0x000000000000631c       0x20 /usr/local/Cellar/avr-gcc/4.9.3/lib/gcc/avr/4.9.3/../../../../avr/lib/avr5/libc.a(eerd_block_at90can64.o)
                0x000000000000631c                eeprom_read_block
                0x0000000000006320                eeprom_read_blraw
                0x000000000000633c                . = ALIGN (0x2)
 *(.fini9)
 .fini9         0x000000000000633c        0x0 /usr/local/Cellar/avr-gcc/4.9.3/lib/gcc/avr/4.9.3/avr5/libgcc.a(_exit.o)
                0x000000000000633c                exit
                0x000000000000633c                _exit
 *(.fini9)
 *(.fini8)
 *(.fini8)
 *(.fini7)
 *(.fini7)
 *(.fini6)
 *(.fini6)
 *(.fini5)
 *(.fini5)
 *(.fini4)
 *(.fini4)
 *(.fini3)
 *(.fini3)
 *(.fini2)
 *(.fini2)
 *(.fini1)
 *(.fini1)
 *(.fini0)
 .fini0         0x000000000000633c        0x4 /usr/local/Cellar/avr-gcc/4.9.3/lib/gcc/avr/4.9.3/avr5/libgcc.a(_exit.o)
 *(.fini0)
                0x0000000000006340                _etext = .

.data           0x0000000000800100      0x1ca load address 0x0000000000006340
                0x0000000000800100                PROVIDE (__data_start, .)
 *(.data)
 *(.data*)
 .data.music_scale
                0x0000000000800100       0x40 .build/obj_preonic_default/keyboards/preonic/keymaps/default/keymap.o
                0x0000000000800100                music_scale
 .data.tone_goodbye
                0x0000000000800140       0x18 .build/obj_preonic_default/keyboards/preonic/keymaps/default/keymap.o
                0x0000000000800140                tone_goodbye
 .data.tone_colemak
                0x0000000000800158       0x30 .build/obj_preonic_default/keyboards/preonic/keymaps/default/keymap.o
                0x0000000000800158                tone_colemak
 .data.tone_dvorak
                0x0000000000800188       0x40 .build/obj_preonic_default/keyboards/preonic/keymaps/default/keymap.o
                0x0000000000800188                tone_dvorak
 .data.tone_qwerty
                0x00000000008001c8       0x20 .build/obj_preonic_default/keyboards/preonic/keymaps/default/keymap.o
                0x00000000008001c8                tone_qwerty
 .data.tone_startup
                0x00000000008001e8       0x20 .build/obj_preonic_default/keyboards/preonic/keymaps/default/keymap.o
                0x00000000008001e8                tone_startup
 .data.debouncing
                0x0000000000800208        0x1 .build/obj_preonic_default/quantum/matrix.o
 .data.music_sequence_interval
                0x0000000000800209        0x2 .build/obj_preonic_default/quantum/process_keycode/process_music.o
 .data.offset   0x000000000080020b        0x2 .build/obj_preonic_default/quantum/process_keycode/process_music.o
                0x000000000080020b                offset
 .data.starting_note
                0x000000000080020d        0x1 .build/obj_preonic_default/quantum/process_keycode/process_music.o
                0x000000000080020d                starting_note
 .data.note_timbre
                0x000000000080020e        0x4 .build/obj_preonic_default/quantum/audio/audio.o
                0x000000000080020e                note_timbre
 .data.note_tempo
                0x0000000000800212        0x1 .build/obj_preonic_default/quantum/audio/audio.o
                0x0000000000800212                note_tempo
 .data.keyboard_nkro
                0x0000000000800213        0x1 .build/obj_preonic_default/common/host.o
                0x0000000000800213                keyboard_nkro
 .data.keyboard_report
                0x0000000000800214        0x2 .build/obj_preonic_default/common/action_util.o
                0x0000000000800214                keyboard_report
 .data.mk_wheel_time_to_max
                0x0000000000800216        0x1 .build/obj_preonic_default/common/mousekey.o
                0x0000000000800216                mk_wheel_time_to_max
 .data.mk_wheel_max_speed
                0x0000000000800217        0x1 .build/obj_preonic_default/common/mousekey.o
                0x0000000000800217                mk_wheel_max_speed
 .data.mk_time_to_max
                0x0000000000800218        0x1 .build/obj_preonic_default/common/mousekey.o
                0x0000000000800218                mk_time_to_max
 .data.mk_max_speed
                0x0000000000800219        0x1 .build/obj_preonic_default/common/mousekey.o
                0x0000000000800219                mk_max_speed
 .data.mk_interval
                0x000000000080021a        0x1 .build/obj_preonic_default/common/mousekey.o
                0x000000000080021a                mk_interval
 .data.mk_delay
                0x000000000080021b        0x1 .build/obj_preonic_default/common/mousekey.o
                0x000000000080021b                mk_delay
 .data.lufa_driver
                0x000000000080021c        0xa .build/obj_preonic_default/lufa.o
                0x000000000080021c                lufa_driver
 .data.keyboard_protocol
                0x0000000000800226        0x1 .build/obj_preonic_default/lufa.o
                0x0000000000800226                keyboard_protocol
 *(.rodata)
 .rodata        0x0000000000800227       0x23 .build/obj_preonic_default/quantum/process_keycode/process_music.o
 *(.rodata*)
 .rodata.col_pins
                0x000000000080024a        0xc .build/obj_preonic_default/quantum/matrix.o
 .rodata.row_pins
                0x0000000000800256        0x5 .build/obj_preonic_default/quantum/matrix.o
 .rodata.vibrato_lut
                0x000000000080025b       0x50 .build/obj_preonic_default/quantum/audio/luts.o
                0x000000000080025b                vibrato_lut
 .rodata.CSWTCH.47
                0x00000000008002ab        0xa .build/obj_preonic_default/common/command.o
 .rodata.CSWTCH.3
                0x00000000008002b5        0x4 .build/obj_preonic_default/descriptor.o
 .rodata.CSWTCH.2
                0x00000000008002b9        0x8 .build/obj_preonic_default/descriptor.o
 .rodata.CSWTCH.1
                0x00000000008002c1        0x8 .build/obj_preonic_default/descriptor.o
 *(.gnu.linkonce.d*)
                0x00000000008002ca                . = ALIGN (0x2)
 *fill*         0x00000000008002c9        0x1 
                0x00000000008002ca                _edata = .
                0x00000000008002ca                PROVIDE (__data_end, .)

.bss            0x00000000008002ca      0x164
                0x00000000008002ca                PROVIDE (__bss_start, .)
 *(.bss)
 *(.bss*)
 .bss.shift_interrupted
                0x00000000008002ca        0x2 .build/obj_preonic_default/quantum/quantum.o
 .bss.leader_sequence_size
                0x00000000008002cc        0x1 .build/obj_preonic_default/quantum/process_keycode/process_leader.o
                0x00000000008002cc                leader_sequence_size
 .bss.leader_sequence
                0x00000000008002cd        0xa .build/obj_preonic_default/quantum/process_keycode/process_leader.o
                0x00000000008002cd                leader_sequence
 .bss.leader_time
                0x00000000008002d7        0x2 .build/obj_preonic_default/quantum/process_keycode/process_leader.o
                0x00000000008002d7                leader_time
 .bss.leading   0x00000000008002d9        0x1 .build/obj_preonic_default/quantum/process_keycode/process_leader.o
                0x00000000008002d9                leading
 .bss.matrix_debouncing
                0x00000000008002da        0xa .build/obj_preonic_default/quantum/matrix.o
 .bss.matrix    0x00000000008002e4        0xa .build/obj_preonic_default/quantum/matrix.o
 .bss.music_sequence_timer
                0x00000000008002ee        0x2 .build/obj_preonic_default/quantum/process_keycode/process_music.o
 .bss.music_sequence_position
                0x00000000008002f0        0x1 .build/obj_preonic_default/quantum/process_keycode/process_music.o
 .bss.music_sequence_count
                0x00000000008002f1        0x1 .build/obj_preonic_default/quantum/process_keycode/process_music.o
 .bss.music_sequence
                0x00000000008002f2       0x40 .build/obj_preonic_default/quantum/process_keycode/process_music.o
 .bss.music_sequence_playing
                0x0000000000800332        0x1 .build/obj_preonic_default/quantum/process_keycode/process_music.o
 .bss.music_sequence_recording
                0x0000000000800333        0x1 .build/obj_preonic_default/quantum/process_keycode/process_music.o
 .bss.music_activated
                0x0000000000800334        0x1 .build/obj_preonic_default/quantum/process_keycode/process_music.o
                0x0000000000800334                music_activated
 .bss.envelope_index
                0x0000000000800335        0x2 .build/obj_preonic_default/quantum/audio/audio.o
                0x0000000000800335                envelope_index
 .bss.audio_initialized
                0x0000000000800337        0x1 .build/obj_preonic_default/quantum/audio/audio.o
 .bss.polyphony_rate
                0x0000000000800338        0x4 .build/obj_preonic_default/quantum/audio/audio.o
                0x0000000000800338                polyphony_rate
 .bss.current_note
                0x000000000080033c        0x1 .build/obj_preonic_default/quantum/audio/audio.o
                0x000000000080033c                current_note
 .bss.note_resting
                0x000000000080033d        0x1 .build/obj_preonic_default/quantum/audio/audio.o
                0x000000000080033d                note_resting
 .bss.note_position
                0x000000000080033e        0x2 .build/obj_preonic_default/quantum/audio/audio.o
                0x000000000080033e                note_position
 .bss.note_length
                0x0000000000800340        0x4 .build/obj_preonic_default/quantum/audio/audio.o
                0x0000000000800340                note_length
 .bss.note_frequency
                0x0000000000800344        0x4 .build/obj_preonic_default/quantum/audio/audio.o
                0x0000000000800344                note_frequency
 .bss.playing_note
                0x0000000000800348        0x1 .build/obj_preonic_default/quantum/audio/audio.o
                0x0000000000800348                playing_note
 .bss.playing_notes
                0x0000000000800349        0x1 .build/obj_preonic_default/quantum/audio/audio.o
                0x0000000000800349                playing_notes
 .bss.place     0x000000000080034a        0x4 .build/obj_preonic_default/quantum/audio/audio.o
                0x000000000080034a                place
 .bss.volumes   0x000000000080034e       0x10 .build/obj_preonic_default/quantum/audio/audio.o
                0x000000000080034e                volumes
 .bss.frequencies
                0x000000000080035e       0x20 .build/obj_preonic_default/quantum/audio/audio.o
                0x000000000080035e                frequencies
 .bss.volume    0x000000000080037e        0x2 .build/obj_preonic_default/quantum/audio/audio.o
                0x000000000080037e                volume
 .bss.frequency
                0x0000000000800380        0x4 .build/obj_preonic_default/quantum/audio/audio.o
                0x0000000000800380                frequency
 .bss.voice_place
                0x0000000000800384        0x2 .build/obj_preonic_default/quantum/audio/audio.o
                0x0000000000800384                voice_place
 .bss.voices    0x0000000000800386        0x2 .build/obj_preonic_default/quantum/audio/audio.o
                0x0000000000800386                voices
 .bss.voice     0x0000000000800388        0x1 .build/obj_preonic_default/quantum/audio/voices.o
                0x0000000000800388                voice
 .bss.last_consumer_report
                0x0000000000800389        0x2 .build/obj_preonic_default/common/host.o
 .bss.last_system_report
                0x000000000080038b        0x2 .build/obj_preonic_default/common/host.o
 .bss.driver    0x000000000080038d        0x2 .build/obj_preonic_default/common/host.o
 .bss.led_status.4957
                0x000000000080038f        0x1 .build/obj_preonic_default/common/keyboard.o
 .bss.matrix_prev.4956
                0x0000000000800390        0xa .build/obj_preonic_default/common/keyboard.o
 .bss.waiting_buffer_tail
                0x000000000080039a        0x1 .build/obj_preonic_default/common/action_tapping.o
 .bss.waiting_buffer_head
                0x000000000080039b        0x1 .build/obj_preonic_default/common/action_tapping.o
 .bss.waiting_buffer
                0x000000000080039c       0x30 .build/obj_preonic_default/common/action_tapping.o
 .bss.tapping_key
                0x00000000008003cc        0x6 .build/obj_preonic_default/common/action_tapping.o
 .bss.layer_state
                0x00000000008003d2        0x4 .build/obj_preonic_default/common/action_layer.o
                0x00000000008003d2                layer_state
 .bss.default_layer_state
                0x00000000008003d6        0x4 .build/obj_preonic_default/common/action_layer.o
                0x00000000008003d6                default_layer_state
 .bss.oneshot_layer_data
                0x00000000008003da        0x1 .build/obj_preonic_default/common/action_util.o
 .bss.oneshot_mods
                0x00000000008003db        0x1 .build/obj_preonic_default/common/action_util.o
 .bss.__compound_literal.0
                0x00000000008003dc       0x10 .build/obj_preonic_default/common/action_util.o
 .bss.macro_mods
                0x00000000008003ec        0x1 .build/obj_preonic_default/common/action_util.o
 .bss.weak_mods
                0x00000000008003ed        0x1 .build/obj_preonic_default/common/action_util.o
 .bss.real_mods
                0x00000000008003ee        0x1 .build/obj_preonic_default/common/action_util.o
 .bss.debug_config
                0x00000000008003ef        0x1 .build/obj_preonic_default/common/debug.o
                0x00000000008003ef                debug_config
 .bss.wdt_timeout
                0x00000000008003f0        0x1 .build/obj_preonic_default/common/avr/suspend.o
 .bss.timer_count
                0x00000000008003f1        0x4 .build/obj_preonic_default/common/avr/timer.o
                0x00000000008003f1                timer_count
 .bss.last_timer
                0x00000000008003f5        0x2 .build/obj_preonic_default/common/mousekey.o
 .bss.mousekey_accel
                0x00000000008003f7        0x1 .build/obj_preonic_default/common/mousekey.o
 .bss.mousekey_repeat
                0x00000000008003f8        0x1 .build/obj_preonic_default/common/mousekey.o
 .bss.mouse_report
                0x00000000008003f9        0x5 .build/obj_preonic_default/common/mousekey.o
 .bss.mousekey_param
                0x00000000008003fe        0x1 .build/obj_preonic_default/common/command.o
 .bss.command_state
                0x00000000008003ff        0x1 .build/obj_preonic_default/common/command.o
                0x00000000008003ff                command_state
 .bss.keyboard_report_sent
                0x0000000000800400       0x10 .build/obj_preonic_default/lufa.o
 .bss.keyboard_led_stats
                0x0000000000800410        0x1 .build/obj_preonic_default/lufa.o
 .bss.keyboard_idle
                0x0000000000800411        0x1 .build/obj_preonic_default/lufa.o
                0x0000000000800411                keyboard_idle
 *(COMMON)
 COMMON         0x0000000000800412        0xc .build/obj_preonic_default/quantum/audio/audio.o
                0x0000000000800412                notes_count
                0x0000000000800414                notes_pointer
                0x0000000000800416                audio_config
                0x0000000000800417                notes_rest
                0x000000000080041b                sample
                0x000000000080041d                notes_repeat
 COMMON         0x000000000080041e        0x2 .build/obj_preonic_default/common/magic.o
                0x000000000080041e                keymap_config
 COMMON         0x0000000000800420        0x1 .build/obj_preonic_default/common/backlight.o
                0x0000000000800420                backlight_config
 COMMON         0x0000000000800421        0x3 .build/obj_preonic_default/protocol/lufa/LUFA-git/LUFA/Drivers/USB/Core/DeviceStandardReq.o
                0x0000000000800421                USB_Device_ConfigurationNumber
                0x0000000000800422                USB_Device_CurrentlySelfPowered
                0x0000000000800423                USB_Device_RemoteWakeupEnabled
 COMMON         0x0000000000800424        0xa .build/obj_preonic_default/protocol/lufa/LUFA-git/LUFA/Drivers/USB/Core/USBTask.o
                0x0000000000800424                USB_IsInitialized
                0x0000000000800425                USB_DeviceState
                0x0000000000800426                USB_ControlRequest
                0x000000000080042e                PROVIDE (__bss_end, .)
                0x0000000000006340                __data_load_start = LOADADDR (.data)
                0x000000000000650a                __data_load_end = (__data_load_start + SIZEOF (.data))

.noinit         0x000000000080042e        0x4
                0x000000000080042e                PROVIDE (__noinit_start, .)
 *(.noinit*)
 .noinit        0x000000000080042e        0x4 .build/obj_preonic_default/common/avr/bootloader.o
                0x000000000080042e                reset_key
                0x0000000000800432                PROVIDE (__noinit_end, .)
                0x0000000000800432                _end = .
                0x0000000000800432                PROVIDE (__heap_start, .)

.eeprom         0x0000000000810000        0x0
 *(.eeprom*)
                0x0000000000810000                __eeprom_end = .

.fuse
 *(.fuse)
 *(.lfuse)
 *(.hfuse)
 *(.efuse)

.lock
 *(.lock*)

.signature
 *(.signature*)

.stab           0x0000000000000000      0x528
 *(.stab)
 .stab          0x0000000000000000      0x15c /usr/local/Cellar/avr-gcc/4.9.3/lib/gcc/avr/4.9.3/avr5/libgcc.a(_udivmodhi4.o)
                                        0x168 (size before relaxing)
 .stab          0x000000000000015c      0x138 /usr/local/Cellar/avr-gcc/4.9.3/lib/gcc/avr/4.9.3/avr5/libgcc.a(_divmodhi4.o)
                                        0x144 (size before relaxing)
 .stab          0x0000000000000294       0x6c /usr/local/Cellar/avr-gcc/4.9.3/lib/gcc/avr/4.9.3/avr5/libgcc.a(_exit.o)
                                         0x78 (size before relaxing)
 .stab          0x0000000000000300       0x9c /usr/local/Cellar/avr-gcc/4.9.3/lib/gcc/avr/4.9.3/avr5/libgcc.a(_tablejump2.o)
                                         0xa8 (size before relaxing)
 .stab          0x000000000000039c       0xd8 /usr/local/Cellar/avr-gcc/4.9.3/lib/gcc/avr/4.9.3/avr5/libgcc.a(_copy_data.o)
                                         0xe4 (size before relaxing)
 .stab          0x0000000000000474       0xb4 /usr/local/Cellar/avr-gcc/4.9.3/lib/gcc/avr/4.9.3/avr5/libgcc.a(_clear_bss.o)
                                         0xc0 (size before relaxing)

.stabstr        0x0000000000000000      0x29c
 *(.stabstr)
 .stabstr       0x0000000000000000      0x29c .build/obj_preonic_default/common/avr/xprintf.o

.stab.excl
 *(.stab.excl)

.stab.exclstr
 *(.stab.exclstr)

.stab.index
 *(.stab.index)

.stab.indexstr
 *(.stab.indexstr)

.comment        0x0000000000000000       0x11
 *(.comment)
 .comment       0x0000000000000000       0x11 .build/obj_preonic_default/keyboards/preonic/preonic.o
                                         0x12 (size before relaxing)
 .comment       0x0000000000000011       0x12 .build/obj_preonic_default/keyboards/preonic/keymaps/default/keymap.o
 .comment       0x0000000000000011       0x12 .build/obj_preonic_default/quantum/quantum.o
 .comment       0x0000000000000011       0x12 .build/obj_preonic_default/quantum/keymap_common.o
 .comment       0x0000000000000011       0x12 .build/obj_preonic_default/quantum/keycode_config.o
 .comment       0x0000000000000011       0x12 .build/obj_preonic_default/quantum/process_keycode/process_leader.o
 .comment       0x0000000000000011       0x12 .build/obj_preonic_default/quantum/matrix.o
 .comment       0x0000000000000011       0x12 .build/obj_preonic_default/quantum/process_keycode/process_music.o
 .comment       0x0000000000000011       0x12 .build/obj_preonic_default/quantum/audio/audio.o
 .comment       0x0000000000000011       0x12 .build/obj_preonic_default/quantum/audio/voices.o
 .comment       0x0000000000000011       0x12 .build/obj_preonic_default/quantum/audio/luts.o
 .comment       0x0000000000000011       0x12 .build/obj_preonic_default/common/host.o
 .comment       0x0000000000000011       0x12 .build/obj_preonic_default/common/keyboard.o
 .comment       0x0000000000000011       0x12 .build/obj_preonic_default/common/action.o
 .comment       0x0000000000000011       0x12 .build/obj_preonic_default/common/action_tapping.o
 .comment       0x0000000000000011       0x12 .build/obj_preonic_default/common/action_macro.o
 .comment       0x0000000000000011       0x12 .build/obj_preonic_default/common/action_layer.o
 .comment       0x0000000000000011       0x12 .build/obj_preonic_default/common/action_util.o
 .comment       0x0000000000000011       0x12 .build/obj_preonic_default/common/debug.o
 .comment       0x0000000000000011       0x12 .build/obj_preonic_default/common/eeconfig.o
 .comment       0x0000000000000011       0x12 .build/obj_preonic_default/common/avr/suspend.o
 .comment       0x0000000000000011       0x12 .build/obj_preonic_default/common/avr/timer.o
 .comment       0x0000000000000011       0x12 .build/obj_preonic_default/common/avr/bootloader.o
 .comment       0x0000000000000011       0x12 .build/obj_preonic_default/common/magic.o
 .comment       0x0000000000000011       0x12 .build/obj_preonic_default/common/mousekey.o
 .comment       0x0000000000000011       0x12 .build/obj_preonic_default/common/command.o
 .comment       0x0000000000000011       0x12 .build/obj_preonic_default/common/backlight.o
 .comment       0x0000000000000011       0x12 .build/obj_preonic_default/lufa.o
 .comment       0x0000000000000011       0x12 .build/obj_preonic_default/descriptor.o
 .comment       0x0000000000000011       0x12 .build/obj_preonic_default/protocol/lufa/LUFA-git/LUFA/Drivers/USB/Core/AVR8/Device_AVR8.o
 .comment       0x0000000000000011       0x12 .build/obj_preonic_default/protocol/lufa/LUFA-git/LUFA/Drivers/USB/Core/AVR8/EndpointStream_AVR8.o
 .comment       0x0000000000000011       0x12 .build/obj_preonic_default/protocol/lufa/LUFA-git/LUFA/Drivers/USB/Core/AVR8/Endpoint_AVR8.o
 .comment       0x0000000000000011       0x12 .build/obj_preonic_default/protocol/lufa/LUFA-git/LUFA/Drivers/USB/Core/AVR8/USBController_AVR8.o
 .comment       0x0000000000000011       0x12 .build/obj_preonic_default/protocol/lufa/LUFA-git/LUFA/Drivers/USB/Core/AVR8/USBInterrupt_AVR8.o
 .comment       0x0000000000000011       0x12 .build/obj_preonic_default/protocol/lufa/LUFA-git/LUFA/Drivers/USB/Core/DeviceStandardReq.o
 .comment       0x0000000000000011       0x12 .build/obj_preonic_default/protocol/lufa/LUFA-git/LUFA/Drivers/USB/Core/Events.o
 .comment       0x0000000000000011       0x12 .build/obj_preonic_default/protocol/lufa/LUFA-git/LUFA/Drivers/USB/Core/USBTask.o

.note.gnu.avr.deviceinfo
                0x0000000000000000       0x34
 .note.gnu.avr.deviceinfo
                0x0000000000000000       0x34 /usr/local/Cellar/avr-gcc/4.9.3/lib/gcc/avr/4.9.3/../../../../avr/lib/avr5/crtm32u4.o

.note.gnu.build-id
 *(.note.gnu.build-id)

.debug
 *(.debug)

.line
 *(.line)

.debug_srcinfo
 *(.debug_srcinfo)

.debug_sfnames
 *(.debug_sfnames)

.debug_aranges  0x0000000000000000      0xc08
 *(.debug_aranges)
 .debug_aranges
                0x0000000000000000       0x20 .build/obj_preonic_default/keyboards/preonic/preonic.o
 .debug_aranges
                0x0000000000000020       0x50 .build/obj_preonic_default/keyboards/preonic/keymaps/default/keymap.o
 .debug_aranges
                0x0000000000000070       0xa8 .build/obj_preonic_default/quantum/quantum.o
 .debug_aranges
                0x0000000000000118       0x38 .build/obj_preonic_default/quantum/keymap_common.o
 .debug_aranges
                0x0000000000000150       0x20 .build/obj_preonic_default/quantum/keycode_config.o
 .debug_aranges
                0x0000000000000170       0x30 .build/obj_preonic_default/quantum/process_keycode/process_leader.o
 .debug_aranges
                0x00000000000001a0       0x98 .build/obj_preonic_default/quantum/matrix.o
 .debug_aranges
                0x0000000000000238       0x60 .build/obj_preonic_default/quantum/process_keycode/process_music.o
 .debug_aranges
                0x0000000000000298       0xb8 .build/obj_preonic_default/quantum/audio/audio.o
 .debug_aranges
                0x0000000000000350       0x38 .build/obj_preonic_default/quantum/audio/voices.o
 .debug_aranges
                0x0000000000000388       0x18 .build/obj_preonic_default/quantum/audio/luts.o
 .debug_aranges
                0x00000000000003a0       0x60 .build/obj_preonic_default/common/host.o
 .debug_aranges
                0x0000000000000400       0x40 .build/obj_preonic_default/common/keyboard.o
 .debug_aranges
                0x0000000000000440       0x90 .build/obj_preonic_default/common/action.o
 .debug_aranges
                0x00000000000004d0       0x40 .build/obj_preonic_default/common/action_tapping.o
 .debug_aranges
                0x0000000000000510       0x20 .build/obj_preonic_default/common/action_macro.o
 .debug_aranges
                0x0000000000000530       0xa0 .build/obj_preonic_default/common/action_layer.o
 .debug_aranges
                0x00000000000005d0      0x128 .build/obj_preonic_default/common/action_util.o
 .debug_aranges
                0x00000000000006f8       0x18 .build/obj_preonic_default/common/debug.o
 .debug_aranges
                0x0000000000000710       0x88 .build/obj_preonic_default/common/eeconfig.o
 .debug_aranges
                0x0000000000000798       0x50 .build/obj_preonic_default/common/avr/suspend.o
 .debug_aranges
                0x00000000000007e8       0x50 .build/obj_preonic_default/common/avr/timer.o
 .debug_aranges
                0x0000000000000838       0x28 .build/obj_preonic_default/common/avr/bootloader.o
 .debug_aranges
                0x0000000000000860       0x20 .build/obj_preonic_default/common/magic.o
 .debug_aranges
                0x0000000000000880       0x50 .build/obj_preonic_default/common/mousekey.o
 .debug_aranges
                0x00000000000008d0       0x50 .build/obj_preonic_default/common/command.o
 .debug_aranges
                0x0000000000000920       0x50 .build/obj_preonic_default/common/backlight.o
 .debug_aranges
                0x0000000000000970       0x88 .build/obj_preonic_default/lufa.o
 .debug_aranges
                0x00000000000009f8       0x20 .build/obj_preonic_default/descriptor.o
 .debug_aranges
                0x0000000000000a18       0x20 .build/obj_preonic_default/protocol/lufa/LUFA-git/LUFA/Drivers/USB/Core/AVR8/Device_AVR8.o
 .debug_aranges
                0x0000000000000a38       0xc8 .build/obj_preonic_default/protocol/lufa/LUFA-git/LUFA/Drivers/USB/Core/AVR8/EndpointStream_AVR8.o
 .debug_aranges
                0x0000000000000b00       0x40 .build/obj_preonic_default/protocol/lufa/LUFA-git/LUFA/Drivers/USB/Core/AVR8/Endpoint_AVR8.o
 .debug_aranges
                0x0000000000000b40       0x30 .build/obj_preonic_default/protocol/lufa/LUFA-git/LUFA/Drivers/USB/Core/AVR8/USBController_AVR8.o
 .debug_aranges
                0x0000000000000b70       0x38 .build/obj_preonic_default/protocol/lufa/LUFA-git/LUFA/Drivers/USB/Core/AVR8/USBInterrupt_AVR8.o
 .debug_aranges
                0x0000000000000ba8       0x20 .build/obj_preonic_default/protocol/lufa/LUFA-git/LUFA/Drivers/USB/Core/DeviceStandardReq.o
 .debug_aranges
                0x0000000000000bc8       0x20 .build/obj_preonic_default/protocol/lufa/LUFA-git/LUFA/Drivers/USB/Core/Events.o
 .debug_aranges
                0x0000000000000be8       0x20 .build/obj_preonic_default/protocol/lufa/LUFA-git/LUFA/Drivers/USB/Core/USBTask.o

.debug_pubnames
 *(.debug_pubnames)

.debug_info     0x0000000000000000    0x12911
 *(.debug_info .gnu.linkonce.wi.*)
 .debug_info    0x0000000000000000      0x9f4 /usr/local/Cellar/avr-gcc/4.9.3/lib/gcc/avr/4.9.3/../../../../avr/lib/avr5/crtm32u4.o
 .debug_info    0x00000000000009f4       0xc3 .build/obj_preonic_default/keyboards/preonic/preonic.o
 .debug_info    0x0000000000000ab7     0x113c .build/obj_preonic_default/keyboards/preonic/keymaps/default/keymap.o
 .debug_info    0x0000000000001bf3     0x13d1 .build/obj_preonic_default/quantum/quantum.o
 .debug_info    0x0000000000002fc4     0x11db .build/obj_preonic_default/quantum/keymap_common.o
 .debug_info    0x000000000000419f      0x5ec .build/obj_preonic_default/quantum/keycode_config.o
 .debug_info    0x000000000000478b      0x5ba .build/obj_preonic_default/quantum/process_keycode/process_leader.o
 .debug_info    0x0000000000004d45      0x652 .build/obj_preonic_default/quantum/matrix.o
 .debug_info    0x0000000000005397      0xd0d .build/obj_preonic_default/quantum/process_keycode/process_music.o
 .debug_info    0x00000000000060a4      0x856 .build/obj_preonic_default/quantum/audio/audio.o
 .debug_info    0x00000000000068fa      0x212 .build/obj_preonic_default/quantum/audio/voices.o
 .debug_info    0x0000000000006b0c       0xbe .build/obj_preonic_default/quantum/audio/luts.o
 .debug_info    0x0000000000006bca      0x4bb .build/obj_preonic_default/common/host.o
 .debug_info    0x0000000000007085      0x444 .build/obj_preonic_default/common/keyboard.o
 .debug_info    0x00000000000074c9     0x196f .build/obj_preonic_default/common/action.o
 .debug_info    0x0000000000008e38      0xe03 .build/obj_preonic_default/common/action_tapping.o
 .debug_info    0x0000000000009c3b      0x83e .build/obj_preonic_default/common/action_macro.o
 .debug_info    0x000000000000a479      0x8a4 .build/obj_preonic_default/common/action_layer.o
 .debug_info    0x000000000000ad1d      0x8e2 .build/obj_preonic_default/common/action_util.o
 .debug_info    0x000000000000b5ff       0xfc .build/obj_preonic_default/common/debug.o
 .debug_info    0x000000000000b6fb      0x4fa .build/obj_preonic_default/common/eeconfig.o
 .debug_info    0x000000000000bbf5      0x358 .build/obj_preonic_default/common/avr/suspend.o
 .debug_info    0x000000000000bf4d      0x204 .build/obj_preonic_default/common/avr/timer.o
 .debug_info    0x000000000000c151      0x204 .build/obj_preonic_default/common/avr/bootloader.o
 .debug_info    0x000000000000c355      0x2c0 .build/obj_preonic_default/common/magic.o
 .debug_info    0x000000000000c615      0x63f .build/obj_preonic_default/common/mousekey.o
 .debug_info    0x000000000000cc54      0xa2a .build/obj_preonic_default/common/command.o
 .debug_info    0x000000000000d67e      0x26e .build/obj_preonic_default/common/backlight.o
 .debug_info    0x000000000000d8ec      0xfe4 .build/obj_preonic_default/lufa.o
 .debug_info    0x000000000000e8d0      0x7b8 .build/obj_preonic_default/descriptor.o
 .debug_info    0x000000000000f088       0xd2 .build/obj_preonic_default/protocol/lufa/LUFA-git/LUFA/Drivers/USB/Core/AVR8/Device_AVR8.o
 .debug_info    0x000000000000f15a     0x17d6 .build/obj_preonic_default/protocol/lufa/LUFA-git/LUFA/Drivers/USB/Core/AVR8/EndpointStream_AVR8.o
 .debug_info    0x0000000000010930      0x614 .build/obj_preonic_default/protocol/lufa/LUFA-git/LUFA/Drivers/USB/Core/AVR8/Endpoint_AVR8.o
 .debug_info    0x0000000000010f44      0x4cb .build/obj_preonic_default/protocol/lufa/LUFA-git/LUFA/Drivers/USB/Core/AVR8/USBController_AVR8.o
 .debug_info    0x000000000001140f      0x7c8 .build/obj_preonic_default/protocol/lufa/LUFA-git/LUFA/Drivers/USB/Core/AVR8/USBInterrupt_AVR8.o
 .debug_info    0x0000000000011bd7      0xa57 .build/obj_preonic_default/protocol/lufa/LUFA-git/LUFA/Drivers/USB/Core/DeviceStandardReq.o
 .debug_info    0x000000000001262e       0x78 .build/obj_preonic_default/protocol/lufa/LUFA-git/LUFA/Drivers/USB/Core/Events.o
 .debug_info    0x00000000000126a6      0x26b .build/obj_preonic_default/protocol/lufa/LUFA-git/LUFA/Drivers/USB/Core/USBTask.o

.debug_abbrev   0x0000000000000000     0x4d30
 *(.debug_abbrev)
 .debug_abbrev  0x0000000000000000      0x96a /usr/local/Cellar/avr-gcc/4.9.3/lib/gcc/avr/4.9.3/../../../../avr/lib/avr5/crtm32u4.o
 .debug_abbrev  0x000000000000096a       0x8a .build/obj_preonic_default/keyboards/preonic/preonic.o
 .debug_abbrev  0x00000000000009f4      0x242 .build/obj_preonic_default/keyboards/preonic/keymaps/default/keymap.o
 .debug_abbrev  0x0000000000000c36      0x370 .build/obj_preonic_default/quantum/quantum.o
 .debug_abbrev  0x0000000000000fa6      0x2a2 .build/obj_preonic_default/quantum/keymap_common.o
 .debug_abbrev  0x0000000000001248       0xd0 .build/obj_preonic_default/quantum/keycode_config.o
 .debug_abbrev  0x0000000000001318      0x150 .build/obj_preonic_default/quantum/process_keycode/process_leader.o
 .debug_abbrev  0x0000000000001468      0x28f .build/obj_preonic_default/quantum/matrix.o
 .debug_abbrev  0x00000000000016f7      0x218 .build/obj_preonic_default/quantum/process_keycode/process_music.o
 .debug_abbrev  0x000000000000190f      0x2aa .build/obj_preonic_default/quantum/audio/audio.o
 .debug_abbrev  0x0000000000001bb9      0x13f .build/obj_preonic_default/quantum/audio/voices.o
 .debug_abbrev  0x0000000000001cf8       0x66 .build/obj_preonic_default/quantum/audio/luts.o
 .debug_abbrev  0x0000000000001d5e      0x194 .build/obj_preonic_default/common/host.o
 .debug_abbrev  0x0000000000001ef2      0x232 .build/obj_preonic_default/common/keyboard.o
 .debug_abbrev  0x0000000000002124      0x331 .build/obj_preonic_default/common/action.o
 .debug_abbrev  0x0000000000002455      0x2d7 .build/obj_preonic_default/common/action_tapping.o
 .debug_abbrev  0x000000000000272c      0x192 .build/obj_preonic_default/common/action_macro.o
 .debug_abbrev  0x00000000000028be      0x243 .build/obj_preonic_default/common/action_layer.o
 .debug_abbrev  0x0000000000002b01      0x2f9 .build/obj_preonic_default/common/action_util.o
 .debug_abbrev  0x0000000000002dfa       0x87 .build/obj_preonic_default/common/debug.o
 .debug_abbrev  0x0000000000002e81       0xef .build/obj_preonic_default/common/eeconfig.o
 .debug_abbrev  0x0000000000002f70      0x20f .build/obj_preonic_default/common/avr/suspend.o
 .debug_abbrev  0x000000000000317f      0x11e .build/obj_preonic_default/common/avr/timer.o
 .debug_abbrev  0x000000000000329d      0x15c .build/obj_preonic_default/common/avr/bootloader.o
 .debug_abbrev  0x00000000000033f9      0x123 .build/obj_preonic_default/common/magic.o
 .debug_abbrev  0x000000000000351c      0x1e9 .build/obj_preonic_default/common/mousekey.o
 .debug_abbrev  0x0000000000003705      0x288 .build/obj_preonic_default/common/command.o
 .debug_abbrev  0x000000000000398d      0x138 .build/obj_preonic_default/common/backlight.o
 .debug_abbrev  0x0000000000003ac5      0x414 .build/obj_preonic_default/lufa.o
 .debug_abbrev  0x0000000000003ed9      0x177 .build/obj_preonic_default/descriptor.o
 .debug_abbrev  0x0000000000004050       0x80 .build/obj_preonic_default/protocol/lufa/LUFA-git/LUFA/Drivers/USB/Core/AVR8/Device_AVR8.o
 .debug_abbrev  0x00000000000040d0      0x204 .build/obj_preonic_default/protocol/lufa/LUFA-git/LUFA/Drivers/USB/Core/AVR8/EndpointStream_AVR8.o
 .debug_abbrev  0x00000000000042d4      0x213 .build/obj_preonic_default/protocol/lufa/LUFA-git/LUFA/Drivers/USB/Core/AVR8/Endpoint_AVR8.o
 .debug_abbrev  0x00000000000044e7      0x196 .build/obj_preonic_default/protocol/lufa/LUFA-git/LUFA/Drivers/USB/Core/AVR8/USBController_AVR8.o
 .debug_abbrev  0x000000000000467d      0x23e .build/obj_preonic_default/protocol/lufa/LUFA-git/LUFA/Drivers/USB/Core/AVR8/USBInterrupt_AVR8.o
 .debug_abbrev  0x00000000000048bb      0x2c9 .build/obj_preonic_default/protocol/lufa/LUFA-git/LUFA/Drivers/USB/Core/DeviceStandardReq.o
 .debug_abbrev  0x0000000000004b84       0x44 .build/obj_preonic_default/protocol/lufa/LUFA-git/LUFA/Drivers/USB/Core/Events.o
 .debug_abbrev  0x0000000000004bc8      0x168 .build/obj_preonic_default/protocol/lufa/LUFA-git/LUFA/Drivers/USB/Core/USBTask.o

.debug_line     0x0000000000000000     0x61cd
 *(.debug_line .debug_line.* .debug_line_end)
 .debug_line    0x0000000000000000       0x1d /usr/local/Cellar/avr-gcc/4.9.3/lib/gcc/avr/4.9.3/../../../../avr/lib/avr5/crtm32u4.o
 .debug_line    0x000000000000001d      0x100 .build/obj_preonic_default/keyboards/preonic/preonic.o
 .debug_line    0x000000000000011d      0x290 .build/obj_preonic_default/keyboards/preonic/keymaps/default/keymap.o
 .debug_line    0x00000000000003ad      0x420 .build/obj_preonic_default/quantum/quantum.o
 .debug_line    0x00000000000007cd      0x26b .build/obj_preonic_default/quantum/keymap_common.o
 .debug_line    0x0000000000000a38       0xf1 .build/obj_preonic_default/quantum/keycode_config.o
 .debug_line    0x0000000000000b29      0x188 .build/obj_preonic_default/quantum/process_keycode/process_leader.o
 .debug_line    0x0000000000000cb1      0x285 .build/obj_preonic_default/quantum/matrix.o
 .debug_line    0x0000000000000f36      0x2c0 .build/obj_preonic_default/quantum/process_keycode/process_music.o
 .debug_line    0x00000000000011f6      0x39a .build/obj_preonic_default/quantum/audio/audio.o
 .debug_line    0x0000000000001590      0x153 .build/obj_preonic_default/quantum/audio/voices.o
 .debug_line    0x00000000000016e3       0x79 .build/obj_preonic_default/quantum/audio/luts.o
 .debug_line    0x000000000000175c      0x191 .build/obj_preonic_default/common/host.o
 .debug_line    0x00000000000018ed      0x1d7 .build/obj_preonic_default/common/keyboard.o
 .debug_line    0x0000000000001ac4      0x46d .build/obj_preonic_default/common/action.o
 .debug_line    0x0000000000001f31      0x2b0 .build/obj_preonic_default/common/action_tapping.o
 .debug_line    0x00000000000021e1      0x198 .build/obj_preonic_default/common/action_macro.o
 .debug_line    0x0000000000002379      0x225 .build/obj_preonic_default/common/action_layer.o
 .debug_line    0x000000000000259e      0x3d0 .build/obj_preonic_default/common/action_util.o
 .debug_line    0x000000000000296e       0x87 .build/obj_preonic_default/common/debug.o
 .debug_line    0x00000000000029f5      0x1a0 .build/obj_preonic_default/common/eeconfig.o
 .debug_line    0x0000000000002b95      0x261 .build/obj_preonic_default/common/avr/suspend.o
 .debug_line    0x0000000000002df6      0x12b .build/obj_preonic_default/common/avr/timer.o
 .debug_line    0x0000000000002f21      0x1fd .build/obj_preonic_default/common/avr/bootloader.o
 .debug_line    0x000000000000311e      0x13e .build/obj_preonic_default/common/magic.o